******************************************************************************
                  TI ARM Linker PC v15.12.4                    
******************************************************************************
>> Linked Fri Feb 24 18:30:25 2017

OUTPUT FILE NAME:   <DRV8711-RTOS.out>
ENTRY POINT SYMBOL: "_c_int00"  address: 00004b0d


MEMORY CONFIGURATION

         name            origin    length      used     unused   attr    fill
----------------------  --------  ---------  --------  --------  ----  --------
  MAIN                  00000000   00040000  00009040  00036fc0  R  X
  INFO                  00200000   00004000  00000000  00004000  R  X
  SRAM_CODE             01000000   00010000  00000000  00010000  RW X
  SRAM_DATA             20000000   00010000  0000164d  0000e9b3  RW  


SEGMENT ALLOCATION MAP

run origin  load origin   length   init length attrs members
----------  ----------- ---------- ----------- ----- -------
00000000    00000000    0000904c   0000904c    r-x
  00000000    00000000    0000003c   0000003c    r-- .resetVecs
  00000040    00000040    00006dd2   00006dd2    r-x .text
  00006e14    00006e14    00001e4e   00001e4e    r-- .const
  00008c68    00008c68    000003e4   000003e4    r-- .cinit
20000000    20000000    00000140   00000000    rw-
  20000000    20000000    00000140   00000000    rw- .vecs
20000200    20000200    0000120d   00000000    rw-
  20000200    20000200    00000d00   00000000    rw- .bss
  20000f00    20000f00    0000050d   00000000    rw- .data
2000fd00    2000fd00    00000300   00000000    rw-
  2000fd00    2000fd00    00000300   00000000    rw- .stack


SECTION ALLOCATION MAP

 output                                  attributes/
section   page    origin      length       input sections
--------  ----  ----------  ----------   ----------------
.text      0    00000040    00006dd2     
                  00000040    00000430     sysbios.aem4f : BIOS.obj (.text:ti_sysbios_family_arm_m3_Hwi_excDumpRegs__I)
                  00000470    0000034c     ti.targets.arm.rtsarm.aem4f : System.oem4f (.text:xdc_runtime_System_doPrint__I)
                  000007bc    00000324     rtsv7M4_T_le_v4SPD16_eabi.lib : trgdrv.obj (.text)
                  00000ae0    000002ac     sysbios.aem4f : BIOS.obj (.text:ti_sysbios_knl_Semaphore_pend__E)
                  00000d8c    00000264     main.obj (.text:MotorFxn)
                  00000ff0    00000264     drivers_MSP432P401R.aem4f : PowerMSP432.oem4f (.text:Power_sleep)
                  00001254    00000004     msp432p4xx_driverlib.lib : cpu.o (.text:CPU_wfi)
                  00001258    00000254     sysbios.aem4f : BIOS.obj (.text:ti_sysbios_heaps_HeapMem_free__E)
                  000014ac    00000004     msp432p4xx_driverlib.lib : spi.o (.text:EUSCI_A_SPI_getReceiveBufferAddressForDMA)
                  000014b0    00000248     sysbios.aem4f : BIOS.obj (.text:ti_sysbios_heaps_HeapMem_alloc__E)
                  000016f8    0000022c                   : BIOS.obj (.text:ti_sysbios_knl_Task_Instance_finalize__E)
                  00001924    00000004     msp432p4xx_driverlib.lib : spi.o (.text:EUSCI_A_SPI_getTransmitBufferAddressForDMA)
                  00001928    000001fc     sysbios.aem4f : BIOS.obj (.text:ti_sysbios_family_arm_m3_Hwi_excHandlerMax__I)
                  00001b24    000001e0     main.obj (.text:main)
                  00001d04    00000004     msp432p4xx_driverlib.lib : spi.o (.text:EUSCI_B_SPI_getReceiveBufferAddressForDMA)
                  00001d08    000001c8     sysbios.aem4f : BIOS.obj (.text:ti_sysbios_knl_Task_Instance_init__E)
                  00001ed0    000001b8                   : BIOS.obj (.text:ti_sysbios_knl_Task_sleep__E)
                  00002088    000001a0     msp432p4xx_driverlib.lib : pcm.o (.text:__PCM_setPowerStateAdvanced)
                  00002228    0000017c     drivers_MSP432P401R.aem4f : SPIMSP432DMA.oem4f (.text:SPIMSP432DMA_open)
                  000023a4    00000004     msp432p4xx_driverlib.lib : spi.o (.text:EUSCI_B_SPI_getTransmitBufferAddressForDMA)
                  000023a8    00000174     sysbios.aem4f : BIOS.obj (.text:ti_sysbios_family_arm_m3_Hwi_excBusFault__I)
                  0000251c    00000004     tirtosport.aem4f : HwiP_tirtos.oem4f (.text:HwiP_disable)
                  00002520    00000164     sysbios.aem4f : BIOS.obj (.text:ti_sysbios_family_arm_m3_Hwi_excUsageFault__I)
                  00002684    00000004     drivers_MSP432P401R.aem4f : List.oem4f (.text:List_head)
                  00002688    00000148     sysbios.aem4f : BIOS.obj (.text:ti_sysbios_family_arm_m3_Hwi_excMemFault__I)
                  000027d0    00000140     drivers_MSP432P401R.aem4f : GPIOMSP432.oem4f (.text:GPIO_setConfig)
                  00002910    0000013c     sysbios.aem4f : BIOS.obj (.text:ti_sysbios_heaps_HeapMem_Instance_init__E)
                  00002a4c    00000118     ti.targets.arm.rtsarm.aem4f : Error.oem4f (.text:xdc_runtime_Error_policyDefault__E)
                  00002b64    00000100                                 : Core-mem.oem4f (.text:xdc_runtime_Core_createObject__I)
                  00002c64    000000f8                                 : Startup.oem4f (.text:xdc_runtime_Startup_startMods__I)
                  00002d5c    000000f8     main_pem4f.oem4f (.text:xdc_runtime_System_printfExtend__I)
                  00002e54    000000f0     drivers_MSP432P401R.aem4f : PowerMSP432.oem4f (.text:initPerfControl)
                  00002f44    000000ec     sysbios.aem4f : m3_Hwi_asm.obj (.text:ti_sysbios_family_arm_m3_Hwi_dispatch__I)
                  00003030    000000ec                   : BIOS.obj (.text:ti_sysbios_knl_Semaphore_post__E)
                  0000311c    000000e1     main.obj (.text:SPI_DRV8711_ReadWrite)
                  000031fd    00000001     --HOLE-- [fill = 0]
                  000031fe    00000002     power_tirtos_MSP432P401R.aem4f : PowerMSP432_tirtos.oem4f (.text:PowerMSP432_initPolicy)
                  00003200    000000e0     msp432p4xx_driverlib.lib : cs.o (.text:CS_initClockSignal)
                  000032e0    000000dc                              : pcm.o (.text:__PCM_setPowerModeAdvanced)
                  000033bc    000000cc                              : dma.o (.text:DMA_assignChannel)
                  00003488    000000cc     ti.targets.arm.rtsarm.aem4f : Core-smem.oem4f (.text:xdc_runtime_Core_constructObject__I)
                  00003554    00000004     drivers_MSP432P401R.aem4f : List.oem4f (.text:List_next)
                  00003558    000000bc     sysbios.aem4f : BIOS.obj (.text:ti_sysbios_family_arm_m3_Hwi_excDebugMon__I)
                  00003614    00000004     drivers_MSP432P401R.aem4f : PowerMSP432.oem4f (.text:PowerMSP432_getNumPerfLevels)
                  00003618    000000bc     sysbios.aem4f : BIOS.obj (.text:ti_sysbios_family_arm_m3_Hwi_excHardFault__I)
                  000036d4    000000b4     drivers_MSP432P401R.aem4f : SPIMSP432DMA.oem4f (.text:configDMA)
                  00003788    000000b4     sysbios.aem4f : BIOS.obj (.text:ti_sysbios_gates_GateMutex_enter__E)
                  0000383c    00000004     main_pem4f.oem4f (.text:ti_sysbios_BIOS_RtsGateProxy_enter__E)
                  00003840    000000b4     sysbios.aem4f : BIOS.obj (.text:ti_sysbios_knl_Task_checkStacks__E)
                  000038f4    000000b0     msp432p4xx_driverlib.lib : pcm.o (.text:__PCM_setCoreVoltageLevelAdvanced)
                  000039a4    00000004     main_pem4f.oem4f (.text:ti_sysbios_BIOS_RtsGateProxy_leave__E)
                  000039a8    000000a8     sysbios.aem4f : BIOS.obj (.text:ti_sysbios_family_arm_msp432_Timer_periodicStub__E)
                  00003a50    000000a0     auto_init.aem4f : auto_init.oem4f (.text)
                  00003af0    000000a0     ti.targets.arm.rtsarm.aem4f : Text.oem4f (.text:xdc_runtime_Text_putMod__E)
                  00003b90    0000009c     rtsv7M4_T_le_v4SPD16_eabi.lib : memcpy_t2.obj (.text)
                  00003c2c    00000004     main_pem4f.oem4f (.text:ti_sysbios_family_arm_m3_Hwi_destruct)
                  00003c30    0000009c     sysbios.aem4f : BIOS.obj (.text:ti_sysbios_knl_Semaphore_Instance_init__E)
                  00003ccc    00000004     main_pem4f.oem4f (.text:ti_sysbios_family_arm_m3_TaskSupport_Module__startupDone__S)
                  00003cd0    0000009c     sysbios.aem4f : BIOS.obj (.text:ti_sysbios_knl_Task_postInit__I)
                  00003d6c    0000009a     ti.targets.arm.rtsarm.aem4f : Text.oem4f (.text:xdc_runtime_Text_putSite__E)
                  00003e06    00000002     drivers_MSP432P401R.aem4f : SPIMSP432DMA.oem4f (.text:SPIMSP432DMA_serviceISR)
                  00003e08    00000094     sysbios.aem4f : BIOS.obj (.text:ti_sysbios_family_arm_m3_Hwi_Instance_init__E)
                  00003e9c    00000004     main_pem4f.oem4f (.text:ti_sysbios_heaps_HeapMem_Module_GateProxy_enter__E)
                  00003ea0    00000094     sysbios.aem4f : BIOS.obj (.text:ti_sysbios_family_arm_m3_Hwi_initNVIC__E)
                  00003f34    0000008c                   : m3_TaskSupport_asm.obj (.text:ti_sysbios_family_arm_m3_TaskSupport_buildTaskStack)
                  00003fc0    00000088     msp432p4xx_driverlib.lib : spi.o (.text:SPI_initMaster)
                  00004048    00000088     sysbios.aem4f : BIOS.obj (.text:ti_sysbios_family_arm_msp432_Timer_Module_startup__E)
                  000040d0    00000084                   : BIOS.obj (.text:ti_sysbios_family_arm_m3_Hwi_postInit__I)
                  00004154    00000080     msp432p4xx_driverlib.lib : dma.o (.text:DMA_setChannelTransfer)
                  000041d4    0000007c                              : pcm.o (.text:PCM_gotoLPM3)
                  00004250    0000007a     rtsv7M4_T_le_v4SPD16_eabi.lib : memset_t2.obj (.text)
                  000042ca    00000002                                   : i_div0.obj (.text)
                  000042cc    0000006d     ti.targets.arm.rtsarm.aem4f : System.oem4f (.text:xdc_runtime_System_formatNum__I)
                  00004339    00000001     --HOLE-- [fill = 0]
                  0000433a    00000006     drivers_MSP432P401R.aem4f : SPIMSP432DMA.oem4f (.text:SPIMSP432DMA_control)
                  00004340    0000006c     sysbios.aem4f : BIOS.obj (.text:ti_sysbios_knl_Clock_workFunc__E)
                  000043ac    00000004     main_pem4f.oem4f (.text:ti_sysbios_heaps_HeapMem_Module_GateProxy_leave__E)
                  000043b0    0000006c     sysbios.aem4f : BIOS.obj (.text:ti_sysbios_knl_Swi_restoreHwi__E)
                  0000441c    00000004     main_pem4f.oem4f (.text:ti_sysbios_knl_Clock_TimerProxy_getMaxTicks__E)
                  00004420    0000006c     sysbios.aem4f : BIOS.obj (.text:ti_sysbios_knl_Task_exit__E)
                  0000448c    0000006c     ti.targets.arm.rtsarm.aem4f : Error.oem4f (.text:xdc_runtime_Error_print__E)
                  000044f8    0000006c                                 : Memory.oem4f (.text:xdc_runtime_Memory_alloc__E)
                  00004564    0000006a     rtsv7M4_T_le_v4SPD16_eabi.lib : copy_decompress_rle.obj (.text)
                  000045ce    00000002     main_pem4f.oem4f (.text:ti_sysbios_BIOS_nullFunc__I)
                  000045d0    00000068     rtsv7M4_T_le_v4SPD16_eabi.lib : trgmsg.obj (.text)
                  00004638    00000066     ti.targets.arm.rtsarm.aem4f : Core-mem.oem4f (.text:xdc_runtime_Core_deleteObject__I)
                  0000469e    00000002     --HOLE-- [fill = 0]
                  000046a0    00000064     sysbios.aem4f : BIOS.obj (.text:ti_sysbios_family_arm_m3_Hwi_dispatchC__I)
                  00004704    00000062     tirtosport.aem4f : HwiP_tirtos.oem4f (.text:HwiP_create)
                  00004766    00000002     --HOLE-- [fill = 0]
                  00004768    00000060     sysbios.aem4f : BIOS.obj (.text:ti_sysbios_knl_Task_schedule__I)
                  000047c8    0000005c     drivers_MSP432P401R.aem4f : GPIOMSP432.oem4f (.text:GPIO_init)
                  00004824    00000004     main_pem4f.oem4f (.text:ti_sysbios_knl_Queue_destruct)
                  00004828    0000005c     sysbios.aem4f : BIOS.obj (.text:ti_sysbios_knl_Swi_run__I)
                  00004884    00000004     main_pem4f.oem4f (.text:ti_sysbios_knl_Semaphore_destruct)
                  00004888    0000005c     sysbios.aem4f : BIOS.obj (.text:ti_sysbios_knl_Swi_schedule__I)
                  000048e4    00000004     ti.targets.arm.rtsarm.aem4f : Error.oem4f (.text:xdc_runtime_Error_getSite__E)
                  000048e8    0000005c     sysbios.aem4f : BIOS.obj (.text:ti_sysbios_knl_Task_Module_startup__E)
                  00004944    00000004     main_pem4f.oem4f (.text:xdc_runtime_System_Module_GateProxy_enter__E)
                  00004948    0000005c     sysbios.aem4f : BIOS.obj (.text:ti_sysbios_knl_Task_startCore__E)
                  000049a4    0000005b     ti.targets.arm.rtsarm.aem4f : Text.oem4f (.text:xdc_runtime_Text_putLab__E)
                  000049ff    00000001     --HOLE-- [fill = 0]
                  00004a00    0000005a     drivers_MSP432P401R.aem4f : SPIMSP432DMA.oem4f (.text:SPIMSP432DMA_close)
                  00004a5a    00000058                               : SPIMSP432DMA.oem4f (.text:SPIMSP432DMA_transfer)
                  00004ab2    00000058     tirtosport.aem4f : SemaphoreP_tirtos.oem4f (.text:SemaphoreP_create)
                  00004b0a    00000002     --HOLE-- [fill = 0]
                  00004b0c    00000058     boot.aem4f : boot.oem4f (.text)
                  00004b64    00000058     main_pem4f.oem4f (.text:ti_sysbios_family_arm_m3_Hwi_construct)
                  00004bbc    00000058     sysbios.aem4f : m3_Hwi_asm_switch.obj (.text:ti_sysbios_family_arm_m3_Hwi_initStacks__E)
                  00004c14    00000054     drivers_MSP432P401R.aem4f : GPIOMSP432.oem4f (.text:GPIO_hwiIntFxn)
                  00004c68    00000054                               : GPIOMSP432.oem4f (.text:GPIO_setCallback)
                  00004cbc    00000054     rtsv7M4_T_le_v4SPD16_eabi.lib : exit.obj (.text)
                  00004d10    00000054     sysbios.aem4f : BIOS.obj (.text:ti_sysbios_family_arm_msp432_Timer_initDevice__I)
                  00004d64    00000004     main_pem4f.oem4f (.text:xdc_runtime_System_Module_GateProxy_leave__E)
                  00004d68    00000054     sysbios.aem4f : BIOS.obj (.text:ti_sysbios_family_arm_msp432_init_Boot_configureClocksHigh)
                  00004dbc    00000054     main_pem4f.oem4f (.text:ti_sysbios_knl_Task_construct)
                  00004e10    00000054     ti.targets.arm.rtsarm.aem4f : Assert.oem4f (.text:xdc_runtime_Assert_raise__I)
                  00004e64    00000050     drivers_MSP432P401R.aem4f : GPIOMSP432.oem4f (.text:GPIO_write)
                  00004eb4    00000050     msp432p4xx_driverlib.lib : pcm.o (.text:PCM_shutdownDevice)
                  00004f04    00000004     ti.targets.arm.rtsarm.aem4f : System.oem4f (.text:xdc_runtime_System_aprintf_va__F)
                  00004f08    00000050     sysbios.aem4f : BIOS.obj (.text:ti_sysbios_family_arm_m3_Hwi_Module_startup__E)
                  00004f58    00000050     ti.targets.arm.rtsarm.aem4f : Startup.oem4f (.text:xdc_runtime_Startup_exec__E)
                  00004fa8    00000050                                 : Text.oem4f (.text:xdc_runtime_Text_visitRope2__I)
                  00004ff8    0000004c     MSP_EXP432P401R.obj (.text:MSP_EXP432P401R_initSPI)
                  00005044    0000004c     drivers_MSP432P401R.aem4f : UDMAMSP432.oem4f (.text:UDMAMSP432_open)
                  00005090    0000004c     rtsv7M4_T_le_v4SPD16_eabi.lib : cpy_tbl.obj (.text)
                  000050dc    00000004     ti.targets.arm.rtsarm.aem4f : System.oem4f (.text:xdc_runtime_System_printf_va__F)
                  000050e0    0000004c     sysbios.aem4f : BIOS.obj (.text:ti_sysbios_family_arm_msp432_Timer_start__E)
                  0000512c    00000004     --HOLE-- [fill = 0]
                  00005130    0000004c                   : BIOS.obj (.text:ti_sysbios_heaps_HeapMem_getStats__E)
                  0000517c    00000004     --HOLE-- [fill = 0]
                  00005180    0000004c                   : BIOS.obj (.text:ti_sysbios_knl_Swi_runLoop__I)
                  000051cc    00000004     --HOLE-- [fill = 0]
                  000051d0    0000004c                   : BIOS.obj (.text:ti_sysbios_knl_Task_allBlockedFunction__I)
                  0000521c    0000004a     drivers_MSP432P401R.aem4f : SPIMSP432DMA.oem4f (.text:initHw)
                  00005266    00000002     --HOLE-- [fill = 0]
                  00005268    00000048     msp432p4xx_driverlib.lib : dma.o (.text:DMA_assignInterrupt)
                  000052b0    00000048     sysbios.aem4f : BIOS.obj (.text:ti_sysbios_family_arm_m3_Hwi_disableInterrupt__E)
                  000052f8    00000048                   : BIOS.obj (.text:ti_sysbios_family_arm_m3_Hwi_enableInterrupt__E)
                  00005340    00000048                   : BIOS.obj (.text:ti_sysbios_family_arm_m3_Hwi_excReserved__I)
                  00005388    00000046     ti.targets.arm.rtsarm.aem4f : Core-params.oem4f (.text:xdc_runtime_Core_assignParams__I)
                  000053ce    00000002     --HOLE-- [fill = 0]
                  000053d0    00000044     drivers_MSP432P401R.aem4f : PowerMSP432.oem4f (.text:Power_init)
                  00005414    00000004     --HOLE-- [fill = 0]
                  00005418    00000044     sysbios.aem4f : BIOS.obj (.text:ti_sysbios_family_arm_m3_Hwi_getStackInfo__E)
                  0000545c    00000004     --HOLE-- [fill = 0]
                  00005460    00000044                   : BIOS.obj (.text:ti_sysbios_knl_Swi_post__E)
                  000054a4    00000044     ti.targets.arm.rtsarm.aem4f : Error.oem4f (.text:xdc_runtime_Error_setX__E)
                  000054e8    00000044                                 : SysMin.oem4f (.text:xdc_runtime_SysMin_flush__E)
                  0000552c    00000044                                 : Text.oem4f (.text:xdc_runtime_Text_xprintf__I)
                  00005570    00000040     msp432p4xx_driverlib.lib : flash.o (.text:FlashCtl_disableReadBuffering)
                  000055b0    00000040     drivers_MSP432P401R.aem4f : UDMAMSP432.oem4f (.text:UDMAMSP432_init)
                  000055f0    00000040                               : PowerMSP432.oem4f (.text:notify)
                  00005630    00000040     rtsv7M4_T_le_v4SPD16_eabi.lib : u_divt2.obj (.text)
                  00005670    00000040     sysbios.aem4f : BIOS.obj (.text:ti_sysbios_family_arm_msp432_Timer_startup__E)
                  000056b0    0000003c     msp432p4xx_driverlib.lib : dma.o (.text:DMA_enableInterrupt)
                  000056ec    0000003c     power_tirtos_MSP432P401R.aem4f : PowerMSP432_tirtos.oem4f (.text:PowerMSP432_sleepPolicy)
                  00005728    0000003c     sysbios.aem4f : BIOS.obj (.text:ti_sysbios_family_arm_m3_Hwi_excSvCall__I)
                  00005764    00000004     --HOLE-- [fill = 0]
                  00005768    0000003c                   : BIOS.obj (.text:ti_sysbios_heaps_HeapMem_init__I)
                  000057a4    00000004     --HOLE-- [fill = 0]
                  000057a8    0000003c                   : BIOS.obj (.text:ti_sysbios_knl_Swi_restore__E)
                  000057e4    0000003a     drivers_MSP432P401R.aem4f : SPIMSP432DMA.oem4f (.text:SPIMSP432DMA_hwiFxn)
                  0000581e    00000002     --HOLE-- [fill = 0]
                  00005820    00000038                               : SPI.oem4f (.text:SPI_init)
                  00005858    00000038     sysbios.aem4f : BIOS.obj (.text:ti_sysbios_family_arm_m3_Hwi_excNoIsr__I)
                  00005890    00000038                   : BIOS.obj (.text:ti_sysbios_knl_Task_processVitalTaskFlag__I)
                  000058c8    00000038     ti.targets.arm.rtsarm.aem4f : SysMin.oem4f (.text:xdc_runtime_SysMin_putch__E)
                  00005900    00000038                                 : System.oem4f (.text:xdc_runtime_System_atexit__E)
                  00005938    00000034     msp432p4xx_driverlib.lib : flash.o (.text:FlashCtl_enableReadBuffering)
                  0000596c    00000004     --HOLE-- [fill = 0]
                  00005970    00000034     sysbios.aem4f : BIOS.obj (.text:ti_sysbios_family_arm_m3_Hwi_Instance_finalize__E)
                  000059a4    00000004     --HOLE-- [fill = 0]
                  000059a8    00000034                   : BIOS.obj (.text:ti_sysbios_family_arm_m3_Hwi_excNmi__I)
                  000059dc    00000004     --HOLE-- [fill = 0]
                  000059e0    00000034                   : BIOS.obj (.text:ti_sysbios_hal_Hwi_checkStack)
                  00005a14    00000034     ti.targets.arm.rtsarm.aem4f : Core-label.oem4f (.text:xdc_runtime_Core_assignLabel__I)
                  00005a48    00000033                                 : Text.oem4f (.text:xdc_runtime_Text_printVisFxn__I)
                  00005a7b    00000001     --HOLE-- [fill = 0]
                  00005a7c    00000032     msp432p4xx_driverlib.lib : spi.o (.text:SPI_initSlave)
                  00005aae    00000002     --HOLE-- [fill = 0]
                  00005ab0    00000032     sysbios.aem4f : BIOS.obj (.text:ti_sysbios_hal_Hwi_initStack)
                  00005ae2    00000002     --HOLE-- [fill = 0]
                  00005ae4    00000030     msp432p4xx_driverlib.lib : gpio.o (.text:GPIO_getEnabledInterruptStatus)
                  00005b14    00000030                              : gpio.o (.text:GPIO_setAsInputPinWithPullDownResistor)
                  00005b44    00000030                              : gpio.o (.text:GPIO_setAsInputPinWithPullUpResistor)
                  00005b74    00000030     drivers_MSP432P401R.aem4f : SPI.oem4f (.text:SPI_open)
                  00005ba4    00000030     msp432p4xx_driverlib.lib : spi.o (.text:is_A_Module)
                  00005bd4    00000030     main_pem4f.oem4f (.text:ti_sysbios_BIOS_atExitFunc__I)
                  00005c04    00000030     main_pem4f.oem4f (.text:ti_sysbios_BIOS_startFunc__I)
                  00005c34    00000004     --HOLE-- [fill = 0]
                  00005c38    00000030     sysbios.aem4f : BIOS.obj (.text:ti_sysbios_family_arm_m3_TaskSupport_start__E)
                  00005c68    00000030     main_pem4f.oem4f (.text:ti_sysbios_gates_GateHwi_Object__create__S)
                  00005c98    00000030     main_pem4f.oem4f (.text:ti_sysbios_gates_GateMutex_Object__create__S)
                  00005cc8    00000030     main_pem4f.oem4f (.text:ti_sysbios_heaps_HeapMem_Object__create__S)
                  00005cf8    00000030     main_pem4f.oem4f (.text:ti_sysbios_knl_Semaphore_construct)
                  00005d28    00000030     sysbios.aem4f : BIOS.obj (.text:ti_sysbios_knl_Semaphore_pendTimeout__I)
                  00005d58    00000030                   : BIOS.obj (.text:ti_sysbios_knl_Task_unblockI__E)
                  00005d88    00000030     ti.targets.arm.rtsarm.aem4f : SysMin.oem4f (.text:xdc_runtime_SysMin_abort__E)
                  00005db8    00000030                                 : System.oem4f (.text:xdc_runtime_System_processAtExit__E)
                  00005de8    0000002c     msp432p4xx_driverlib.lib : gpio.o (.text:GPIO_setAsInputPin)
                  00005e14    0000002c                              : pcm.o (.text:PCM_getCoreVoltageLevel)
                  00005e40    0000002c     power_tirtos_MSP432P401R.aem4f : PowerMSP432_tirtos.oem4f (.text:PowerMSP432_updateFreqs)
                  00005e6c    0000002c     drivers_MSP432P401R.aem4f : PowerMSP432.oem4f (.text:Power_releaseConstraint)
                  00005e98    0000002c                               : PowerMSP432.oem4f (.text:Power_setConstraint)
                  00005ec4    0000002c     main_pem4f.oem4f (.text:ti_sysbios_knl_Clock_doTick__I)
                  00005ef0    0000002c     main_pem4f.oem4f (.text:ti_sysbios_knl_Queue_construct)
                  00005f1c    00000004     --HOLE-- [fill = 0]
                  00005f20    0000002c     sysbios.aem4f : BIOS.obj (.text:ti_sysbios_knl_Task_restore__E)
                  00005f4c    0000002c     ti.targets.arm.rtsarm.aem4f : Text.oem4f (.text:xdc_runtime_Text_cordText__E)
                  00005f78    0000002a     msp432p4xx_driverlib.lib : pcm.o (.text:PCM_getPowerMode)
                  00005fa2    0000002a     drivers_MSP432P401R.aem4f : SPIMSP432DMA.oem4f (.text:perfChangeNotifyFxn)
                  00005fcc    0000002a     ti.targets.arm.rtsarm.aem4f : System.oem4f (.text:xdc_runtime_System_putchar__I)
                  00005ff6    00000002     --HOLE-- [fill = 0]
                  00005ff8    00000028     msp432p4xx_driverlib.lib : flash.o (.text:FlashCtl_setWaitState)
                  00006020    00000028                              : pcm.o (.text:PCM_gotoLPM0)
                  00006048    00000028     sysbios.aem4f : BIOS.obj (.text:ti_sysbios_knl_Clock_addI__E)
                  00006070    00000028                   : BIOS.obj (.text:ti_sysbios_knl_Swi_Module_startup__E)
                  00006098    00000026     drivers_MSP432P401R.aem4f : List.oem4f (.text:List_put)
                  000060be    00000026     sysbios.aem4f : m3_Hwi_asm.obj (.text:ti_sysbios_family_arm_m3_Hwi_pendSV__I)
                  000060e4    00000026     ti.targets.arm.rtsarm.aem4f : System.oem4f (.text:xdc_runtime_System_avprintf__E)
                  0000610a    00000002     --HOLE-- [fill = 0]
                  0000610c    00000024     msp432p4xx_driverlib.lib : cs.o (.text:CS_setDCOCenteredFrequency)
                  00006130    00000024                              : dma.o (.text:DMA_setChannelControl)
                  00006154    00000024                              : gpio.o (.text:GPIO_setAsOutputPin)
                  00006178    00000024                              : rtc_c.o (.text:RTC_C_holdClock)
                  0000619c    00000024                              : rtc_c.o (.text:RTC_C_startClock)
                  000061c0    00000024     main_pem4f.oem4f (.text:ti_sysbios_BIOS_errorRaiseHook__I)
                  000061e4    00000024     main_pem4f.oem4f (.text:ti_sysbios_BIOS_registerRTSLock__I)
                  00006208    00000024     main_pem4f.oem4f (.text:ti_sysbios_BIOS_removeRTSLock__I)
                  0000622c    00000004     --HOLE-- [fill = 0]
                  00006230    00000024     sysbios.aem4f : BIOS.obj (.text:ti_sysbios_family_arm_msp432_ClockFreqs_setFrequency__E)
                  00006254    00000024     main_pem4f.oem4f (.text:ti_sysbios_gates_GateMutex_Object__delete__S)
                  00006278    00000024     sysbios.aem4f : BIOS.obj (.text:ti_sysbios_knl_Clock_Module_startup__E)
                  0000629c    00000004     --HOLE-- [fill = 0]
                  000062a0    00000024                   : BIOS.obj (.text:ti_sysbios_knl_Task_restoreHwi__E)
                  000062c4    00000024     ti.targets.arm.rtsarm.aem4f : System.oem4f (.text:xdc_runtime_System_vprintf__E)
                  000062e8    00000022     main_pem4f.oem4f (.text:xdc_runtime_SysMin_output__I)
                  0000630a    00000002     --HOLE-- [fill = 0]
                  0000630c    00000020     msp432p4xx_driverlib.lib : gpio.o (.text:GPIO_interruptEdgeSelect)
                  0000632c    00000020     drivers_MSP432P401R.aem4f : PowerMSP432.oem4f (.text:PowerMSP432_getFreqs)
                  0000634c    00000020                               : PowerMSP432.oem4f (.text:Power_unregisterNotify)
                  0000636c    00000020                               : UDMAMSP432.oem4f (.text:UDMAMSP432_close)
                  0000638c    00000020     main_pem4f.oem4f (.text:ti_sysbios_BIOS_rtsLock__I)
                  000063ac    00000020     sysbios.aem4f : m3_Hwi_asm.obj (.text:ti_sysbios_family_arm_m3_Hwi_excHandlerAsm__I)
                  000063cc    00000004     --HOLE-- [fill = 0]
                  000063d0    00000020                   : BIOS.obj (.text:ti_sysbios_family_arm_m3_Hwi_excHandler__I)
                  000063f0    00000020     main_pem4f.oem4f (.text:ti_sysbios_gates_GateHwi_Object__delete__S)
                  00006410    00000020     main_pem4f.oem4f (.text:ti_sysbios_heaps_HeapMem_Object__delete__S)
                  00006430    00000020     sysbios.aem4f : BIOS.obj (.text:ti_sysbios_knl_Idle_run__E)
                  00006450    00000020     main_pem4f.oem4f (.text:ti_sysbios_knl_Semaphore_Object__destruct__S)
                  00006470    00000020     ti.targets.arm.rtsarm.aem4f : Registry.oem4f (.text:xdc_runtime_Registry_findById__E)
                  00006490    00000020                                 : SysMin.oem4f (.text:xdc_runtime_SysMin_Module_startup__E)
                  000064b0    0000001e     sysbios.aem4f : m3_Hwi_asm_switch.obj (.text:ti_sysbios_family_xxx_Hwi_switchAndRunFunc)
                  000064ce    00000002     --HOLE-- [fill = 0]
                  000064d0    0000001c     msp432p4xx_driverlib.lib : pcm.o (.text:PCM_enableRudeMode)
                  000064ec    0000001c     drivers_MSP432P401R.aem4f : PowerMSP432.oem4f (.text:Power_registerNotify)
                  00006508    0000001c     MSP_EXP432P401R.obj (.text:dmaErrorHwi)
                  00006524    0000001c     main_pem4f.oem4f (.text:ti_sysbios_family_arm_m3_Hwi_Object__destruct__S)
                  00006540    0000001c     sysbios.aem4f : BIOS.obj (.text:ti_sysbios_gates_GateMutex_Instance_init__E)
                  0000655c    0000001c     main_pem4f.oem4f (.text:ti_sysbios_knl_Queue_Object__destruct__S)
                  00006578    0000001c     sysbios.aem4f : BIOS.obj (.text:ti_sysbios_knl_Queue_put__E)
                  00006594    00000004     --HOLE-- [fill = 0]
                  00006598    0000001c                   : BIOS.obj (.text:ti_sysbios_knl_Task_enter__I)
                  000065b4    0000001c     ti.targets.arm.rtsarm.aem4f : Error.oem4f (.text:xdc_runtime_Error_raiseX__E)
                  000065d0    0000001c                                 : Memory.oem4f (.text:xdc_runtime_Memory_valloc__E)
                  000065ec    0000001c                                 : SysMin.oem4f (.text:xdc_runtime_SysMin_exit__E)
                  00006608    0000001c                                 : System.oem4f (.text:xdc_runtime_System_abort__E)
                  00006624    0000001a     drivers_MSP432P401R.aem4f : List.oem4f (.text:List_remove)
                  0000663e    0000001a     msp432p4xx_driverlib.lib : spi.o (.text:SPI_disableModule)
                  00006658    0000001a                              : spi.o (.text:SPI_enableModule)
                  00006672    0000001a                              : spi.o (.text:SPI_getReceiveBufferAddressForDMA)
                  0000668c    0000001a                              : spi.o (.text:SPI_getTransmitBufferAddressForDMA)
                  000066a6    0000001a     main_pem4f.oem4f (.text:ti_sysbios_family_arm_m3_Hwi_Handle__label__S)
                  000066c0    0000001a     main_pem4f.oem4f (.text:ti_sysbios_gates_GateHwi_Handle__label__S)
                  000066da    0000001a     main_pem4f.oem4f (.text:ti_sysbios_gates_GateMutex_Handle__label__S)
                  000066f4    0000001a     main_pem4f.oem4f (.text:ti_sysbios_heaps_HeapMem_Handle__label__S)
                  0000670e    0000001a     main_pem4f.oem4f (.text:ti_sysbios_knl_Swi_Handle__label__S)
                  00006728    0000001a     main_pem4f.oem4f (.text:ti_sysbios_knl_Task_Handle__label__S)
                  00006742    0000001a     main_pem4f.oem4f (.text:xdc_runtime_System_aprintf__E)
                  0000675c    0000001a     main_pem4f.oem4f (.text:xdc_runtime_System_printf__E)
                  00006776    00000002     --HOLE-- [fill = 0]
                  00006778    00000018     msp432p4xx_driverlib.lib : dma.o (.text:DMA_clearInterruptFlag)
                  00006790    00000018                              : dma.o (.text:DMA_enableChannel)
                  000067a8    00000018                              : dma.o (.text:DMA_isChannelEnabled)
                  000067c0    00000018                              : gpio.o (.text:GPIO_clearInterruptFlag)
                  000067d8    00000018                              : gpio.o (.text:GPIO_setDriveStrengthLow)
                  000067f0    00000018                              : gpio.o (.text:GPIO_setOutputLowOnPin)
                  00006808    00000018     drivers_MSP432P401R.aem4f : SPIMSP432DMA.oem4f (.text:SPIMSP432DMA_transferCancel)
                  00006820    00000018     msp432p4xx_driverlib.lib : wdt_a.o (.text:WDT_A_holdTimer)
                  00006838    00000018     rtsv7M4_T_le_v4SPD16_eabi.lib : args_main.obj (.text)
                  00006850    00000018     main_pem4f.oem4f (.text:ti_sysbios_BIOS_rtsUnlock__I)
                  00006868    00000018     main_pem4f.oem4f (.text:ti_sysbios_family_arm_m3_Hwi_Module__startupDone__F)
                  00006880    00000018     sysbios.aem4f : m3_TaskSupport_asm.obj (.text:ti_sysbios_family_arm_m3_TaskSupport_swap__E)
                  00006898    00000018     main_pem4f.oem4f (.text:ti_sysbios_family_arm_msp432_Timer_Module__startupDone__F)
                  000068b0    00000018     sysbios.aem4f : BIOS.obj (.text:ti_sysbios_gates_GateMutex_leave__E)
                  000068c8    00000018                   : BIOS.obj (.text:ti_sysbios_knl_Task_sleepTimeout__I)
                  000068e0    00000018     ti.targets.arm.rtsarm.aem4f : Error.oem4f (.text:xdc_runtime_Error_check__E)
                  000068f8    00000018                                 : System.oem4f (.text:xdc_runtime_System_exit__E)
                  00006910    00000018                                 : Text.oem4f (.text:xdc_runtime_Text_ropeText__E)
                  00006928    00000016     tirtosport.aem4f : HwiP_tirtos.oem4f (.text:HwiP_delete)
                  0000693e    00000016                      : SemaphoreP_tirtos.oem4f (.text:SemaphoreP_delete)
                  00006954    00000016     main_pem4f.oem4f (.text:ti_sysbios_BIOS_exitFunc__I)
                  0000696a    00000016     main.obj (.text:ti_sysbios_knl_Task_Params_init)
                  00006980    00000014     msp432p4xx_driverlib.lib : gpio.o (.text:GPIO_setDriveStrengthHigh)
                  00006994    00000014                              : gpio.o (.text:GPIO_setOutputHighOnPin)
                  000069a8    00000014     drivers_MSP432P401R.aem4f : PowerMSP432.oem4f (.text:Power_idleFunc)
                  000069bc    00000014     msp432p4xx_driverlib.lib : wdt_a.o (.text:WDT_A_startTimer)
                  000069d0    00000014     rtsv7M4_T_le_v4SPD16_eabi.lib : _lock.obj (.text)
                  000069e4    00000014                                   : strcpy.obj (.text)
                  000069f8    00000014                                   : strlen.obj (.text)
                  00006a0c    00000014     main_pem4f.oem4f (.text:ti_sysbios_family_arm_m3_Hwi_Object__get__S)
                  00006a20    00000014     sysbios.aem4f : BIOS.obj (.text:ti_sysbios_family_arm_m3_Hwi_switchFromBootStack__E)
                  00006a34    00000014     main_pem4f.oem4f (.text:ti_sysbios_heaps_HeapMem_Object__get__S)
                  00006a48    00000014     main_pem4f.oem4f (.text:ti_sysbios_knl_Swi_Object__get__S)
                  00006a5c    00000012     tirtosport.aem4f : SemaphoreP_tirtos.oem4f (.text:SemaphoreP_pend)
                  00006a6e    00000002     --HOLE-- [fill = 0]
                  00006a70    00000012     sysbios.aem4f : BIOS.obj (.text:ti_sysbios_hal_Hwi_Module_startup__E)
                  00006a82    00000012     main_pem4f.oem4f (.text:xdc_runtime_Startup_exec__I)
                  00006a94    00000010     msp432p4xx_driverlib.lib : dma.o (.text:DMA_enableModule)
                  00006aa4    00000010                              : gpio.o (.text:GPIO_getInterruptStatus)
                  00006ab4    00000010                              : pcm.o (.text:PCM_gotoLPM4)
                  00006ac4    00000004     --HOLE-- [fill = 0]
                  00006ac8    00000010     sysbios.aem4f : BIOS.obj (.text:ti_sysbios_BIOS_setCpuFreq__E)
                  00006ad8    00000010                   : BIOS.obj (.text:ti_sysbios_BIOS_setThreadType__E)
                  00006ae8    00000010                   : BIOS.obj (.text:ti_sysbios_BIOS_start__E)
                  00006af8    00000010                   : m3_TaskSupport_asm.obj (.text:ti_sysbios_family_arm_m3_TaskSupport_glue)
                  00006b08    00000010                   : BIOS.obj (.text:ti_sysbios_family_arm_msp432_init_Boot_disableWatchdog)
                  00006b18    00000010                   : BIOS.obj (.text:ti_sysbios_gates_GateMutex_Instance_finalize__E)
                  00006b28    00000010                   : BIOS.obj (.text:ti_sysbios_knl_Semaphore_Instance_finalize__E)
                  00006b38    00000010                   : BIOS.obj (.text:ti_sysbios_knl_Swi_disable__E)
                  00006b48    00000010     main_pem4f.oem4f (.text:ti_sysbios_knl_Task_Object__get__S)
                  00006b58    00000010     sysbios.aem4f : BIOS.obj (.text:ti_sysbios_knl_Task_disable__E)
                  00006b68    00000010     ti.targets.arm.rtsarm.aem4f : Gate.oem4f (.text:xdc_runtime_Gate_leaveSystem__E)
                  00006b78    00000010                                 : Memory.oem4f (.text:xdc_runtime_Memory_free__E)
                  00006b88    00000010                                 : SysMin.oem4f (.text:xdc_runtime_SysMin_ready__E)
                  00006b98    00000010                                 : System.oem4f (.text:xdc_runtime_System_vsnprintf__E)
                  00006ba8    00000010     main_pem4f.oem4f (.text:xdc_runtime_Text_visitRope__I)
                  00006bb8    0000000e     tirtosport.aem4f : HwiP_tirtos.oem4f (.text:HwiP_Params_init)
                  00006bc6    0000000e     rtsv7M4_T_le_v4SPD16_eabi.lib : copy_decompress_none.obj (.text:decompress:none)
                  00006bd4    00000004     --HOLE-- [fill = 0]
                  00006bd8    0000000e     sysbios.aem4f : BIOS.obj (.text:ti_sysbios_knl_Idle_loop__E)
                  00006be6    00000002     --HOLE-- [fill = 0]
                  00006be8    0000000e                   : BIOS.obj (.text:ti_sysbios_knl_Queue_empty__E)
                  00006bf6    0000000c     main_pem4f.oem4f (.text:.bootCodeSection:ti_sysbios_family_arm_msp432_init_Boot_init__I)
                  00006c02    0000000c     msp432p4xx_driverlib.lib : cpu.o (.text:CPU_cpsid)
                  00006c0e    0000000c                              : cpu.o (.text:CPU_cpsie)
                  00006c1a    00000002     --HOLE-- [fill = 0]
                  00006c1c    0000000c                              : dma.o (.text:DMA_setControlBase)
                  00006c28    0000000c                              : spi.o (.text:EUSCI_A_SPI_disable)
                  00006c34    0000000c                              : spi.o (.text:EUSCI_A_SPI_enable)
                  00006c40    0000000c                              : spi.o (.text:EUSCI_B_SPI_disable)
                  00006c4c    0000000c                              : spi.o (.text:EUSCI_B_SPI_enable)
                  00006c58    0000000c                              : pcm.o (.text:PCM_getPowerState)
                  00006c64    0000000c     drivers_MSP432P401R.aem4f : PowerMSP432.oem4f (.text:Power_getConstraintMask)
                  00006c70    0000000c                               : PowerMSP432.oem4f (.text:Power_getPerformanceLevel)
                  00006c7c    0000000c     main_pem4f.oem4f (.text:ti_sysbios_family_arm_m3_Hwi_Params__init__S)
                  00006c88    0000000c     sysbios.aem4f : BIOS.obj (.text:ti_sysbios_family_arm_m3_Hwi_disableFxn__E)
                  00006c94    00000004     --HOLE-- [fill = 0]
                  00006c98    0000000c                   : BIOS.obj (.text:ti_sysbios_family_arm_m3_TaskSupport_checkStack__E)
                  00006ca4    00000004     --HOLE-- [fill = 0]
                  00006ca8    0000000c                   : BIOS.obj (.text:ti_sysbios_family_arm_m3_TaskSupport_getStackAlignment__E)
                  00006cb4    00000004     --HOLE-- [fill = 0]
                  00006cb8    0000000c                   : BIOS.obj (.text:ti_sysbios_family_arm_msp432_Timer_getMaxTicks__E)
                  00006cc4    00000004     --HOLE-- [fill = 0]
                  00006cc8    0000000c                   : BIOS.obj (.text:ti_sysbios_gates_GateHwi_enter__E)
                  00006cd4    0000000c     main_pem4f.oem4f (.text:ti_sysbios_knl_Queue_Object__get__S)
                  00006ce0    0000000c     main_pem4f.oem4f (.text:ti_sysbios_knl_Semaphore_Params__init__S)
                  00006cec    0000000c     main_pem4f.oem4f (.text:ti_sysbios_knl_Task_Params__init__S)
                  00006cf8    0000000c     ti.targets.arm.rtsarm.aem4f : Error.oem4f (.text:xdc_runtime_Error_init__E)
                  00006d04    0000000c                                 : Gate.oem4f (.text:xdc_runtime_Gate_enterSystem__E)
                  00006d10    0000000c                                 : Memory.oem4f (.text:xdc_runtime_Memory_calloc__E)
                  00006d1c    0000000c                                 : Memory.oem4f (.text:xdc_runtime_Memory_getMaxDefaultTypeAlign__E)
                  00006d28    0000000c                                 : Startup.oem4f (.text:xdc_runtime_Startup_rtsDone__E)
                  00006d34    0000000a     drivers_MSP432P401R.aem4f : SPIMSP432DMA.oem4f (.text:SPIMSP432DMA_init)
                  00006d3e    0000000a                               : SPI.oem4f (.text:SPI_transfer)
                  00006d48    0000000a     tirtosport.aem4f : SemaphoreP_tirtos.oem4f (.text:SemaphoreP_post)
                  00006d52    0000000a     main_pem4f.oem4f (.text:xdc_runtime_IHeap_alloc)
                  00006d5c    0000000a     main_pem4f.oem4f (.text:xdc_runtime_IHeap_free)
                  00006d66    00000008     MSP_EXP432P401R.obj (.text:MSP_EXP432P401R_initGPIO)
                  00006d6e    00000008     MSP_EXP432P401R.obj (.text:MSP_EXP432P401R_initGeneral)
                  00006d76    00000008     msp432p4xx_driverlib.lib : pcm.o (.text:PCM_setPowerMode)
                  00006d7e    00000008                              : pcm.o (.text:PCM_setPowerState)
                  00006d86    00000008     tirtosport.aem4f : SemaphoreP_tirtos.oem4f (.text:SemaphoreP_Params_init)
                  00006d8e    00000008     drivers_MSP432P401R.aem4f : SPIMSP432DMA.oem4f (.text:blockingTransferCallback)
                  00006d96    00000002     --HOLE-- [fill = 0]
                  00006d98    00000008     sysbios.aem4f : BIOS.obj (.text:ti_sysbios_family_arm_m3_Hwi_doSwiRestore__I)
                  00006da0    00000008                   : BIOS.obj (.text:ti_sysbios_family_arm_m3_Hwi_startup__E)
                  00006da8    00000006     rtsv7M4_T_le_v4SPD16_eabi.lib : copy_decompress_rle.obj (.text:decompress:rle24)
                  00006dae    00000002     --HOLE-- [fill = 0]
                  00006db0    00000006     sysbios.aem4f : BIOS.obj (.text:ti_sysbios_family_arm_m3_Hwi_doTaskRestore__I)
                  00006db6    00000002     --HOLE-- [fill = 0]
                  00006db8    00000006                   : BIOS.obj (.text:ti_sysbios_family_arm_m3_Hwi_restoreFxn__E)
                  00006dbe    00000002     --HOLE-- [fill = 0]
                  00006dc0    00000006                   : BIOS.obj (.text:ti_sysbios_gates_GateHwi_leave__E)
                  00006dc6    00000002     --HOLE-- [fill = 0]
                  00006dc8    00000006                   : BIOS.obj (.text:ti_sysbios_heaps_HeapMem_isBlocking__E)
                  00006dce    00000002     --HOLE-- [fill = 0]
                  00006dd0    00000006                   : BIOS.obj (.text:ti_sysbios_knl_Queue_Instance_init__E)
                  00006dd6    00000002     --HOLE-- [fill = 0]
                  00006dd8    00000006                   : BIOS.obj (.text:ti_sysbios_knl_Swi_startup__E)
                  00006dde    00000006     ti.targets.arm.rtsarm.aem4f : System.oem4f (.text:xdc_runtime_System_Module_startup__E)
                  00006de4    00000004     --HOLE-- [fill = 0]
                  00006de8    00000004     sysbios.aem4f : BIOS.obj (.text:ti_sysbios_gates_GateHwi_query__E)
                  00006dec    00000004     --HOLE-- [fill = 0]
                  00006df0    00000004                   : BIOS.obj (.text:ti_sysbios_gates_GateMutex_query__E)
                  00006df4    00000004     --HOLE-- [fill = 0]
                  00006df8    00000004                   : BIOS.obj (.text:ti_sysbios_knl_Task_startup__E)
                  00006dfc    00000004     --HOLE-- [fill = 0]
                  00006e00    00000002                   : BIOS.obj (.text:ti_sysbios_BIOS_linkedWithIncorrectBootLibrary__E)
                  00006e02    00000006     --HOLE-- [fill = 0]
                  00006e08    00000002                   : BIOS.obj (.text:ti_sysbios_gates_GateHwi_Instance_init__E)
                  00006e0a    00000006     --HOLE-- [fill = 0]
                  00006e10    00000002                   : BIOS.obj (.text:ti_sysbios_knl_Clock_logTick__E)

.const     0    00006e14    00001e4e     
                  00006e14    0000181b     main_pem4f.oem4f (.const:xdc_runtime_Text_charTab__A)
                  0000862f    00000001     main_pem4f.oem4f (.const:xdc_runtime_Error_policy__C)
                  00008630    000000b0     main_pem4f.oem4f (.const:xdc_runtime_Text_nodeTab__A)
                  000086e0    00000048     main_pem4f.oem4f (.const:.string)
                  00008728    0000003c     main_pem4f.oem4f (.const:ti_sysbios_knl_Task_Object__PARAMS__C)
                  00008764    00000030     MSP_EXP432P401R.obj (.const:spiMSP432DMAHWAttrs)
                  00008794    00000030     main_pem4f.oem4f (.const:ti_sysbios_family_arm_m3_Hwi_Object__PARAMS__C)
                  000087c4    00000028     drivers_MSP432P401R.aem4f : SPIMSP432DMA.oem4f (.const)
                  000087ec    00000028     main_pem4f.oem4f (.const:ti_sysbios_heaps_HeapMem_Module__FXNS__C)
                  00008814    00000024     MSP_EXP432P401R.obj (.const:SPI_config)
                  00008838    00000024     main_pem4f.oem4f (.const:ti_sysbios_gates_GateHwi_Module__FXNS__C)
                  0000885c    00000024     main_pem4f.oem4f (.const:ti_sysbios_gates_GateMutex_Module__FXNS__C)
                  00008880    00000024     main_pem4f.oem4f (.const:ti_sysbios_heaps_HeapMem_Object__PARAMS__C)
                  000088a4    00000024     main_pem4f.oem4f (.const:ti_sysbios_knl_Semaphore_Object__PARAMS__C)
                  000088c8    00000020     drivers_MSP432P401R.aem4f : SPI.oem4f (.const)
                  000088e8    00000020     main_pem4f.oem4f (.const:ti_sysbios_family_arm_m3_Hwi_Object__DESC__C)
                  00008908    00000020     main_pem4f.oem4f (.const:ti_sysbios_gates_GateHwi_Object__DESC__C)
                  00008928    00000020     main_pem4f.oem4f (.const:ti_sysbios_gates_GateMutex_Object__DESC__C)
                  00008948    00000020     main_pem4f.oem4f (.const:ti_sysbios_heaps_HeapMem_Object__DESC__C)
                  00008968    00000020     main_pem4f.oem4f (.const:ti_sysbios_knl_Queue_Object__DESC__C)
                  00008988    00000020     main_pem4f.oem4f (.const:ti_sysbios_knl_Semaphore_Object__DESC__C)
                  000089a8    00000020     main_pem4f.oem4f (.const:ti_sysbios_knl_Task_Object__DESC__C)
                  000089c8    00000020     main_pem4f.oem4f (.const:xdc_runtime_Startup_sfxnTab__A)
                  000089e8    00000018     main_pem4f.oem4f (.const:ti_sysbios_gates_GateHwi_Object__PARAMS__C)
                  00008a00    00000018     main_pem4f.oem4f (.const:ti_sysbios_gates_GateMutex_Object__PARAMS__C)
                  00008a18    00000018     main_pem4f.oem4f (.const:ti_sysbios_knl_Queue_Object__PARAMS__C)
                  00008a30    00000014     MSP_EXP432P401R.obj (.const:GPIOMSP432_config)
                  00008a44    00000010     MSP_EXP432P401R.obj (.const:PowerMSP432_config)
                  00008a54    00000010     main_pem4f.oem4f (.const:xdc_runtime_Startup_sfxnRts__A)
                  00008a64    0000000c     drivers_MSP432P401R.aem4f : GPIOMSP432.oem4f (.const:.string)
                  00008a70    0000000c     MSP_EXP432P401R.obj (.const:udmaMSP432HWAttrs)
                  00008a7c    0000000c     main_pem4f.oem4f (.const:xdc_runtime_Startup_firstFxns__A)
                  00008a88    00000008     MSP_EXP432P401R.obj (.const:UDMAMSP432_config)
                  00008a90    00000008     main_pem4f.oem4f (.const:ti_sysbios_family_arm_m3_Hwi_excHookFuncs__A)
                  00008a98    00000008     main_pem4f.oem4f (.const:ti_sysbios_knl_Idle_funcList__A)
                  00008aa0    00000008     main_pem4f.oem4f (.const:ti_sysbios_knl_Idle_funcList__C)
                  00008aa8    00000008     main_pem4f.oem4f (.const:xdc_runtime_Startup_firstFxns__C)
                  00008ab0    00000008     main_pem4f.oem4f (.const:xdc_runtime_Startup_lastFxns__C)
                  00008ab8    00000004     main_pem4f.oem4f (.const:ti_sysbios_family_arm_m3_Hwi_E_NMI__C)
                  00008abc    00000004     main_pem4f.oem4f (.const:ti_sysbios_family_arm_m3_Hwi_E_alreadyDefined__C)
                  00008ac0    00000004     main_pem4f.oem4f (.const:ti_sysbios_family_arm_m3_Hwi_E_busFault__C)
                  00008ac4    00000004     main_pem4f.oem4f (.const:ti_sysbios_family_arm_m3_Hwi_E_debugMon__C)
                  00008ac8    00000004     main_pem4f.oem4f (.const:ti_sysbios_family_arm_m3_Hwi_E_hardFault__C)
                  00008acc    00000004     main_pem4f.oem4f (.const:ti_sysbios_family_arm_m3_Hwi_E_memFault__C)
                  00008ad0    00000004     main_pem4f.oem4f (.const:ti_sysbios_family_arm_m3_Hwi_E_noIsr__C)
                  00008ad4    00000004     main_pem4f.oem4f (.const:ti_sysbios_family_arm_m3_Hwi_E_reserved__C)
                  00008ad8    00000004     main_pem4f.oem4f (.const:ti_sysbios_family_arm_m3_Hwi_E_svCall__C)
                  00008adc    00000004     main_pem4f.oem4f (.const:ti_sysbios_family_arm_m3_Hwi_E_usageFault__C)
                  00008ae0    00000004     main_pem4f.oem4f (.const:ti_sysbios_family_arm_m3_Hwi_NUM_INTERRUPTS__C)
                  00008ae4    00000004     main_pem4f.oem4f (.const:ti_sysbios_family_arm_m3_Hwi_Object__count__C)
                  00008ae8    00000004     main_pem4f.oem4f (.const:ti_sysbios_family_arm_m3_Hwi_ccr__C)
                  00008aec    00000004     main_pem4f.oem4f (.const:ti_sysbios_family_arm_m3_Hwi_excHandlerFunc__C)
                  00008af0    00000004     main_pem4f.oem4f (.const:ti_sysbios_family_arm_m3_Hwi_excHookFuncs__C)
                  00008af4    00000004     main_pem4f.oem4f (.const:ti_sysbios_family_arm_m3_Hwi_nullIsrFunc__C)
                  00008af8    00000004     main_pem4f.oem4f (.const:ti_sysbios_family_arm_m3_Hwi_priGroup__C)
                  00008afc    00000004     main_pem4f.oem4f (.const:ti_sysbios_family_arm_m3_TaskSupport_stackAlignment__C)
                  00008b00    00000004     main_pem4f.oem4f (.const:ti_sysbios_family_arm_msp432_Timer_numTimerDevices__C)
                  00008b04    00000004     main_pem4f.oem4f (.const:ti_sysbios_family_arm_msp432_Timer_startupNeeded__C)
                  00008b08    00000004     main_pem4f.oem4f (.const:ti_sysbios_gates_GateMutex_A_badContext__C)
                  00008b0c    00000004     main_pem4f.oem4f (.const:ti_sysbios_gates_GateMutex_Instance_State_sem__O)
                  00008b10    00000004     main_pem4f.oem4f (.const:ti_sysbios_gates_GateMutex_Module__diagsEnabled__C)
                  00008b14    00000004     main_pem4f.oem4f (.const:ti_sysbios_gates_GateMutex_Module__diagsIncluded__C)
                  00008b18    00000004     main_pem4f.oem4f (.const:ti_sysbios_gates_GateMutex_Module__diagsMask__C)
                  00008b1c    00000004     main_pem4f.oem4f (.const:ti_sysbios_hal_Hwi_E_stackOverflow__C)
                  00008b20    00000004     main_pem4f.oem4f (.const:ti_sysbios_heaps_HeapMem_A_align__C)
                  00008b24    00000004     main_pem4f.oem4f (.const:ti_sysbios_heaps_HeapMem_A_heapSize__C)
                  00008b28    00000004     main_pem4f.oem4f (.const:ti_sysbios_heaps_HeapMem_A_invalidFree__C)
                  00008b2c    00000004     main_pem4f.oem4f (.const:ti_sysbios_heaps_HeapMem_A_zeroBlock__C)
                  00008b30    00000004     main_pem4f.oem4f (.const:ti_sysbios_heaps_HeapMem_E_memory__C)
                  00008b34    00000004     main_pem4f.oem4f (.const:ti_sysbios_heaps_HeapMem_Module__diagsEnabled__C)
                  00008b38    00000004     main_pem4f.oem4f (.const:ti_sysbios_heaps_HeapMem_Module__diagsIncluded__C)
                  00008b3c    00000004     main_pem4f.oem4f (.const:ti_sysbios_heaps_HeapMem_Module__diagsMask__C)
                  00008b40    00000004     main_pem4f.oem4f (.const:ti_sysbios_heaps_HeapMem_Module__gateObj__C)
                  00008b44    00000004     main_pem4f.oem4f (.const:ti_sysbios_heaps_HeapMem_Object__count__C)
                  00008b48    00000004     main_pem4f.oem4f (.const:ti_sysbios_heaps_HeapMem_reqAlign__C)
                  00008b4c    00000004     main_pem4f.oem4f (.const:ti_sysbios_knl_Clock_Module_State_clockQ__O)
                  00008b50    00000004     main_pem4f.oem4f (.const:ti_sysbios_knl_Semaphore_A_badContext__C)
                  00008b54    00000004     main_pem4f.oem4f (.const:ti_sysbios_knl_Semaphore_A_noEvents__C)
                  00008b58    00000004     main_pem4f.oem4f (.const:ti_sysbios_knl_Semaphore_A_overflow__C)
                  00008b5c    00000004     main_pem4f.oem4f (.const:ti_sysbios_knl_Semaphore_A_pendTaskDisabled__C)
                  00008b60    00000004     main_pem4f.oem4f (.const:ti_sysbios_knl_Semaphore_Instance_State_pendQ__O)
                  00008b64    00000004     main_pem4f.oem4f (.const:ti_sysbios_knl_Semaphore_Module__diagsEnabled__C)
                  00008b68    00000004     main_pem4f.oem4f (.const:ti_sysbios_knl_Semaphore_Module__diagsIncluded__C)
                  00008b6c    00000004     main_pem4f.oem4f (.const:ti_sysbios_knl_Semaphore_Module__diagsMask__C)
                  00008b70    00000004     main_pem4f.oem4f (.const:ti_sysbios_knl_Swi_Object__count__C)
                  00008b74    00000004     main_pem4f.oem4f (.const:ti_sysbios_knl_Task_A_badPriority__C)
                  00008b78    00000004     main_pem4f.oem4f (.const:ti_sysbios_knl_Task_A_badTaskState__C)
                  00008b7c    00000004     main_pem4f.oem4f (.const:ti_sysbios_knl_Task_A_badThreadType__C)
                  00008b80    00000004     main_pem4f.oem4f (.const:ti_sysbios_knl_Task_A_badTimeout__C)
                  00008b84    00000004     main_pem4f.oem4f (.const:ti_sysbios_knl_Task_A_noPendElem__C)
                  00008b88    00000004     main_pem4f.oem4f (.const:ti_sysbios_knl_Task_A_sleepTaskDisabled__C)
                  00008b8c    00000004     main_pem4f.oem4f (.const:ti_sysbios_knl_Task_E_spOutOfBounds__C)
                  00008b90    00000004     main_pem4f.oem4f (.const:ti_sysbios_knl_Task_E_stackOverflow__C)
                  00008b94    00000004     main_pem4f.oem4f (.const:ti_sysbios_knl_Task_Module_State_inactiveQ__O)
                  00008b98    00000004     main_pem4f.oem4f (.const:ti_sysbios_knl_Task_Module__diagsEnabled__C)
                  00008b9c    00000004     main_pem4f.oem4f (.const:ti_sysbios_knl_Task_Module__diagsIncluded__C)
                  00008ba0    00000004     main_pem4f.oem4f (.const:ti_sysbios_knl_Task_Module__diagsMask__C)
                  00008ba4    00000004     main_pem4f.oem4f (.const:ti_sysbios_knl_Task_Object__count__C)
                  00008ba8    00000004     main_pem4f.oem4f (.const:ti_sysbios_knl_Task_allBlockedFunc__C)
                  00008bac    00000004     main_pem4f.oem4f (.const:ti_sysbios_knl_Task_defaultStackHeap__C)
                  00008bb0    00000004     main_pem4f.oem4f (.const:ti_sysbios_knl_Task_defaultStackSize__C)
                  00008bb4    00000004     main_pem4f.oem4f (.const:ti_sysbios_knl_Task_numConstructedTasks__C)
                  00008bb8    00000004     main_pem4f.oem4f (.const:xdc_runtime_Assert_E_assertFailed__C)
                  00008bbc    00000004     main_pem4f.oem4f (.const:xdc_runtime_Core_A_initializedParams__C)
                  00008bc0    00000004     main_pem4f.oem4f (.const:xdc_runtime_Core_Module__diagsEnabled__C)
                  00008bc4    00000004     main_pem4f.oem4f (.const:xdc_runtime_Core_Module__diagsIncluded__C)
                  00008bc8    00000004     main_pem4f.oem4f (.const:xdc_runtime_Core_Module__diagsMask__C)
                  00008bcc    00000004     main_pem4f.oem4f (.const:xdc_runtime_Error_E_memory__C)
                  00008bd0    00000004     main_pem4f.oem4f (.const:xdc_runtime_Error_Module__diagsEnabled__C)
                  00008bd4    00000004     main_pem4f.oem4f (.const:xdc_runtime_Error_Module__diagsIncluded__C)
                  00008bd8    00000004     main_pem4f.oem4f (.const:xdc_runtime_Error_Module__diagsMask__C)
                  00008bdc    00000004     main_pem4f.oem4f (.const:xdc_runtime_Error_Module__loggerFxn8__C)
                  00008be0    00000004     main_pem4f.oem4f (.const:xdc_runtime_Error_Module__loggerObj__C)
                  00008be4    00000004     main_pem4f.oem4f (.const:xdc_runtime_Error_policyFxn__C)
                  00008be8    00000004     main_pem4f.oem4f (.const:xdc_runtime_Error_raiseHook__C)
                  00008bec    00000004     main_pem4f.oem4f (.const:xdc_runtime_IGateProvider_Interface__BASE__C)
                  00008bf0    00000004     main_pem4f.oem4f (.const:xdc_runtime_IHeap_Interface__BASE__C)
                  00008bf4    00000004     main_pem4f.oem4f (.const:xdc_runtime_IModule_Interface__BASE__C)
                  00008bf8    00000004     main_pem4f.oem4f (.const:xdc_runtime_Log_L_error__C)
                  00008bfc    00000004     main_pem4f.oem4f (.const:xdc_runtime_Memory_defaultHeapInstance__C)
                  00008c00    00000004     main_pem4f.oem4f (.const:xdc_runtime_Startup_execImpl__C)
                  00008c04    00000004     main_pem4f.oem4f (.const:xdc_runtime_Startup_maxPasses__C)
                  00008c08    00000004     main_pem4f.oem4f (.const:xdc_runtime_Startup_sfxnRts__C)
                  00008c0c    00000004     main_pem4f.oem4f (.const:xdc_runtime_Startup_sfxnTab__C)
                  00008c10    00000004     main_pem4f.oem4f (.const:xdc_runtime_SysMin_bufSize__C)
                  00008c14    00000004     main_pem4f.oem4f (.const:xdc_runtime_SysMin_outputFunc__C)
                  00008c18    00000004     main_pem4f.oem4f (.const:xdc_runtime_System_Module__gateObj__C)
                  00008c1c    00000004     main_pem4f.oem4f (.const:xdc_runtime_System_abortFxn__C)
                  00008c20    00000004     main_pem4f.oem4f (.const:xdc_runtime_System_exitFxn__C)
                  00008c24    00000004     main_pem4f.oem4f (.const:xdc_runtime_System_extendFxn__C)
                  00008c28    00000004     main_pem4f.oem4f (.const:xdc_runtime_System_maxAtexitHandlers__C)
                  00008c2c    00000004     main_pem4f.oem4f (.const:xdc_runtime_Text_charTab__C)
                  00008c30    00000004     main_pem4f.oem4f (.const:xdc_runtime_Text_nameEmpty__C)
                  00008c34    00000004     main_pem4f.oem4f (.const:xdc_runtime_Text_nameStatic__C)
                  00008c38    00000004     main_pem4f.oem4f (.const:xdc_runtime_Text_nameUnknown__C)
                  00008c3c    00000004     main_pem4f.oem4f (.const:xdc_runtime_Text_nodeTab__C)
                  00008c40    00000004     main_pem4f.oem4f (.const:xdc_runtime_Text_visitRopeFxn__C)
                  00008c44    00000002     main_pem4f.oem4f (.const:ti_sysbios_family_arm_m3_Hwi_Module__id__C)
                  00008c46    00000002     main_pem4f.oem4f (.const:ti_sysbios_gates_GateMutex_Module__id__C)
                  00008c48    00000002     main_pem4f.oem4f (.const:ti_sysbios_hal_Hwi_Module__id__C)
                  00008c4a    00000002     main_pem4f.oem4f (.const:ti_sysbios_heaps_HeapMem_Module__id__C)
                  00008c4c    00000002     main_pem4f.oem4f (.const:ti_sysbios_knl_Semaphore_Module__id__C)
                  00008c4e    00000002     main_pem4f.oem4f (.const:ti_sysbios_knl_Task_Module__id__C)
                  00008c50    00000002     main_pem4f.oem4f (.const:xdc_runtime_Core_Module__id__C)
                  00008c52    00000002     main_pem4f.oem4f (.const:xdc_runtime_Error_Module__loggerDefined__C)
                  00008c54    00000002     main_pem4f.oem4f (.const:xdc_runtime_Error_maxDepth__C)
                  00008c56    00000002     main_pem4f.oem4f (.const:xdc_runtime_Memory_Module__id__C)
                  00008c58    00000002     main_pem4f.oem4f (.const:xdc_runtime_SysMin_flushAtExit__C)
                  00008c5a    00000002     main_pem4f.oem4f (.const:xdc_runtime_Text_charCnt__C)
                  00008c5c    00000002     main_pem4f.oem4f (.const:xdc_runtime_Text_isLoaded__C)
                  00008c5e    00000002     main_pem4f.oem4f (.const:xdc_runtime_Text_registryModsLastId__C)
                  00008c60    00000002     main_pem4f.oem4f (.const:xdc_runtime_Text_unnamedModsLastId__C)

.cinit     0    00008c68    000003e4     
                  00008c68    000003a3     (.cinit..data.load) [load image, compression = rle]
                  0000900b    00000005     --HOLE-- [fill = 0]
                  00009010    0000000b     (.cinit..bss.load) [load image, compression = rle]
                  0000901b    00000005     --HOLE-- [fill = 0]
                  00009020    0000000b     (.cinit..vecs.load) [load image, compression = rle]
                  0000902b    00000001     --HOLE-- [fill = 0]
                  0000902c    00000008     (__TI_handler_table)
                  00009034    00000018     (__TI_cinit_table)

.resetVecs 
*          0    00000000    0000003c     
                  00000000    0000003c     main_pem4f.oem4f (.resetVecs)

.vecs      0    20000000    00000140     UNINITIALIZED
                  20000000    00000140     main_pem4f.oem4f (.vecs)

.bss       0    20000200    00000d00     UNINITIALIZED
                  20000200    00000400     (.common:ti_sysbios_heaps_HeapMem_Instance_State_0_buf__A)
                  20000600    00000200     main_pem4f.oem4f (.bss:taskStackSection)
                  20000800    00000200     (.common:task0Stack)
                  20000a00    00000140     (.common:ti_sysbios_family_arm_m3_Hwi_dispatchTable)
                  20000b40    00000120     rtsv7M4_T_le_v4SPD16_eabi.lib : trgmsg.obj (.bss:_CIOBUF_)
                  20000c60    00000080     (.common:xdc_runtime_SysMin_Module_State_0_outbuf__A)
                  20000ce0    00000020     (.common:G_CTRL_REG)
                  20000d00    00000080     MSP_EXP432P401R.obj (.bss:dmaControlTable)
                  20000d80    00000070     (.common:spiMSP432DMAObjects)
                  20000df0    00000050     (.common:task0Struct)
                  20000e40    00000030     drivers_MSP432P401R.aem4f : GPIOMSP432.oem4f (.bss:gpioCallbackInfo)
                  20000e70    00000024     (.common:G_STATUS_REG)
                  20000e94    0000001c     (.common:G_DRIVE_REG)
                  20000eb0    00000010     (.common:G_STALL_REG)
                  20000ec0    0000000c     (.common:G_BLANK_REG)
                  20000ecc    0000000c     (.common:G_DECAY_REG)
                  20000ed8    0000000c     (.common:G_OFF_REG)
                  20000ee4    0000000c     (.common:G_TORQUE_REG)
                  20000ef0    00000008     rtsv7M4_T_le_v4SPD16_eabi.lib : trgdrv.obj (.bss:parmbuf)
                  20000ef8    00000008     (.common:udmaMSP432Object)

.data      0    20000f00    0000050d     UNINITIALIZED
                  20000f00    0000009c     drivers_MSP432P401R.aem4f : PowerMSP432.oem4f (.data:PowerMSP432_perfLevels)
                  20000f9c    00000080     main_pem4f.oem4f (.data:ti_sysbios_knl_Swi_Module_State_0_readyQ__A)
                  2000101c    00000080     main_pem4f.oem4f (.data:ti_sysbios_knl_Task_Module_State_0_readyQ__A)
                  2000109c    0000004c     main_pem4f.oem4f (.data:ti_sysbios_family_arm_msp432_Timer_Object__table__V)
                  200010e8    0000004c     main_pem4f.oem4f (.data:ti_sysbios_knl_Task_Object__table__V)
                  20001134    00000044     main_pem4f.oem4f (.data:ti_sysbios_knl_Task_Module__state__V)
                  20001178    00000038     main_pem4f.oem4f (.data:ti_sysbios_gates_GateMutex_Object__table__V)
                  200011b0    00000034     main_pem4f.oem4f (.data:ti_sysbios_family_arm_m3_Hwi_Module__state__V)
                  200011e4    00000030     msp432p4xx_driverlib.lib : gpio.o (.data:GPIO_PORT_TO_BASE)
                  20001214    00000030     main_pem4f.oem4f (.data:ti_sysbios_knl_Swi_Object__table__V)
                  20001244    0000002c     main_pem4f.oem4f (.data:ti_sysbios_knl_Clock_Module__state__V)
                  20001270    00000028     drivers_MSP432P401R.aem4f : PowerMSP432.oem4f (.data:PowerMSP432_module)
                  20001298    00000024     main_pem4f.oem4f (.data:ti_sysbios_BIOS_Module__state__V)
                  200012bc    00000020     main_pem4f.oem4f (.data:ti_sysbios_family_arm_msp432_Timer_Module_State_0_device__A)
                  200012dc    0000001c     main_pem4f.oem4f (.data:ti_sysbios_knl_Swi_Module__state__V)
                  200012f8    00000018     main_pem4f.oem4f (.data:ti_sysbios_family_arm_m3_Hwi_Object__table__V)
                  20001310    00000018     main_pem4f.oem4f (.data:ti_sysbios_heaps_HeapMem_Object__table__V)
                  20001328    00000014     MSP_EXP432P401R.obj (.data:gpioPinConfigs)
                  2000133c    00000010     main_pem4f.oem4f (.data:ti_sysbios_family_arm_msp432_Timer_Module_State_0_handles__A)
                  2000134c    0000000c     rtsv7M4_T_le_v4SPD16_eabi.lib : exit.obj (.data:$O1$$)
                  20001358    0000000c     main_pem4f.oem4f (.data:ti_sysbios_family_arm_msp432_ClockFreqs_Module__state__V)
                  20001364    0000000c     main_pem4f.oem4f (.data:ti_sysbios_family_arm_msp432_Timer_Module__state__V)
                  20001370    0000000c     main_pem4f.oem4f (.data:xdc_runtime_SysMin_Module__state__V)
                  2000137c    00000008     rtsv7M4_T_le_v4SPD16_eabi.lib : _lock.obj (.data:$O1$$)
                  20001384    00000008     drivers_MSP432P401R.aem4f : UDMAMSP432.oem4f (.data)
                  2000138c    00000008     MSP_EXP432P401R.obj (.data:gpioCallbackFunctions)
                  20001394    00000008     main_pem4f.oem4f (.data:ti_sysbios_family_arm_m3_Hwi_Module__root__V)
                  2000139c    00000008     main_pem4f.oem4f (.data:ti_sysbios_gates_GateHwi_Module__root__V)
                  200013a4    00000008     main_pem4f.oem4f (.data:ti_sysbios_gates_GateMutex_Module__root__V)
                  200013ac    00000008     main_pem4f.oem4f (.data:ti_sysbios_heaps_HeapMem_Module__root__V)
                  200013b4    00000008     main_pem4f.oem4f (.data:ti_sysbios_knl_Queue_Module__root__V)
                  200013bc    00000008     main_pem4f.oem4f (.data:ti_sysbios_knl_Semaphore_Module__root__V)
                  200013c4    00000008     main_pem4f.oem4f (.data:ti_sysbios_knl_Task_Module__root__V)
                  200013cc    00000008     main_pem4f.oem4f (.data:xdc_runtime_Registry_Module__state__V)
                  200013d4    00000008     main_pem4f.oem4f (.data:xdc_runtime_Startup_Module__state__V)
                  200013dc    00000008     main_pem4f.oem4f (.data:xdc_runtime_System_Module_State_0_atexitHandlers__A)
                  200013e4    00000008     main_pem4f.oem4f (.data:xdc_runtime_System_Module__state__V)
                  200013ec    00000004     drivers_MSP432P401R.aem4f : SPI.oem4f (.data)
                  200013f0    00000004     rtsv7M4_T_le_v4SPD16_eabi.lib : stkdepth_vars.obj (.data)
                  200013f4    00000004     main_pem4f.oem4f (.data:ti_sysbios_family_arm_m3_Hwi_Module_State_0_excContext__A)
                  200013f8    00000004     main_pem4f.oem4f (.data:ti_sysbios_family_arm_m3_Hwi_Module_State_0_excStack__A)
                  200013fc    00000004     main_pem4f.oem4f (.data:ti_sysbios_gates_GateHwi_Object__table__V)
                  20001400    00000004     main_pem4f.oem4f (.data:ti_sysbios_knl_Task_Module_State_0_idleTask__A)
                  20001404    00000004     main_pem4f.oem4f (.data:xdc_runtime_Memory_Module__state__V)
                  20001408    00000002     main_pem4f.oem4f (.data:ti_sysbios_family_arm_m3_Hwi_Module_State_0_excActive__A)
                  2000140a    00000002     main_pem4f.oem4f (.data:xdc_runtime_Error_Module__state__V)
                  2000140c    00000001     drivers_MSP432P401R.aem4f : GPIOMSP432.oem4f (.data)

.stack     0    2000fd00    00000300     UNINITIALIZED
                  2000fd00    00000300     --HOLE--

.bootVecs 
*          0    00000000    00000008     DSECT
                  00000000    00000008     boot.aem4f : boot.oem4f (.bootVecs)

xdc.meta   0    00000000    000000e8     COPY SECTION
                  00000000    000000e8     main_pem4f.oem4f (xdc.meta)

.binit     0    00000000    00000000     

MODULE SUMMARY

       Module                     code    ro data   rw data
       ------                     ----    -------   -------
    .\
       main.obj                   1339    0         752    
       MSP_EXP432P401R.obj        120     140       276    
    +--+--------------------------+-------+---------+---------+
       Total:                     1459    140       1028   
                                                           
    C:\Users\jalex_000\workspace_v6_2\DRV8711-RTOS\Debug\configPkg\package\cfg\
       main_pem4f.oem4f           1696    7594      3288   
    +--+--------------------------+-------+---------+---------+
       Total:                     1696    7594      3288   
                                                           
    C:/ti/tirex-content/tirtos_msp43x_2_20_00_06/products/msp432_driverlib_3_21_00_05/driverlib/MSP432P4xx/ccs/msp432p4xx_driverlib.lib
       pcm.o                      1214    0         0      
       dma.o                      600     0         0      
       gpio.o                     384     0         48     
       spi.o                      402     0         0      
       cs.o                       260     0         0      
       flash.o                    156     0         0      
       rtc_c.o                    72      0         0      
       wdt_a.o                    44      0         0      
       cpu.o                      28      0         0      
    +--+--------------------------+-------+---------+---------+
       Total:                     3160    0         48     
                                                           
    C:/ti/tirex-content/tirtos_msp43x_2_20_00_06/products/tidrivers_msp43x_2_20_00_08/packages/ti/drivers/lib/drivers_MSP432P401R.aem4f
       PowerMSP432.oem4f          1212    0         196    
       SPIMSP432DMA.oem4f         962     40        0      
       GPIOMSP432.oem4f           660     12        49     
       UDMAMSP432.oem4f           172     0         8      
       SPI.oem4f                  114     32        4      
       List.oem4f                 72      0         0      
    +--+--------------------------+-------+---------+---------+
       Total:                     3192    84        257    
                                                           
    C:/ti/tirex-content/tirtos_msp43x_2_20_00_06/products/tidrivers_msp43x_2_20_00_08/packages/ti/drivers/lib/power_tirtos_MSP432P401R.aem4f
       PowerMSP432_tirtos.oem4f   106     0         0      
    +--+--------------------------+-------+---------+---------+
       Total:                     106     0         0      
                                                           
    C:/ti/tirex-content/tirtos_msp43x_2_20_00_06/products/tidrivers_msp43x_2_20_00_08/packages/ti/drivers/ports/lib/tirtosport.aem4f
       SemaphoreP_tirtos.oem4f    146     0         0      
       HwiP_tirtos.oem4f          138     0         0      
    +--+--------------------------+-------+---------+---------+
       Total:                     284     0         0      
                                                           
    C:\Users\jalex_000\workspace_v6_2\DRV8711-RTOS\src\sysbios\sysbios.aem4f
       BIOS.obj                   11534   0         0      
       m3_Hwi_asm.obj             306     0         0      
       m3_TaskSupport_asm.obj     180     0         0      
       m3_Hwi_asm_switch.obj      118     0         0      
    +--+--------------------------+-------+---------+---------+
       Total:                     12138   0         0      
                                                           
    C:\ti\ccsv6\tools\compiler\ti-cgt-arm_15.12.4.LTS\lib\rtsv7M4_T_le_v4SPD16_eabi.lib
       trgdrv.obj                 804     0         8      
       trgmsg.obj                 104     0         288    
       memcpy_t2.obj              156     0         0      
       memset_t2.obj              122     0         0      
       copy_decompress_rle.obj    112     0         0      
       exit.obj                   84      0         12     
       cpy_tbl.obj                76      0         0      
       u_divt2.obj                64      0         0      
       _lock.obj                  20      0         8      
       args_main.obj              24      0         0      
       strcpy.obj                 20      0         0      
       strlen.obj                 20      0         0      
       copy_decompress_none.obj   14      0         0      
       stkdepth_vars.obj          0       0         4      
       i_div0.obj                 2       0         0      
    +--+--------------------------+-------+---------+---------+
       Total:                     1622    0         320    
                                                           
    C:\ti\tirex-content\tirtos_msp43x_2_20_00_06\products\bios_6_46_00_23\packages\ti\targets\arm\rtsarm\lib\auto_init.aem4f
       auto_init.oem4f            160     0         0      
    +--+--------------------------+-------+---------+---------+
       Total:                     160     0         0      
                                                           
    C:\ti\tirex-content\tirtos_msp43x_2_20_00_06\products\bios_6_46_00_23\packages\ti\targets\arm\rtsarm\lib\boot.aem4f
       boot.oem4f                 88      0         0      
    +--+--------------------------+-------+---------+---------+
       Total:                     88      0         0      
                                                           
    C:\ti\tirex-content\tirtos_msp43x_2_20_00_06\products\bios_6_46_00_23\packages\ti\targets\arm\rtsarm\lib\ti.targets.arm.rtsarm.aem4f
       System.oem4f               1255    0         0      
       Text.oem4f                 672     0         0      
       Error.oem4f                524     0         0      
       Core-mem.oem4f             358     0         0      
       Startup.oem4f              340     0         0      
       SysMin.oem4f               248     0         0      
       Core-smem.oem4f            204     0         0      
       Memory.oem4f               176     0         0      
       Assert.oem4f               84      0         0      
       Core-params.oem4f          70      0         0      
       Core-label.oem4f           52      0         0      
       Registry.oem4f             32      0         0      
       Gate.oem4f                 28      0         0      
    +--+--------------------------+-------+---------+---------+
       Total:                     4043    0         0      
                                                           
       Stack:                     0       0         768    
       Linker Generated:          0       985       0      
    +--+--------------------------+-------+---------+---------+
       Grand Total:               27948   8803      5709   


LINKER GENERATED COPY TABLES

__TI_cinit_table @ 00009034 records: 3, size/record: 8, table size: 24
	.data: load addr=00008c68, load size=000003a3 bytes, run addr=20000f00, run size=0000050d bytes, compression=rle
	.bss: load addr=00009010, load size=0000000b bytes, run addr=20000200, run size=00000d00 bytes, compression=rle
	.vecs: load addr=00009020, load size=0000000b bytes, run addr=20000000, run size=00000140 bytes, compression=rle


LINKER GENERATED HANDLER TABLE

__TI_handler_table @ 0000902c records: 2, size/record: 4, table size: 8
	index: 0, handler: __TI_decompress_rle24
	index: 1, handler: __TI_decompress_none


GLOBAL SYMBOLS: SORTED ALPHABETICALLY BY Name 

address   name                                                        
-------   ----                                                        
00004cbd  C$$EXIT                                                     
000045ff  C$$IO$$                                                     
00006c03  CPU_cpsid                                                   
00006c0f  CPU_cpsie                                                   
00001255  CPU_wfi                                                     
00003201  CS_initClockSignal                                          
0000610d  CS_setDCOCenteredFrequency                                  
000033bd  DMA_assignChannel                                           
00005269  DMA_assignInterrupt                                         
00006779  DMA_clearInterruptFlag                                      
00006791  DMA_enableChannel                                           
000056b1  DMA_enableInterrupt                                         
00006a95  DMA_enableModule                                            
000067a9  DMA_isChannelEnabled                                        
00006131  DMA_setChannelControl                                       
00004155  DMA_setChannelTransfer                                      
00006c1d  DMA_setControlBase                                          
00006c29  EUSCI_A_SPI_disable                                         
00006c35  EUSCI_A_SPI_enable                                          
000014ad  EUSCI_A_SPI_getReceiveBufferAddressForDMA                   
00001925  EUSCI_A_SPI_getTransmitBufferAddressForDMA                  
00006c41  EUSCI_B_SPI_disable                                         
00006c4d  EUSCI_B_SPI_enable                                          
00001d05  EUSCI_B_SPI_getReceiveBufferAddressForDMA                   
000023a5  EUSCI_B_SPI_getTransmitBufferAddressForDMA                  
00005571  FlashCtl_disableReadBuffering                               
00005939  FlashCtl_enableReadBuffering                                
00005ff9  FlashCtl_setWaitState                                       
00008a30  GPIOMSP432_config                                           
000067c1  GPIO_clearInterruptFlag                                     
00005ae5  GPIO_getEnabledInterruptStatus                              
00006aa5  GPIO_getInterruptStatus                                     
[...]
00006c89  ti_sysbios_hal_Hwi_HwiProxy_disable__E                      
00006c99  ti_sysbios_family_arm_m3_TaskSupport_checkStack__E          
00006c99  ti_sysbios_knl_Task_SupportProxy_checkStack__E              
00006ca9  ti_sysbios_family_arm_m3_TaskSupport_getStackAlignment__E   
00006ca9  ti_sysbios_knl_Task_SupportProxy_getStackAlignment__E       
00006cb9  ti_sysbios_family_arm_msp432_Timer_getMaxTicks__E           
00006cc9  ti_sysbios_gates_GateHwi_enter__E                           
00006cd5  ti_sysbios_knl_Queue_Object__get__S                         
00006ce1  ti_sysbios_knl_Semaphore_Params__init__S                    
00006ced  ti_sysbios_knl_Task_Params__init__S                         
00006cf9  xdc_runtime_Error_init__E                                   
00006d05  xdc_runtime_Gate_enterSystem__E                             
00006d11  xdc_runtime_Memory_calloc__E                                
00006d1d  xdc_runtime_Memory_getMaxDefaultTypeAlign__E                
00006d29  xdc_runtime_Startup_rtsDone__E                              
00006d35  SPIMSP432DMA_init                                           
00006d3f  SPI_transfer                                                
00006d49  SemaphoreP_post                                             
00006d49  SemaphoreP_postFromClock                                    
00006d49  SemaphoreP_postFromISR                                      
00006d53  xdc_runtime_Memory_HeapProxy_alloc__E                       
00006d5d  xdc_runtime_Memory_HeapProxy_free__E                        
00006d67  MSP_EXP432P401R_initGPIO                                    
00006d6f  MSP_EXP432P401R_initGeneral                                 
00006d77  PCM_setPowerMode                                            
00006d7f  PCM_setPowerState                                           
00006d87  SemaphoreP_Params_init                                      
00006d99  ti_sysbios_family_arm_m3_Hwi_doSwiRestore__I                
00006da1  ti_sysbios_family_arm_m3_Hwi_startup__E                     
00006da1  ti_sysbios_hal_Hwi_HwiProxy_startup__E                      
00006da9  __TI_decompress_rle24                                       
00006db1  ti_sysbios_family_arm_m3_Hwi_doTaskRestore__I               
00006db9  HwiP_restore                                                
00006db9  ti_sysbios_family_arm_m3_Hwi_restoreFxn__E                  
00006db9  ti_sysbios_hal_Hwi_HwiProxy_restore__E                      
00006dc1  ti_sysbios_gates_GateHwi_leave__E                           
00006dc9  ti_sysbios_heaps_HeapMem_isBlocking__E                      
00006dd1  ti_sysbios_knl_Queue_Instance_init__E                       
00006dd9  ti_sysbios_knl_Swi_startup__E                               
00006ddf  xdc_runtime_System_Module_startup__E                        
00006de9  ti_sysbios_gates_GateHwi_query__E                           
00006de9  xdc_runtime_Main_Module_GateProxy_query__E                  
00006de9  xdc_runtime_System_Module_GateProxy_query__E                
00006df1  ti_sysbios_BIOS_RtsGateProxy_query__E                       
00006df1  ti_sysbios_gates_GateMutex_query__E                         
00006df1  ti_sysbios_heaps_HeapMem_Module_GateProxy_query__E          
00006df9  ti_sysbios_knl_Task_startup__E                              
00006e01  ti_sysbios_BIOS_linkedWithIncorrectBootLibrary__E           
00006e09  ti_sysbios_gates_GateHwi_Instance_init__E                   
00006e11  ti_sysbios_knl_Clock_logTick__E                             
00006e14  xdc_runtime_Text_charTab__A                                 
0000862f  xdc_runtime_Error_policy__C                                 
00008630  xdc_runtime_Text_nodeTab__A                                 
00008728  ti_sysbios_knl_Task_Object__PARAMS__C                       
00008764  spiMSP432DMAHWAttrs                                         
00008794  ti_sysbios_family_arm_m3_Hwi_Object__PARAMS__C              
000087c4  SPIMSP432DMA_fxnTable                                       
000087ec  ti_sysbios_heaps_HeapMem_Module__FXNS__C                    
00008814  SPI_config                                                  
00008838  ti_sysbios_gates_GateHwi_Module__FXNS__C                    
0000885c  ti_sysbios_gates_GateMutex_Module__FXNS__C                  
00008880  ti_sysbios_heaps_HeapMem_Object__PARAMS__C                  
000088a4  ti_sysbios_knl_Semaphore_Object__PARAMS__C                  
000088c8  SPI_defaultParams                                           
000088e8  ti_sysbios_family_arm_m3_Hwi_Object__DESC__C                
00008908  ti_sysbios_gates_GateHwi_Object__DESC__C                    
00008928  ti_sysbios_gates_GateMutex_Object__DESC__C                  
00008948  ti_sysbios_heaps_HeapMem_Object__DESC__C                    
00008968  ti_sysbios_knl_Queue_Object__DESC__C                        
00008988  ti_sysbios_knl_Semaphore_Object__DESC__C                    
000089a8  ti_sysbios_knl_Task_Object__DESC__C                         
000089c8  xdc_runtime_Startup_sfxnTab__A                              
000089e8  ti_sysbios_gates_GateHwi_Object__PARAMS__C                  
00008a00  ti_sysbios_gates_GateMutex_Object__PARAMS__C                
00008a18  ti_sysbios_knl_Queue_Object__PARAMS__C                      
00008a30  GPIOMSP432_config                                           
00008a44  PowerMSP432_config                                          
00008a54  xdc_runtime_Startup_sfxnRts__A                              
00008a70  udmaMSP432HWAttrs                                           
00008a7c  xdc_runtime_Startup_firstFxns__A                            
00008a88  UDMAMSP432_config                                           
00008a90  ti_sysbios_family_arm_m3_Hwi_excHookFuncs__A                
00008a98  ti_sysbios_knl_Idle_funcList__A                             
00008aa0  ti_sysbios_knl_Idle_funcList__C                             
00008aa8  xdc_runtime_Startup_firstFxns__C                            
00008ab0  xdc_runtime_Startup_lastFxns__C                             
00008ab8  ti_sysbios_family_arm_m3_Hwi_E_NMI__C                       
00008abc  ti_sysbios_family_arm_m3_Hwi_E_alreadyDefined__C            
00008ac0  ti_sysbios_family_arm_m3_Hwi_E_busFault__C                  
00008ac4  ti_sysbios_family_arm_m3_Hwi_E_debugMon__C                  
00008ac8  ti_sysbios_family_arm_m3_Hwi_E_hardFault__C                 
00008acc  ti_sysbios_family_arm_m3_Hwi_E_memFault__C                  
00008ad0  ti_sysbios_family_arm_m3_Hwi_E_noIsr__C                     
00008ad4  ti_sysbios_family_arm_m3_Hwi_E_reserved__C                  
00008ad8  ti_sysbios_family_arm_m3_Hwi_E_svCall__C                    
00008adc  ti_sysbios_family_arm_m3_Hwi_E_usageFault__C                
00008ae0  ti_sysbios_family_arm_m3_Hwi_NUM_INTERRUPTS__C              
00008ae4  ti_sysbios_family_arm_m3_Hwi_Object__count__C               
00008ae8  ti_sysbios_family_arm_m3_Hwi_ccr__C                         
00008aec  ti_sysbios_family_arm_m3_Hwi_excHandlerFunc__C              
00008af0  ti_sysbios_family_arm_m3_Hwi_excHookFuncs__C                
00008af4  ti_sysbios_family_arm_m3_Hwi_nullIsrFunc__C                 
00008af8  ti_sysbios_family_arm_m3_Hwi_priGroup__C                    
00008afc  ti_sysbios_family_arm_m3_TaskSupport_stackAlignment__C      
00008b00  ti_sysbios_family_arm_msp432_Timer_numTimerDevices__C       
00008b04  ti_sysbios_family_arm_msp432_Timer_startupNeeded__C         
00008b08  ti_sysbios_gates_GateMutex_A_badContext__C                  
00008b0c  ti_sysbios_gates_GateMutex_Instance_State_sem__O            
00008b10  ti_sysbios_gates_GateMutex_Module__diagsEnabled__C          
00008b14  ti_sysbios_gates_GateMutex_Module__diagsIncluded__C         
00008b18  ti_sysbios_gates_GateMutex_Module__diagsMask__C             
00008b1c  ti_sysbios_hal_Hwi_E_stackOverflow__C                       
00008b20  ti_sysbios_heaps_HeapMem_A_align__C                         
00008b24  ti_sysbios_heaps_HeapMem_A_heapSize__C                      
00008b28  ti_sysbios_heaps_HeapMem_A_invalidFree__C                   
00008b2c  ti_sysbios_heaps_HeapMem_A_zeroBlock__C                     
00008b30  ti_sysbios_heaps_HeapMem_E_memory__C                        
00008b34  ti_sysbios_heaps_HeapMem_Module__diagsEnabled__C            
00008b38  ti_sysbios_heaps_HeapMem_Module__diagsIncluded__C           
00008b3c  ti_sysbios_heaps_HeapMem_Module__diagsMask__C               
00008b40  ti_sysbios_heaps_HeapMem_Module__gateObj__C                 
00008b44  ti_sysbios_heaps_HeapMem_Object__count__C                   
00008b48  ti_sysbios_heaps_HeapMem_reqAlign__C                        
00008b4c  ti_sysbios_knl_Clock_Module_State_clockQ__O                 
00008b50  ti_sysbios_knl_Semaphore_A_badContext__C                    
00008b54  ti_sysbios_knl_Semaphore_A_noEvents__C                      
00008b58  ti_sysbios_knl_Semaphore_A_overflow__C                      
00008b5c  ti_sysbios_knl_Semaphore_A_pendTaskDisabled__C              
00008b60  ti_sysbios_knl_Semaphore_Instance_State_pendQ__O            
00008b64  ti_sysbios_knl_Semaphore_Module__diagsEnabled__C            
00008b68  ti_sysbios_knl_Semaphore_Module__diagsIncluded__C           
00008b6c  ti_sysbios_knl_Semaphore_Module__diagsMask__C               
00008b70  ti_sysbios_knl_Swi_Object__count__C                         
00008b74  ti_sysbios_knl_Task_A_badPriority__C                        
00008b78  ti_sysbios_knl_Task_A_badTaskState__C                       
00008b7c  ti_sysbios_knl_Task_A_badThreadType__C                      
00008b80  ti_sysbios_knl_Task_A_badTimeout__C                         
00008b84  ti_sysbios_knl_Task_A_noPendElem__C                         
00008b88  ti_sysbios_knl_Task_A_sleepTaskDisabled__C                  
00008b8c  ti_sysbios_knl_Task_E_spOutOfBounds__C                      
00008b90  ti_sysbios_knl_Task_E_stackOverflow__C                      
00008b94  ti_sysbios_knl_Task_Module_State_inactiveQ__O               
00008b98  ti_sysbios_knl_Task_Module__diagsEnabled__C                 
00008b9c  ti_sysbios_knl_Task_Module__diagsIncluded__C                
00008ba0  ti_sysbios_knl_Task_Module__diagsMask__C                    
00008ba4  ti_sysbios_knl_Task_Object__count__C                        
00008ba8  ti_sysbios_knl_Task_allBlockedFunc__C                       
00008bac  ti_sysbios_knl_Task_defaultStackHeap__C                     
00008bb0  ti_sysbios_knl_Task_defaultStackSize__C                     
00008bb4  ti_sysbios_knl_Task_numConstructedTasks__C                  
00008bb8  xdc_runtime_Assert_E_assertFailed__C                        
00008bbc  xdc_runtime_Core_A_initializedParams__C                     
00008bc0  xdc_runtime_Core_Module__diagsEnabled__C                    
00008bc4  xdc_runtime_Core_Module__diagsIncluded__C                   
00008bc8  xdc_runtime_Core_Module__diagsMask__C                       
00008bcc  xdc_runtime_Error_E_memory__C                               
00008bd0  xdc_runtime_Error_Module__diagsEnabled__C                   
00008bd4  xdc_runtime_Error_Module__diagsIncluded__C                  
00008bd8  xdc_runtime_Error_Module__diagsMask__C                      
00008bdc  xdc_runtime_Error_Module__loggerFxn8__C                     
00008be0  xdc_runtime_Error_Module__loggerObj__C                      
00008be4  xdc_runtime_Error_policyFxn__C                              
00008be8  xdc_runtime_Error_raiseHook__C                              
00008bec  xdc_runtime_IGateProvider_Interface__BASE__C                
00008bf0  xdc_runtime_IHeap_Interface__BASE__C                        
00008bf4  xdc_runtime_IModule_Interface__BASE__C                      
00008bf8  xdc_runtime_Log_L_error__C                                  
00008bfc  xdc_runtime_Memory_defaultHeapInstance__C                   
00008c00  xdc_runtime_Startup_execImpl__C                             
00008c04  xdc_runtime_Startup_maxPasses__C                            
00008c08  xdc_runtime_Startup_sfxnRts__C                              
00008c0c  xdc_runtime_Startup_sfxnTab__C                              
00008c10  xdc_runtime_SysMin_bufSize__C                               
00008c14  xdc_runtime_SysMin_outputFunc__C                            
00008c18  xdc_runtime_System_Module__gateObj__C                       
00008c1c  xdc_runtime_System_abortFxn__C                              
00008c20  xdc_runtime_System_exitFxn__C                               
00008c24  xdc_runtime_System_extendFxn__C                             
00008c28  xdc_runtime_System_maxAtexitHandlers__C                     
00008c2c  xdc_runtime_Text_charTab__C                                 
00008c30  xdc_runtime_Text_nameEmpty__C                               
00008c34  xdc_runtime_Text_nameStatic__C                              
00008c38  xdc_runtime_Text_nameUnknown__C                             
00008c3c  xdc_runtime_Text_nodeTab__C                                 
00008c40  xdc_runtime_Text_visitRopeFxn__C                            
00008c44  ti_sysbios_family_arm_m3_Hwi_Module__id__C                  
00008c46  ti_sysbios_gates_GateMutex_Module__id__C                    
00008c48  ti_sysbios_hal_Hwi_Module__id__C                            
00008c4a  ti_sysbios_heaps_HeapMem_Module__id__C                      
00008c4c  ti_sysbios_knl_Semaphore_Module__id__C                      
00008c4e  ti_sysbios_knl_Task_Module__id__C                           
00008c50  xdc_runtime_Core_Module__id__C                              
00008c52  xdc_runtime_Error_Module__loggerDefined__C                  
00008c54  xdc_runtime_Error_maxDepth__C                               
00008c56  xdc_runtime_Memory_Module__id__C                            
00008c58  xdc_runtime_SysMin_flushAtExit__C                           
00008c5a  xdc_runtime_Text_charCnt__C                                 
00008c5c  xdc_runtime_Text_isLoaded__C                                
00008c5e  xdc_runtime_Text_registryModsLastId__C                      
00008c60  xdc_runtime_Text_unnamedModsLastId__C                       
00008c68  __TI_static_base__                                          
0000902c  __TI_Handler_Table_Base                                     
00009034  __TI_CINIT_Base                                             
00009034  __TI_Handler_Table_Limit                                    
0000904c  __TI_CINIT_Limit                                            
20000000  ti_sysbios_family_arm_m3_Hwi_ramVectors                     
20000200  ti_sysbios_heaps_HeapMem_Instance_State_0_buf__A            
20000600  ti_sysbios_knl_Task_Instance_State_0_stack__A               
20000800  task0Stack                                                  
20000a00  ti_sysbios_family_arm_m3_Hwi_dispatchTable                  
20000b40  __CIOBUF_                                                   
20000c60  xdc_runtime_SysMin_Module_State_0_outbuf__A                 
20000ce0  G_CTRL_REG                                                  
20000d80  spiMSP432DMAObjects                                         
20000df0  task0Struct                                                 
20000e70  G_STATUS_REG                                                
20000e94  G_DRIVE_REG                                                 
20000eb0  G_STALL_REG                                                 
20000ec0  G_BLANK_REG                                                 
20000ecc  G_DECAY_REG                                                 
20000ed8  G_OFF_REG                                                   
20000ee4  G_TORQUE_REG                                                
20000ef8  udmaMSP432Object                                            
20000f00  PowerMSP432_perfLevels                                      
20000f9c  ti_sysbios_knl_Swi_Module_State_0_readyQ__A                 
2000101c  ti_sysbios_knl_Task_Module_State_0_readyQ__A                
2000109c  ti_sysbios_family_arm_msp432_Timer_Object__table__V         
200010e8  ti_sysbios_knl_Task_Object__table__V                        
20001134  ti_sysbios_knl_Task_Module__state__V                        
20001178  ti_sysbios_gates_GateMutex_Object__table__V                 
200011b0  ti_sysbios_family_arm_m3_Hwi_Module__state__V               
20001214  ti_sysbios_knl_Swi_Object__table__V                         
20001244  ti_sysbios_knl_Clock_Module__state__V                       
20001270  PowerMSP432_module                                          
20001298  ti_sysbios_BIOS_Module__state__V                            
200012bc  ti_sysbios_family_arm_msp432_Timer_Module_State_0_device__A 
200012dc  ti_sysbios_knl_Swi_Module__state__V                         
200012f8  ti_sysbios_family_arm_m3_Hwi_Object__table__V               
20001310  ti_sysbios_heaps_HeapMem_Object__table__V                   
20001328  gpioPinConfigs                                              
2000133c  ti_sysbios_family_arm_msp432_Timer_Module_State_0_handles__A
2000134c  __TI_cleanup_ptr                                            
20001350  __TI_dtors_ptr                                              
20001354  __TI_enable_exit_profile_output                             
20001358  ti_sysbios_family_arm_msp432_ClockFreqs_Module__state__V    
20001364  ti_sysbios_family_arm_msp432_Timer_Module__state__V         
20001370  xdc_runtime_SysMin_Module__state__V                         
2000137c  _lock                                                       
20001380  _unlock                                                     
2000138c  gpioCallbackFunctions                                       
20001394  ti_sysbios_family_arm_m3_Hwi_Module__root__V                
2000139c  ti_sysbios_gates_GateHwi_Module__root__V                    
200013a4  ti_sysbios_gates_GateMutex_Module__root__V                  
200013ac  ti_sysbios_heaps_HeapMem_Module__root__V                    
200013b4  ti_sysbios_knl_Queue_Module__root__V                        
200013bc  ti_sysbios_knl_Semaphore_Module__root__V                    
200013c4  ti_sysbios_knl_Task_Module__root__V                         
200013cc  xdc_runtime_Registry_Module__state__V                       
200013d4  xdc_runtime_Startup_Module__state__V                        
200013dc  xdc_runtime_System_Module_State_0_atexitHandlers__A         
200013e4  xdc_runtime_System_Module__state__V                         
200013f0  main_func_sp                                                
200013f4  ti_sysbios_family_arm_m3_Hwi_Module_State_0_excContext__A   
200013f8  ti_sysbios_family_arm_m3_Hwi_Module_State_0_excStack__A     
200013fc  ti_sysbios_gates_GateHwi_Object__table__V                   
20001400  ti_sysbios_knl_Task_Module_State_0_idleTask__A              
20001404  xdc_runtime_Memory_Module__state__V                         
20001408  ti_sysbios_family_arm_m3_Hwi_Module_State_0_excActive__A    
2000140a  xdc_runtime_Error_Module__state__V                          
2000fd00  __stack                                                     
20010000  __STACK_END                                                 
4000480c  WDTCTL_SYM                                                  
e000e000  ti_sysbios_family_arm_m3_Hwi_nvic                           
ffffffff  __TI_pprof_out_hndl                                         
ffffffff  __TI_prof_data_size                                         
ffffffff  __TI_prof_data_start                                        
ffffffff  __binit__                                                   
ffffffff  __c_args__                                                  
ffffffff  binit                                                       
UNDEFED   SHT$$INIT_ARRAY$$Base                                       
UNDEFED   SHT$$INIT_ARRAY$$Limit                                      

[660 symbols]
