******************************************************************************
                  TI ARM Linker PC v15.12.4                    
******************************************************************************
>> Linked Wed Feb 22 22:32:16 2017

OUTPUT FILE NAME:   <DRV8711-RTOS.out>
ENTRY POINT SYMBOL: "_c_int00"  address: 0000494d


MEMORY CONFIGURATION

         name            origin    length      used     unused   attr    fill
----------------------  --------  ---------  --------  --------  ----  --------
  MAIN                  00000000   00040000  00008e38  000371c8  R  X
  INFO                  00200000   00004000  00000000  00004000  R  X
  SRAM_CODE             01000000   00010000  00000000  00010000  RW X
  SRAM_DATA             20000000   00010000  0000164d  0000e9b3  RW  


SEGMENT ALLOCATION MAP

run origin  load origin   length   init length attrs members
----------  ----------- ---------- ----------- ----- -------
00000000    00000000    00008e44   00008e44    r-x
  00000000    00000000    0000003c   0000003c    r-- .resetVecs
  00000040    00000040    00006bd2   00006bd2    r-x .text
  00006c14    00006c14    00001e46   00001e46    r-- .const
  00008a60    00008a60    000003e4   000003e4    r-- .cinit
20000000    20000000    00000140   00000000    rw-
  20000000    20000000    00000140   00000000    rw- .vecs
20000200    20000200    0000120d   00000000    rw-
  20000200    20000200    00000d00   00000000    rw- .bss
  20000f00    20000f00    0000050d   00000000    rw- .data
2000fd00    2000fd00    00000300   00000000    rw-
  2000fd00    2000fd00    00000300   00000000    rw- .stack


SECTION ALLOCATION MAP

 output                                  attributes/
section   page    origin      length       input sections
--------  ----  ----------  ----------   ----------------
.text      0    00000040    00006bd2     
                  00000040    00000430     sysbios.aem4f : BIOS.obj (.text:ti_sysbios_family_arm_m3_Hwi_excDumpRegs__I)
                  00000470    0000034c     ti.targets.arm.rtsarm.aem4f : System.oem4f (.text:xdc_runtime_System_doPrint__I)
                  000007bc    00000324     rtsv7M4_T_le_v4SPD16_eabi.lib : trgdrv.obj (.text)
                  00000ae0    000002ac     sysbios.aem4f : BIOS.obj (.text:ti_sysbios_knl_Semaphore_pend__E)
                  00000d8c    00000264     drivers_MSP432P401R.aem4f : PowerMSP432.oem4f (.text:Power_sleep)
                  00000ff0    0000025c     main.obj (.text:MotorFxn)
                  0000124c    00000004     msp432p4xx_driverlib.lib : cpu.o (.text:CPU_wfi)
                  00001250    00000254     sysbios.aem4f : BIOS.obj (.text:ti_sysbios_heaps_HeapMem_free__E)
                  000014a4    00000004     msp432p4xx_driverlib.lib : spi.o (.text:EUSCI_A_SPI_getReceiveBufferAddressForDMA)
                  000014a8    00000248     sysbios.aem4f : BIOS.obj (.text:ti_sysbios_heaps_HeapMem_alloc__E)
                  000016f0    0000022c                   : BIOS.obj (.text:ti_sysbios_knl_Task_Instance_finalize__E)
                  0000191c    00000004     msp432p4xx_driverlib.lib : spi.o (.text:EUSCI_A_SPI_getTransmitBufferAddressForDMA)
                  00001920    000001fc     sysbios.aem4f : BIOS.obj (.text:ti_sysbios_family_arm_m3_Hwi_excHandlerMax__I)
                  00001b1c    000001e0     main.obj (.text:main)
                  00001cfc    00000004     msp432p4xx_driverlib.lib : spi.o (.text:EUSCI_B_SPI_getReceiveBufferAddressForDMA)
                  00001d00    000001c8     sysbios.aem4f : BIOS.obj (.text:ti_sysbios_knl_Task_Instance_init__E)
                  00001ec8    000001a0     msp432p4xx_driverlib.lib : pcm.o (.text:__PCM_setPowerStateAdvanced)
                  00002068    0000017c     drivers_MSP432P401R.aem4f : SPIMSP432DMA.oem4f (.text:SPIMSP432DMA_open)
                  000021e4    00000004     msp432p4xx_driverlib.lib : spi.o (.text:EUSCI_B_SPI_getTransmitBufferAddressForDMA)
                  000021e8    00000174     sysbios.aem4f : BIOS.obj (.text:ti_sysbios_family_arm_m3_Hwi_excBusFault__I)
                  0000235c    00000004     tirtosport.aem4f : HwiP_tirtos.oem4f (.text:HwiP_disable)
                  00002360    00000164     sysbios.aem4f : BIOS.obj (.text:ti_sysbios_family_arm_m3_Hwi_excUsageFault__I)
                  000024c4    00000004     drivers_MSP432P401R.aem4f : List.oem4f (.text:List_head)
                  000024c8    00000148     sysbios.aem4f : BIOS.obj (.text:ti_sysbios_family_arm_m3_Hwi_excMemFault__I)
                  00002610    00000140     drivers_MSP432P401R.aem4f : GPIOMSP432.oem4f (.text:GPIO_setConfig)
                  00002750    0000013c     sysbios.aem4f : BIOS.obj (.text:ti_sysbios_heaps_HeapMem_Instance_init__E)
                  0000288c    00000118     ti.targets.arm.rtsarm.aem4f : Error.oem4f (.text:xdc_runtime_Error_policyDefault__E)
                  000029a4    00000100                                 : Core-mem.oem4f (.text:xdc_runtime_Core_createObject__I)
                  00002aa4    000000f8                                 : Startup.oem4f (.text:xdc_runtime_Startup_startMods__I)
                  00002b9c    000000f8     main_pem4f.oem4f (.text:xdc_runtime_System_printfExtend__I)
                  00002c94    000000f0     drivers_MSP432P401R.aem4f : PowerMSP432.oem4f (.text:initPerfControl)
                  00002d84    000000ec     sysbios.aem4f : m3_Hwi_asm.obj (.text:ti_sysbios_family_arm_m3_Hwi_dispatch__I)
                  00002e70    000000ec                   : BIOS.obj (.text:ti_sysbios_knl_Semaphore_post__E)
                  00002f5c    000000e1     main.obj (.text:SPI_DRV8711_ReadWrite)
                  0000303d    00000001     --HOLE-- [fill = 0]
                  0000303e    00000002     power_tirtos_MSP432P401R.aem4f : PowerMSP432_tirtos.oem4f (.text:PowerMSP432_initPolicy)
                  00003040    000000e0     msp432p4xx_driverlib.lib : cs.o (.text:CS_initClockSignal)
                  00003120    000000dc                              : pcm.o (.text:__PCM_setPowerModeAdvanced)
                  000031fc    000000cc                              : dma.o (.text:DMA_assignChannel)
                  000032c8    000000cc     ti.targets.arm.rtsarm.aem4f : Core-smem.oem4f (.text:xdc_runtime_Core_constructObject__I)
                  00003394    00000004     drivers_MSP432P401R.aem4f : List.oem4f (.text:List_next)
                  00003398    000000bc     sysbios.aem4f : BIOS.obj (.text:ti_sysbios_family_arm_m3_Hwi_excDebugMon__I)
                  00003454    00000004     drivers_MSP432P401R.aem4f : PowerMSP432.oem4f (.text:PowerMSP432_getNumPerfLevels)
                  00003458    000000bc     sysbios.aem4f : BIOS.obj (.text:ti_sysbios_family_arm_m3_Hwi_excHardFault__I)
                  00003514    000000b4     drivers_MSP432P401R.aem4f : SPIMSP432DMA.oem4f (.text:configDMA)
                  000035c8    000000b4     sysbios.aem4f : BIOS.obj (.text:ti_sysbios_gates_GateMutex_enter__E)
                  0000367c    00000004     main_pem4f.oem4f (.text:ti_sysbios_BIOS_RtsGateProxy_enter__E)
                  00003680    000000b4     sysbios.aem4f : BIOS.obj (.text:ti_sysbios_knl_Task_checkStacks__E)
                  00003734    000000b0     msp432p4xx_driverlib.lib : pcm.o (.text:__PCM_setCoreVoltageLevelAdvanced)
                  000037e4    00000004     main_pem4f.oem4f (.text:ti_sysbios_BIOS_RtsGateProxy_leave__E)
                  000037e8    000000a8     sysbios.aem4f : BIOS.obj (.text:ti_sysbios_family_arm_msp432_Timer_periodicStub__E)
                  00003890    000000a0     auto_init.aem4f : auto_init.oem4f (.text)
                  00003930    000000a0     ti.targets.arm.rtsarm.aem4f : Text.oem4f (.text:xdc_runtime_Text_putMod__E)
                  000039d0    0000009c     rtsv7M4_T_le_v4SPD16_eabi.lib : memcpy_t2.obj (.text)
                  00003a6c    00000004     main_pem4f.oem4f (.text:ti_sysbios_family_arm_m3_Hwi_destruct)
                  00003a70    0000009c     sysbios.aem4f : BIOS.obj (.text:ti_sysbios_knl_Semaphore_Instance_init__E)
                  00003b0c    00000004     main_pem4f.oem4f (.text:ti_sysbios_family_arm_m3_TaskSupport_Module__startupDone__S)
                  00003b10    0000009c     sysbios.aem4f : BIOS.obj (.text:ti_sysbios_knl_Task_postInit__I)
                  00003bac    0000009a     ti.targets.arm.rtsarm.aem4f : Text.oem4f (.text:xdc_runtime_Text_putSite__E)
                  00003c46    00000002     drivers_MSP432P401R.aem4f : SPIMSP432DMA.oem4f (.text:SPIMSP432DMA_serviceISR)
                  00003c48    00000094     sysbios.aem4f : BIOS.obj (.text:ti_sysbios_family_arm_m3_Hwi_Instance_init__E)
                  00003cdc    00000004     main_pem4f.oem4f (.text:ti_sysbios_heaps_HeapMem_Module_GateProxy_enter__E)
                  00003ce0    00000094     sysbios.aem4f : BIOS.obj (.text:ti_sysbios_family_arm_m3_Hwi_initNVIC__E)
                  00003d74    0000008c                   : m3_TaskSupport_asm.obj (.text:ti_sysbios_family_arm_m3_TaskSupport_buildTaskStack)
                  00003e00    00000088     msp432p4xx_driverlib.lib : spi.o (.text:SPI_initMaster)
                  00003e88    00000088     sysbios.aem4f : BIOS.obj (.text:ti_sysbios_family_arm_msp432_Timer_Module_startup__E)
                  00003f10    00000084                   : BIOS.obj (.text:ti_sysbios_family_arm_m3_Hwi_postInit__I)
                  00003f94    00000080     msp432p4xx_driverlib.lib : dma.o (.text:DMA_setChannelTransfer)
                  00004014    0000007c                              : pcm.o (.text:PCM_gotoLPM3)
                  00004090    0000007a     rtsv7M4_T_le_v4SPD16_eabi.lib : memset_t2.obj (.text)
                  0000410a    00000002                                   : i_div0.obj (.text)
                  0000410c    0000006d     ti.targets.arm.rtsarm.aem4f : System.oem4f (.text:xdc_runtime_System_formatNum__I)
                  00004179    00000001     --HOLE-- [fill = 0]
                  0000417a    00000006     drivers_MSP432P401R.aem4f : SPIMSP432DMA.oem4f (.text:SPIMSP432DMA_control)
                  00004180    0000006c     sysbios.aem4f : BIOS.obj (.text:ti_sysbios_knl_Clock_workFunc__E)
                  000041ec    00000004     main_pem4f.oem4f (.text:ti_sysbios_heaps_HeapMem_Module_GateProxy_leave__E)
                  000041f0    0000006c     sysbios.aem4f : BIOS.obj (.text:ti_sysbios_knl_Swi_restoreHwi__E)
                  0000425c    00000004     main_pem4f.oem4f (.text:ti_sysbios_knl_Clock_TimerProxy_getMaxTicks__E)
                  00004260    0000006c     sysbios.aem4f : BIOS.obj (.text:ti_sysbios_knl_Task_exit__E)
                  000042cc    0000006c     ti.targets.arm.rtsarm.aem4f : Error.oem4f (.text:xdc_runtime_Error_print__E)
                  00004338    0000006c                                 : Memory.oem4f (.text:xdc_runtime_Memory_alloc__E)
                  000043a4    0000006a     rtsv7M4_T_le_v4SPD16_eabi.lib : copy_decompress_rle.obj (.text)
                  0000440e    00000002     main_pem4f.oem4f (.text:ti_sysbios_BIOS_nullFunc__I)
                  00004410    00000068     rtsv7M4_T_le_v4SPD16_eabi.lib : trgmsg.obj (.text)
                  00004478    00000066     ti.targets.arm.rtsarm.aem4f : Core-mem.oem4f (.text:xdc_runtime_Core_deleteObject__I)
                  000044de    00000002     --HOLE-- [fill = 0]
                  000044e0    00000064     sysbios.aem4f : BIOS.obj (.text:ti_sysbios_family_arm_m3_Hwi_dispatchC__I)
                  00004544    00000062     tirtosport.aem4f : HwiP_tirtos.oem4f (.text:HwiP_create)
                  000045a6    00000002     --HOLE-- [fill = 0]
                  000045a8    00000060     sysbios.aem4f : BIOS.obj (.text:ti_sysbios_knl_Task_schedule__I)
                  00004608    0000005c     drivers_MSP432P401R.aem4f : GPIOMSP432.oem4f (.text:GPIO_init)
                  00004664    00000004     main_pem4f.oem4f (.text:ti_sysbios_knl_Queue_destruct)
                  00004668    0000005c     sysbios.aem4f : BIOS.obj (.text:ti_sysbios_knl_Swi_run__I)
                  000046c4    00000004     main_pem4f.oem4f (.text:ti_sysbios_knl_Semaphore_destruct)
                  000046c8    0000005c     sysbios.aem4f : BIOS.obj (.text:ti_sysbios_knl_Swi_schedule__I)
                  00004724    00000004     ti.targets.arm.rtsarm.aem4f : Error.oem4f (.text:xdc_runtime_Error_getSite__E)
                  00004728    0000005c     sysbios.aem4f : BIOS.obj (.text:ti_sysbios_knl_Task_Module_startup__E)
                  00004784    00000004     main_pem4f.oem4f (.text:xdc_runtime_System_Module_GateProxy_enter__E)
                  00004788    0000005c     sysbios.aem4f : BIOS.obj (.text:ti_sysbios_knl_Task_startCore__E)
                  000047e4    0000005b     ti.targets.arm.rtsarm.aem4f : Text.oem4f (.text:xdc_runtime_Text_putLab__E)
                  0000483f    00000001     --HOLE-- [fill = 0]
                  00004840    0000005a     drivers_MSP432P401R.aem4f : SPIMSP432DMA.oem4f (.text:SPIMSP432DMA_close)
                  0000489a    00000058                               : SPIMSP432DMA.oem4f (.text:SPIMSP432DMA_transfer)
                  000048f2    00000058     tirtosport.aem4f : SemaphoreP_tirtos.oem4f (.text:SemaphoreP_create)
                  0000494a    00000002     --HOLE-- [fill = 0]
                  0000494c    00000058     boot.aem4f : boot.oem4f (.text)
                  000049a4    00000058     main_pem4f.oem4f (.text:ti_sysbios_family_arm_m3_Hwi_construct)
                  000049fc    00000058     sysbios.aem4f : m3_Hwi_asm_switch.obj (.text:ti_sysbios_family_arm_m3_Hwi_initStacks__E)
                  00004a54    00000054     drivers_MSP432P401R.aem4f : GPIOMSP432.oem4f (.text:GPIO_hwiIntFxn)
                  00004aa8    00000054                               : GPIOMSP432.oem4f (.text:GPIO_setCallback)
                  00004afc    00000054     rtsv7M4_T_le_v4SPD16_eabi.lib : exit.obj (.text)
                  00004b50    00000054     sysbios.aem4f : BIOS.obj (.text:ti_sysbios_family_arm_msp432_Timer_initDevice__I)
                  00004ba4    00000004     main_pem4f.oem4f (.text:xdc_runtime_System_Module_GateProxy_leave__E)
                  00004ba8    00000054     sysbios.aem4f : BIOS.obj (.text:ti_sysbios_family_arm_msp432_init_Boot_configureClocksHigh)
                  00004bfc    00000054     main_pem4f.oem4f (.text:ti_sysbios_knl_Task_construct)
                  00004c50    00000054     ti.targets.arm.rtsarm.aem4f : Assert.oem4f (.text:xdc_runtime_Assert_raise__I)
                  00004ca4    00000050     drivers_MSP432P401R.aem4f : GPIOMSP432.oem4f (.text:GPIO_write)
                  00004cf4    00000050     msp432p4xx_driverlib.lib : pcm.o (.text:PCM_shutdownDevice)
                  00004d44    00000004     ti.targets.arm.rtsarm.aem4f : System.oem4f (.text:xdc_runtime_System_aprintf_va__F)
                  00004d48    00000050     sysbios.aem4f : BIOS.obj (.text:ti_sysbios_family_arm_m3_Hwi_Module_startup__E)
                  00004d98    00000050     ti.targets.arm.rtsarm.aem4f : Startup.oem4f (.text:xdc_runtime_Startup_exec__E)
                  00004de8    00000050                                 : Text.oem4f (.text:xdc_runtime_Text_visitRope2__I)
                  00004e38    0000004c     MSP_EXP432P401R.obj (.text:MSP_EXP432P401R_initSPI)
                  00004e84    0000004c     drivers_MSP432P401R.aem4f : UDMAMSP432.oem4f (.text:UDMAMSP432_open)
                  00004ed0    0000004c     rtsv7M4_T_le_v4SPD16_eabi.lib : cpy_tbl.obj (.text)
                  00004f1c    00000004     ti.targets.arm.rtsarm.aem4f : System.oem4f (.text:xdc_runtime_System_printf_va__F)
                  00004f20    0000004c     sysbios.aem4f : BIOS.obj (.text:ti_sysbios_family_arm_msp432_Timer_start__E)
                  00004f6c    00000004     --HOLE-- [fill = 0]
                  00004f70    0000004c                   : BIOS.obj (.text:ti_sysbios_heaps_HeapMem_getStats__E)
                  00004fbc    00000004     --HOLE-- [fill = 0]
                  00004fc0    0000004c                   : BIOS.obj (.text:ti_sysbios_knl_Swi_runLoop__I)
                  0000500c    00000004     --HOLE-- [fill = 0]
                  00005010    0000004c                   : BIOS.obj (.text:ti_sysbios_knl_Task_allBlockedFunction__I)
                  0000505c    0000004a     drivers_MSP432P401R.aem4f : SPIMSP432DMA.oem4f (.text:initHw)
                  000050a6    00000002     --HOLE-- [fill = 0]
                  000050a8    00000048     msp432p4xx_driverlib.lib : dma.o (.text:DMA_assignInterrupt)
                  000050f0    00000048     sysbios.aem4f : BIOS.obj (.text:ti_sysbios_family_arm_m3_Hwi_disableInterrupt__E)
                  00005138    00000048                   : BIOS.obj (.text:ti_sysbios_family_arm_m3_Hwi_enableInterrupt__E)
                  00005180    00000048                   : BIOS.obj (.text:ti_sysbios_family_arm_m3_Hwi_excReserved__I)
                  000051c8    00000046     ti.targets.arm.rtsarm.aem4f : Core-params.oem4f (.text:xdc_runtime_Core_assignParams__I)
                  0000520e    00000002     --HOLE-- [fill = 0]
                  00005210    00000044     drivers_MSP432P401R.aem4f : PowerMSP432.oem4f (.text:Power_init)
                  00005254    00000004     --HOLE-- [fill = 0]
                  00005258    00000044     sysbios.aem4f : BIOS.obj (.text:ti_sysbios_family_arm_m3_Hwi_getStackInfo__E)
                  0000529c    00000004     --HOLE-- [fill = 0]
                  000052a0    00000044                   : BIOS.obj (.text:ti_sysbios_knl_Swi_post__E)
                  000052e4    00000044     ti.targets.arm.rtsarm.aem4f : Error.oem4f (.text:xdc_runtime_Error_setX__E)
                  00005328    00000044                                 : SysMin.oem4f (.text:xdc_runtime_SysMin_flush__E)
                  0000536c    00000044                                 : Text.oem4f (.text:xdc_runtime_Text_xprintf__I)
                  000053b0    00000040     msp432p4xx_driverlib.lib : flash.o (.text:FlashCtl_disableReadBuffering)
                  000053f0    00000040     drivers_MSP432P401R.aem4f : UDMAMSP432.oem4f (.text:UDMAMSP432_init)
                  00005430    00000040                               : PowerMSP432.oem4f (.text:notify)
                  00005470    00000040     rtsv7M4_T_le_v4SPD16_eabi.lib : u_divt2.obj (.text)
                  000054b0    00000040     sysbios.aem4f : BIOS.obj (.text:ti_sysbios_family_arm_msp432_Timer_startup__E)
                  000054f0    0000003c     msp432p4xx_driverlib.lib : dma.o (.text:DMA_enableInterrupt)
                  0000552c    0000003c     power_tirtos_MSP432P401R.aem4f : PowerMSP432_tirtos.oem4f (.text:PowerMSP432_sleepPolicy)
                  00005568    0000003c     sysbios.aem4f : BIOS.obj (.text:ti_sysbios_family_arm_m3_Hwi_excSvCall__I)
                  000055a4    00000004     --HOLE-- [fill = 0]
                  000055a8    0000003c                   : BIOS.obj (.text:ti_sysbios_heaps_HeapMem_init__I)
                  000055e4    00000004     --HOLE-- [fill = 0]
                  000055e8    0000003c                   : BIOS.obj (.text:ti_sysbios_knl_Swi_restore__E)
                  00005624    0000003a     drivers_MSP432P401R.aem4f : SPIMSP432DMA.oem4f (.text:SPIMSP432DMA_hwiFxn)
                  0000565e    00000002     --HOLE-- [fill = 0]
                  00005660    00000038                               : SPI.oem4f (.text:SPI_init)
                  00005698    00000038     sysbios.aem4f : BIOS.obj (.text:ti_sysbios_family_arm_m3_Hwi_excNoIsr__I)
                  000056d0    00000038                   : BIOS.obj (.text:ti_sysbios_knl_Task_processVitalTaskFlag__I)
                  00005708    00000038     ti.targets.arm.rtsarm.aem4f : SysMin.oem4f (.text:xdc_runtime_SysMin_putch__E)
                  00005740    00000038                                 : System.oem4f (.text:xdc_runtime_System_atexit__E)
                  00005778    00000034     msp432p4xx_driverlib.lib : flash.o (.text:FlashCtl_enableReadBuffering)
                  000057ac    00000004     --HOLE-- [fill = 0]
                  000057b0    00000034     sysbios.aem4f : BIOS.obj (.text:ti_sysbios_family_arm_m3_Hwi_Instance_finalize__E)
                  000057e4    00000004     --HOLE-- [fill = 0]
                  000057e8    00000034                   : BIOS.obj (.text:ti_sysbios_family_arm_m3_Hwi_excNmi__I)
                  0000581c    00000004     --HOLE-- [fill = 0]
                  00005820    00000034                   : BIOS.obj (.text:ti_sysbios_hal_Hwi_checkStack)
                  00005854    00000034     ti.targets.arm.rtsarm.aem4f : Core-label.oem4f (.text:xdc_runtime_Core_assignLabel__I)
                  00005888    00000033                                 : Text.oem4f (.text:xdc_runtime_Text_printVisFxn__I)
                  000058bb    00000001     --HOLE-- [fill = 0]
                  000058bc    00000032     msp432p4xx_driverlib.lib : spi.o (.text:SPI_initSlave)
                  000058ee    00000002     --HOLE-- [fill = 0]
                  000058f0    00000032     sysbios.aem4f : BIOS.obj (.text:ti_sysbios_hal_Hwi_initStack)
                  00005922    00000002     --HOLE-- [fill = 0]
                  00005924    00000030     msp432p4xx_driverlib.lib : gpio.o (.text:GPIO_getEnabledInterruptStatus)
                  00005954    00000030                              : gpio.o (.text:GPIO_setAsInputPinWithPullDownResistor)
                  00005984    00000030                              : gpio.o (.text:GPIO_setAsInputPinWithPullUpResistor)
                  000059b4    00000030     drivers_MSP432P401R.aem4f : SPI.oem4f (.text:SPI_open)
                  000059e4    00000030     msp432p4xx_driverlib.lib : spi.o (.text:is_A_Module)
                  00005a14    00000030     main_pem4f.oem4f (.text:ti_sysbios_BIOS_atExitFunc__I)
                  00005a44    00000030     main_pem4f.oem4f (.text:ti_sysbios_BIOS_startFunc__I)
                  00005a74    00000004     --HOLE-- [fill = 0]
                  00005a78    00000030     sysbios.aem4f : BIOS.obj (.text:ti_sysbios_family_arm_m3_TaskSupport_start__E)
                  00005aa8    00000030     main_pem4f.oem4f (.text:ti_sysbios_gates_GateHwi_Object__create__S)
                  00005ad8    00000030     main_pem4f.oem4f (.text:ti_sysbios_gates_GateMutex_Object__create__S)
                  00005b08    00000030     main_pem4f.oem4f (.text:ti_sysbios_heaps_HeapMem_Object__create__S)
                  00005b38    00000030     main_pem4f.oem4f (.text:ti_sysbios_knl_Semaphore_construct)
                  00005b68    00000030     sysbios.aem4f : BIOS.obj (.text:ti_sysbios_knl_Semaphore_pendTimeout__I)
                  00005b98    00000030                   : BIOS.obj (.text:ti_sysbios_knl_Task_unblockI__E)
                  00005bc8    00000030     ti.targets.arm.rtsarm.aem4f : SysMin.oem4f (.text:xdc_runtime_SysMin_abort__E)
                  00005bf8    00000030                                 : System.oem4f (.text:xdc_runtime_System_processAtExit__E)
                  00005c28    0000002c     msp432p4xx_driverlib.lib : gpio.o (.text:GPIO_setAsInputPin)
                  00005c54    0000002c                              : pcm.o (.text:PCM_getCoreVoltageLevel)
                  00005c80    0000002c     power_tirtos_MSP432P401R.aem4f : PowerMSP432_tirtos.oem4f (.text:PowerMSP432_updateFreqs)
                  00005cac    0000002c     drivers_MSP432P401R.aem4f : PowerMSP432.oem4f (.text:Power_releaseConstraint)
                  00005cd8    0000002c                               : PowerMSP432.oem4f (.text:Power_setConstraint)
                  00005d04    0000002c     main_pem4f.oem4f (.text:ti_sysbios_knl_Clock_doTick__I)
                  00005d30    0000002c     main_pem4f.oem4f (.text:ti_sysbios_knl_Queue_construct)
                  00005d5c    00000004     --HOLE-- [fill = 0]
                  00005d60    0000002c     sysbios.aem4f : BIOS.obj (.text:ti_sysbios_knl_Task_restore__E)
                  00005d8c    0000002c     ti.targets.arm.rtsarm.aem4f : Text.oem4f (.text:xdc_runtime_Text_cordText__E)
                  00005db8    0000002a     msp432p4xx_driverlib.lib : pcm.o (.text:PCM_getPowerMode)
                  00005de2    0000002a     drivers_MSP432P401R.aem4f : SPIMSP432DMA.oem4f (.text:perfChangeNotifyFxn)
                  00005e0c    0000002a     ti.targets.arm.rtsarm.aem4f : System.oem4f (.text:xdc_runtime_System_putchar__I)
                  00005e36    00000002     --HOLE-- [fill = 0]
                  00005e38    00000028     msp432p4xx_driverlib.lib : flash.o (.text:FlashCtl_setWaitState)
                  00005e60    00000028                              : pcm.o (.text:PCM_gotoLPM0)
                  00005e88    00000028     sysbios.aem4f : BIOS.obj (.text:ti_sysbios_knl_Swi_Module_startup__E)
                  00005eb0    00000026     drivers_MSP432P401R.aem4f : List.oem4f (.text:List_put)
                  00005ed6    00000026     sysbios.aem4f : m3_Hwi_asm.obj (.text:ti_sysbios_family_arm_m3_Hwi_pendSV__I)
                  00005efc    00000026     ti.targets.arm.rtsarm.aem4f : System.oem4f (.text:xdc_runtime_System_avprintf__E)
                  00005f22    00000002     --HOLE-- [fill = 0]
                  00005f24    00000024     msp432p4xx_driverlib.lib : cs.o (.text:CS_setDCOCenteredFrequency)
                  00005f48    00000024                              : dma.o (.text:DMA_setChannelControl)
                  00005f6c    00000024                              : gpio.o (.text:GPIO_setAsOutputPin)
                  00005f90    00000024                              : rtc_c.o (.text:RTC_C_holdClock)
                  00005fb4    00000024                              : rtc_c.o (.text:RTC_C_startClock)
                  00005fd8    00000024     main_pem4f.oem4f (.text:ti_sysbios_BIOS_errorRaiseHook__I)
                  00005ffc    00000024     main_pem4f.oem4f (.text:ti_sysbios_BIOS_registerRTSLock__I)
                  00006020    00000024     main_pem4f.oem4f (.text:ti_sysbios_BIOS_removeRTSLock__I)
                  00006044    00000004     --HOLE-- [fill = 0]
                  00006048    00000024     sysbios.aem4f : BIOS.obj (.text:ti_sysbios_family_arm_msp432_ClockFreqs_setFrequency__E)
                  0000606c    00000024     main_pem4f.oem4f (.text:ti_sysbios_gates_GateMutex_Object__delete__S)
                  00006090    00000024     sysbios.aem4f : BIOS.obj (.text:ti_sysbios_knl_Clock_Module_startup__E)
                  000060b4    00000004     --HOLE-- [fill = 0]
                  000060b8    00000024                   : BIOS.obj (.text:ti_sysbios_knl_Task_restoreHwi__E)
                  000060dc    00000024     ti.targets.arm.rtsarm.aem4f : System.oem4f (.text:xdc_runtime_System_vprintf__E)
                  00006100    00000022     main_pem4f.oem4f (.text:xdc_runtime_SysMin_output__I)
                  00006122    00000002     --HOLE-- [fill = 0]
                  00006124    00000020     msp432p4xx_driverlib.lib : gpio.o (.text:GPIO_interruptEdgeSelect)
                  00006144    00000020     drivers_MSP432P401R.aem4f : PowerMSP432.oem4f (.text:PowerMSP432_getFreqs)
                  00006164    00000020                               : PowerMSP432.oem4f (.text:Power_unregisterNotify)
                  00006184    00000020                               : UDMAMSP432.oem4f (.text:UDMAMSP432_close)
                  000061a4    00000020     main_pem4f.oem4f (.text:ti_sysbios_BIOS_rtsLock__I)
                  000061c4    00000020     sysbios.aem4f : m3_Hwi_asm.obj (.text:ti_sysbios_family_arm_m3_Hwi_excHandlerAsm__I)
                  000061e4    00000004     --HOLE-- [fill = 0]
                  000061e8    00000020                   : BIOS.obj (.text:ti_sysbios_family_arm_m3_Hwi_excHandler__I)
                  00006208    00000020     main_pem4f.oem4f (.text:ti_sysbios_gates_GateHwi_Object__delete__S)
                  00006228    00000020     main_pem4f.oem4f (.text:ti_sysbios_heaps_HeapMem_Object__delete__S)
                  00006248    00000020     sysbios.aem4f : BIOS.obj (.text:ti_sysbios_knl_Idle_run__E)
                  00006268    00000020     main_pem4f.oem4f (.text:ti_sysbios_knl_Semaphore_Object__destruct__S)
                  00006288    00000020     ti.targets.arm.rtsarm.aem4f : Registry.oem4f (.text:xdc_runtime_Registry_findById__E)
                  000062a8    00000020                                 : SysMin.oem4f (.text:xdc_runtime_SysMin_Module_startup__E)
                  000062c8    0000001e     sysbios.aem4f : m3_Hwi_asm_switch.obj (.text:ti_sysbios_family_xxx_Hwi_switchAndRunFunc)
                  000062e6    00000002     --HOLE-- [fill = 0]
                  000062e8    0000001c     msp432p4xx_driverlib.lib : pcm.o (.text:PCM_enableRudeMode)
                  00006304    0000001c     drivers_MSP432P401R.aem4f : PowerMSP432.oem4f (.text:Power_registerNotify)
                  00006320    0000001c     MSP_EXP432P401R.obj (.text:dmaErrorHwi)
                  0000633c    0000001c     main_pem4f.oem4f (.text:ti_sysbios_family_arm_m3_Hwi_Object__destruct__S)
                  00006358    0000001c     sysbios.aem4f : BIOS.obj (.text:ti_sysbios_gates_GateMutex_Instance_init__E)
                  00006374    0000001c     main_pem4f.oem4f (.text:ti_sysbios_knl_Queue_Object__destruct__S)
                  00006390    0000001c     sysbios.aem4f : BIOS.obj (.text:ti_sysbios_knl_Queue_put__E)
                  000063ac    00000004     --HOLE-- [fill = 0]
                  000063b0    0000001c                   : BIOS.obj (.text:ti_sysbios_knl_Task_enter__I)
                  000063cc    0000001c     ti.targets.arm.rtsarm.aem4f : Error.oem4f (.text:xdc_runtime_Error_raiseX__E)
                  000063e8    0000001c                                 : Memory.oem4f (.text:xdc_runtime_Memory_valloc__E)
                  00006404    0000001c                                 : SysMin.oem4f (.text:xdc_runtime_SysMin_exit__E)
                  00006420    0000001c                                 : System.oem4f (.text:xdc_runtime_System_abort__E)
                  0000643c    0000001a     drivers_MSP432P401R.aem4f : List.oem4f (.text:List_remove)
                  00006456    0000001a     msp432p4xx_driverlib.lib : spi.o (.text:SPI_disableModule)
                  00006470    0000001a                              : spi.o (.text:SPI_enableModule)
                  0000648a    0000001a                              : spi.o (.text:SPI_getReceiveBufferAddressForDMA)
                  000064a4    0000001a                              : spi.o (.text:SPI_getTransmitBufferAddressForDMA)
                  000064be    0000001a     main_pem4f.oem4f (.text:ti_sysbios_family_arm_m3_Hwi_Handle__label__S)
                  000064d8    0000001a     main_pem4f.oem4f (.text:ti_sysbios_gates_GateHwi_Handle__label__S)
                  000064f2    0000001a     main_pem4f.oem4f (.text:ti_sysbios_gates_GateMutex_Handle__label__S)
                  0000650c    0000001a     main_pem4f.oem4f (.text:ti_sysbios_heaps_HeapMem_Handle__label__S)
                  00006526    0000001a     main_pem4f.oem4f (.text:ti_sysbios_knl_Swi_Handle__label__S)
                  00006540    0000001a     main_pem4f.oem4f (.text:ti_sysbios_knl_Task_Handle__label__S)
                  0000655a    0000001a     main_pem4f.oem4f (.text:xdc_runtime_System_aprintf__E)
                  00006574    0000001a     main_pem4f.oem4f (.text:xdc_runtime_System_printf__E)
                  0000658e    00000002     --HOLE-- [fill = 0]
                  00006590    00000018     msp432p4xx_driverlib.lib : dma.o (.text:DMA_clearInterruptFlag)
                  000065a8    00000018                              : dma.o (.text:DMA_enableChannel)
                  000065c0    00000018                              : dma.o (.text:DMA_isChannelEnabled)
                  000065d8    00000018                              : gpio.o (.text:GPIO_clearInterruptFlag)
                  000065f0    00000018                              : gpio.o (.text:GPIO_setDriveStrengthLow)
                  00006608    00000018                              : gpio.o (.text:GPIO_setOutputLowOnPin)
                  00006620    00000018     drivers_MSP432P401R.aem4f : SPIMSP432DMA.oem4f (.text:SPIMSP432DMA_transferCancel)
                  00006638    00000018     msp432p4xx_driverlib.lib : wdt_a.o (.text:WDT_A_holdTimer)
                  00006650    00000018     rtsv7M4_T_le_v4SPD16_eabi.lib : args_main.obj (.text)
                  00006668    00000018     main_pem4f.oem4f (.text:ti_sysbios_BIOS_rtsUnlock__I)
                  00006680    00000018     main_pem4f.oem4f (.text:ti_sysbios_family_arm_m3_Hwi_Module__startupDone__F)
                  00006698    00000018     sysbios.aem4f : m3_TaskSupport_asm.obj (.text:ti_sysbios_family_arm_m3_TaskSupport_swap__E)
                  000066b0    00000018     main_pem4f.oem4f (.text:ti_sysbios_family_arm_msp432_Timer_Module__startupDone__F)
                  000066c8    00000018     sysbios.aem4f : BIOS.obj (.text:ti_sysbios_gates_GateMutex_leave__E)
                  000066e0    00000018     ti.targets.arm.rtsarm.aem4f : Error.oem4f (.text:xdc_runtime_Error_check__E)
                  000066f8    00000018                                 : System.oem4f (.text:xdc_runtime_System_exit__E)
                  00006710    00000018                                 : Text.oem4f (.text:xdc_runtime_Text_ropeText__E)
                  00006728    00000016     tirtosport.aem4f : HwiP_tirtos.oem4f (.text:HwiP_delete)
                  0000673e    00000016                      : SemaphoreP_tirtos.oem4f (.text:SemaphoreP_delete)
                  00006754    00000016     main_pem4f.oem4f (.text:ti_sysbios_BIOS_exitFunc__I)
                  0000676a    00000016     main.obj (.text:ti_sysbios_knl_Task_Params_init)
                  00006780    00000014     msp432p4xx_driverlib.lib : gpio.o (.text:GPIO_setDriveStrengthHigh)
                  00006794    00000014                              : gpio.o (.text:GPIO_setOutputHighOnPin)
                  000067a8    00000014     drivers_MSP432P401R.aem4f : PowerMSP432.oem4f (.text:Power_idleFunc)
                  000067bc    00000014     msp432p4xx_driverlib.lib : wdt_a.o (.text:WDT_A_startTimer)
                  000067d0    00000014     rtsv7M4_T_le_v4SPD16_eabi.lib : _lock.obj (.text)
                  000067e4    00000014                                   : strcpy.obj (.text)
                  000067f8    00000014                                   : strlen.obj (.text)
                  0000680c    00000014     main_pem4f.oem4f (.text:ti_sysbios_family_arm_m3_Hwi_Object__get__S)
                  00006820    00000014     sysbios.aem4f : BIOS.obj (.text:ti_sysbios_family_arm_m3_Hwi_switchFromBootStack__E)
                  00006834    00000014     main_pem4f.oem4f (.text:ti_sysbios_heaps_HeapMem_Object__get__S)
                  00006848    00000014     main_pem4f.oem4f (.text:ti_sysbios_knl_Swi_Object__get__S)
                  0000685c    00000012     tirtosport.aem4f : SemaphoreP_tirtos.oem4f (.text:SemaphoreP_pend)
                  0000686e    00000002     --HOLE-- [fill = 0]
                  00006870    00000012     sysbios.aem4f : BIOS.obj (.text:ti_sysbios_hal_Hwi_Module_startup__E)
                  00006882    00000012     main_pem4f.oem4f (.text:xdc_runtime_Startup_exec__I)
                  00006894    00000010     msp432p4xx_driverlib.lib : dma.o (.text:DMA_enableModule)
                  000068a4    00000010                              : gpio.o (.text:GPIO_getInterruptStatus)
                  000068b4    00000010                              : pcm.o (.text:PCM_gotoLPM4)
                  000068c4    00000004     --HOLE-- [fill = 0]
                  000068c8    00000010     sysbios.aem4f : BIOS.obj (.text:ti_sysbios_BIOS_setCpuFreq__E)
                  000068d8    00000010                   : BIOS.obj (.text:ti_sysbios_BIOS_setThreadType__E)
                  000068e8    00000010                   : BIOS.obj (.text:ti_sysbios_BIOS_start__E)
                  000068f8    00000010                   : m3_TaskSupport_asm.obj (.text:ti_sysbios_family_arm_m3_TaskSupport_glue)
                  00006908    00000010                   : BIOS.obj (.text:ti_sysbios_family_arm_msp432_init_Boot_disableWatchdog)
                  00006918    00000010                   : BIOS.obj (.text:ti_sysbios_gates_GateMutex_Instance_finalize__E)
                  00006928    00000010                   : BIOS.obj (.text:ti_sysbios_knl_Semaphore_Instance_finalize__E)
                  00006938    00000010                   : BIOS.obj (.text:ti_sysbios_knl_Swi_disable__E)
                  00006948    00000010     main_pem4f.oem4f (.text:ti_sysbios_knl_Task_Object__get__S)
                  00006958    00000010     sysbios.aem4f : BIOS.obj (.text:ti_sysbios_knl_Task_disable__E)
                  00006968    00000010     ti.targets.arm.rtsarm.aem4f : Gate.oem4f (.text:xdc_runtime_Gate_leaveSystem__E)
                  00006978    00000010                                 : Memory.oem4f (.text:xdc_runtime_Memory_free__E)
                  00006988    00000010                                 : SysMin.oem4f (.text:xdc_runtime_SysMin_ready__E)
                  00006998    00000010                                 : System.oem4f (.text:xdc_runtime_System_vsnprintf__E)
                  000069a8    00000010     main_pem4f.oem4f (.text:xdc_runtime_Text_visitRope__I)
                  000069b8    0000000e     tirtosport.aem4f : HwiP_tirtos.oem4f (.text:HwiP_Params_init)
                  000069c6    0000000e     rtsv7M4_T_le_v4SPD16_eabi.lib : copy_decompress_none.obj (.text:decompress:none)
                  000069d4    00000004     --HOLE-- [fill = 0]
                  000069d8    0000000e     sysbios.aem4f : BIOS.obj (.text:ti_sysbios_knl_Idle_loop__E)
                  000069e6    00000002     --HOLE-- [fill = 0]
                  000069e8    0000000e                   : BIOS.obj (.text:ti_sysbios_knl_Queue_empty__E)
                  000069f6    0000000c     main_pem4f.oem4f (.text:.bootCodeSection:ti_sysbios_family_arm_msp432_init_Boot_init__I)
                  00006a02    0000000c     msp432p4xx_driverlib.lib : cpu.o (.text:CPU_cpsid)
                  00006a0e    0000000c                              : cpu.o (.text:CPU_cpsie)
                  00006a1a    00000002     --HOLE-- [fill = 0]
                  00006a1c    0000000c                              : dma.o (.text:DMA_setControlBase)
                  00006a28    0000000c                              : spi.o (.text:EUSCI_A_SPI_disable)
                  00006a34    0000000c                              : spi.o (.text:EUSCI_A_SPI_enable)
                  00006a40    0000000c                              : spi.o (.text:EUSCI_B_SPI_disable)
                  00006a4c    0000000c                              : spi.o (.text:EUSCI_B_SPI_enable)
                  00006a58    0000000c                              : pcm.o (.text:PCM_getPowerState)
                  00006a64    0000000c     drivers_MSP432P401R.aem4f : PowerMSP432.oem4f (.text:Power_getConstraintMask)
                  00006a70    0000000c                               : PowerMSP432.oem4f (.text:Power_getPerformanceLevel)
                  00006a7c    0000000c     main_pem4f.oem4f (.text:ti_sysbios_family_arm_m3_Hwi_Params__init__S)
                  00006a88    0000000c     sysbios.aem4f : BIOS.obj (.text:ti_sysbios_family_arm_m3_Hwi_disableFxn__E)
                  00006a94    00000004     --HOLE-- [fill = 0]
                  00006a98    0000000c                   : BIOS.obj (.text:ti_sysbios_family_arm_m3_TaskSupport_checkStack__E)
                  00006aa4    00000004     --HOLE-- [fill = 0]
                  00006aa8    0000000c                   : BIOS.obj (.text:ti_sysbios_family_arm_m3_TaskSupport_getStackAlignment__E)
                  00006ab4    00000004     --HOLE-- [fill = 0]
                  00006ab8    0000000c                   : BIOS.obj (.text:ti_sysbios_family_arm_msp432_Timer_getMaxTicks__E)
                  00006ac4    00000004     --HOLE-- [fill = 0]
                  00006ac8    0000000c                   : BIOS.obj (.text:ti_sysbios_gates_GateHwi_enter__E)
                  00006ad4    0000000c     main_pem4f.oem4f (.text:ti_sysbios_knl_Queue_Object__get__S)
                  00006ae0    0000000c     main_pem4f.oem4f (.text:ti_sysbios_knl_Semaphore_Params__init__S)
                  00006aec    0000000c     main_pem4f.oem4f (.text:ti_sysbios_knl_Task_Params__init__S)
                  00006af8    0000000c     ti.targets.arm.rtsarm.aem4f : Error.oem4f (.text:xdc_runtime_Error_init__E)
                  00006b04    0000000c                                 : Gate.oem4f (.text:xdc_runtime_Gate_enterSystem__E)
                  00006b10    0000000c                                 : Memory.oem4f (.text:xdc_runtime_Memory_calloc__E)
                  00006b1c    0000000c                                 : Memory.oem4f (.text:xdc_runtime_Memory_getMaxDefaultTypeAlign__E)
                  00006b28    0000000c                                 : Startup.oem4f (.text:xdc_runtime_Startup_rtsDone__E)
                  00006b34    0000000a     drivers_MSP432P401R.aem4f : SPIMSP432DMA.oem4f (.text:SPIMSP432DMA_init)
                  00006b3e    0000000a                               : SPI.oem4f (.text:SPI_transfer)
                  00006b48    0000000a     tirtosport.aem4f : SemaphoreP_tirtos.oem4f (.text:SemaphoreP_post)
                  00006b52    0000000a     main_pem4f.oem4f (.text:xdc_runtime_IHeap_alloc)
                  00006b5c    0000000a     main_pem4f.oem4f (.text:xdc_runtime_IHeap_free)
                  00006b66    00000008     MSP_EXP432P401R.obj (.text:MSP_EXP432P401R_initGPIO)
                  00006b6e    00000008     MSP_EXP432P401R.obj (.text:MSP_EXP432P401R_initGeneral)
                  00006b76    00000008     msp432p4xx_driverlib.lib : pcm.o (.text:PCM_setPowerMode)
                  00006b7e    00000008                              : pcm.o (.text:PCM_setPowerState)
                  00006b86    00000008     tirtosport.aem4f : SemaphoreP_tirtos.oem4f (.text:SemaphoreP_Params_init)
                  00006b8e    00000008     drivers_MSP432P401R.aem4f : SPIMSP432DMA.oem4f (.text:blockingTransferCallback)
                  00006b96    00000002     --HOLE-- [fill = 0]
                  00006b98    00000008     sysbios.aem4f : BIOS.obj (.text:ti_sysbios_family_arm_m3_Hwi_doSwiRestore__I)
                  00006ba0    00000008                   : BIOS.obj (.text:ti_sysbios_family_arm_m3_Hwi_startup__E)
                  00006ba8    00000006     rtsv7M4_T_le_v4SPD16_eabi.lib : copy_decompress_rle.obj (.text:decompress:rle24)
                  00006bae    00000002     --HOLE-- [fill = 0]
                  00006bb0    00000006     sysbios.aem4f : BIOS.obj (.text:ti_sysbios_family_arm_m3_Hwi_doTaskRestore__I)
                  00006bb6    00000002     --HOLE-- [fill = 0]
                  00006bb8    00000006                   : BIOS.obj (.text:ti_sysbios_family_arm_m3_Hwi_restoreFxn__E)
                  00006bbe    00000002     --HOLE-- [fill = 0]
                  00006bc0    00000006                   : BIOS.obj (.text:ti_sysbios_gates_GateHwi_leave__E)
                  00006bc6    00000002     --HOLE-- [fill = 0]
                  00006bc8    00000006                   : BIOS.obj (.text:ti_sysbios_heaps_HeapMem_isBlocking__E)
                  00006bce    00000002     --HOLE-- [fill = 0]
                  00006bd0    00000006                   : BIOS.obj (.text:ti_sysbios_knl_Queue_Instance_init__E)
                  00006bd6    00000002     --HOLE-- [fill = 0]
                  00006bd8    00000006                   : BIOS.obj (.text:ti_sysbios_knl_Swi_startup__E)
                  00006bde    00000006     ti.targets.arm.rtsarm.aem4f : System.oem4f (.text:xdc_runtime_System_Module_startup__E)
                  00006be4    00000004     --HOLE-- [fill = 0]
                  00006be8    00000004     sysbios.aem4f : BIOS.obj (.text:ti_sysbios_gates_GateHwi_query__E)
                  00006bec    00000004     --HOLE-- [fill = 0]
                  00006bf0    00000004                   : BIOS.obj (.text:ti_sysbios_gates_GateMutex_query__E)
                  00006bf4    00000004     --HOLE-- [fill = 0]
                  00006bf8    00000004                   : BIOS.obj (.text:ti_sysbios_knl_Task_startup__E)
                  00006bfc    00000004     --HOLE-- [fill = 0]
                  00006c00    00000002                   : BIOS.obj (.text:ti_sysbios_BIOS_linkedWithIncorrectBootLibrary__E)
                  00006c02    00000006     --HOLE-- [fill = 0]
                  00006c08    00000002                   : BIOS.obj (.text:ti_sysbios_gates_GateHwi_Instance_init__E)
                  00006c0a    00000006     --HOLE-- [fill = 0]
                  00006c10    00000002                   : BIOS.obj (.text:ti_sysbios_knl_Clock_logTick__E)

.const     0    00006c14    00001e46     
                  00006c14    0000181b     main_pem4f.oem4f (.const:xdc_runtime_Text_charTab__A)
                  0000842f    00000001     main_pem4f.oem4f (.const:xdc_runtime_Error_policy__C)
                  00008430    000000b0     main_pem4f.oem4f (.const:xdc_runtime_Text_nodeTab__A)
                  000084e0    00000048     main_pem4f.oem4f (.const:.string)
                  00008528    0000003c     main_pem4f.oem4f (.const:ti_sysbios_knl_Task_Object__PARAMS__C)
                  00008564    00000030     MSP_EXP432P401R.obj (.const:spiMSP432DMAHWAttrs)
                  00008594    00000030     main_pem4f.oem4f (.const:ti_sysbios_family_arm_m3_Hwi_Object__PARAMS__C)
                  000085c4    00000028     drivers_MSP432P401R.aem4f : SPIMSP432DMA.oem4f (.const)
                  000085ec    00000028     main_pem4f.oem4f (.const:ti_sysbios_heaps_HeapMem_Module__FXNS__C)
                  00008614    00000024     MSP_EXP432P401R.obj (.const:SPI_config)
                  00008638    00000024     main_pem4f.oem4f (.const:ti_sysbios_gates_GateHwi_Module__FXNS__C)
                  0000865c    00000024     main_pem4f.oem4f (.const:ti_sysbios_gates_GateMutex_Module__FXNS__C)
                  00008680    00000024     main_pem4f.oem4f (.const:ti_sysbios_heaps_HeapMem_Object__PARAMS__C)
                  000086a4    00000024     main_pem4f.oem4f (.const:ti_sysbios_knl_Semaphore_Object__PARAMS__C)
                  000086c8    00000020     drivers_MSP432P401R.aem4f : SPI.oem4f (.const)
                  000086e8    00000020     main_pem4f.oem4f (.const:ti_sysbios_family_arm_m3_Hwi_Object__DESC__C)
                  00008708    00000020     main_pem4f.oem4f (.const:ti_sysbios_gates_GateHwi_Object__DESC__C)
                  00008728    00000020     main_pem4f.oem4f (.const:ti_sysbios_gates_GateMutex_Object__DESC__C)
                  00008748    00000020     main_pem4f.oem4f (.const:ti_sysbios_heaps_HeapMem_Object__DESC__C)
                  00008768    00000020     main_pem4f.oem4f (.const:ti_sysbios_knl_Queue_Object__DESC__C)
                  00008788    00000020     main_pem4f.oem4f (.const:ti_sysbios_knl_Semaphore_Object__DESC__C)
                  000087a8    00000020     main_pem4f.oem4f (.const:ti_sysbios_knl_Task_Object__DESC__C)
                  000087c8    00000020     main_pem4f.oem4f (.const:xdc_runtime_Startup_sfxnTab__A)
                  000087e8    00000018     main_pem4f.oem4f (.const:ti_sysbios_gates_GateHwi_Object__PARAMS__C)
                  00008800    00000018     main_pem4f.oem4f (.const:ti_sysbios_gates_GateMutex_Object__PARAMS__C)
                  00008818    00000018     main_pem4f.oem4f (.const:ti_sysbios_knl_Queue_Object__PARAMS__C)
                  00008830    00000014     MSP_EXP432P401R.obj (.const:GPIOMSP432_config)
                  00008844    00000010     MSP_EXP432P401R.obj (.const:PowerMSP432_config)
                  00008854    00000010     main_pem4f.oem4f (.const:xdc_runtime_Startup_sfxnRts__A)
                  00008864    0000000c     drivers_MSP432P401R.aem4f : GPIOMSP432.oem4f (.const:.string)
                  00008870    0000000c     MSP_EXP432P401R.obj (.const:udmaMSP432HWAttrs)
                  0000887c    0000000c     main_pem4f.oem4f (.const:xdc_runtime_Startup_firstFxns__A)
                  00008888    00000008     MSP_EXP432P401R.obj (.const:UDMAMSP432_config)
                  00008890    00000008     main_pem4f.oem4f (.const:ti_sysbios_family_arm_m3_Hwi_excHookFuncs__A)
                  00008898    00000008     main_pem4f.oem4f (.const:ti_sysbios_knl_Idle_funcList__A)
                  000088a0    00000008     main_pem4f.oem4f (.const:ti_sysbios_knl_Idle_funcList__C)
                  000088a8    00000008     main_pem4f.oem4f (.const:xdc_runtime_Startup_firstFxns__C)
                  000088b0    00000008     main_pem4f.oem4f (.const:xdc_runtime_Startup_lastFxns__C)
                  000088b8    00000004     main_pem4f.oem4f (.const:ti_sysbios_family_arm_m3_Hwi_E_NMI__C)
                  000088bc    00000004     main_pem4f.oem4f (.const:ti_sysbios_family_arm_m3_Hwi_E_alreadyDefined__C)
                  000088c0    00000004     main_pem4f.oem4f (.const:ti_sysbios_family_arm_m3_Hwi_E_busFault__C)
                  000088c4    00000004     main_pem4f.oem4f (.const:ti_sysbios_family_arm_m3_Hwi_E_debugMon__C)
                  000088c8    00000004     main_pem4f.oem4f (.const:ti_sysbios_family_arm_m3_Hwi_E_hardFault__C)
                  000088cc    00000004     main_pem4f.oem4f (.const:ti_sysbios_family_arm_m3_Hwi_E_memFault__C)
                  000088d0    00000004     main_pem4f.oem4f (.const:ti_sysbios_family_arm_m3_Hwi_E_noIsr__C)
                  000088d4    00000004     main_pem4f.oem4f (.const:ti_sysbios_family_arm_m3_Hwi_E_reserved__C)
                  000088d8    00000004     main_pem4f.oem4f (.const:ti_sysbios_family_arm_m3_Hwi_E_svCall__C)
                  000088dc    00000004     main_pem4f.oem4f (.const:ti_sysbios_family_arm_m3_Hwi_E_usageFault__C)
                  000088e0    00000004     main_pem4f.oem4f (.const:ti_sysbios_family_arm_m3_Hwi_NUM_INTERRUPTS__C)
                  000088e4    00000004     main_pem4f.oem4f (.const:ti_sysbios_family_arm_m3_Hwi_Object__count__C)
                  000088e8    00000004     main_pem4f.oem4f (.const:ti_sysbios_family_arm_m3_Hwi_ccr__C)
                  000088ec    00000004     main_pem4f.oem4f (.const:ti_sysbios_family_arm_m3_Hwi_excHandlerFunc__C)
                  000088f0    00000004     main_pem4f.oem4f (.const:ti_sysbios_family_arm_m3_Hwi_excHookFuncs__C)
                  000088f4    00000004     main_pem4f.oem4f (.const:ti_sysbios_family_arm_m3_Hwi_nullIsrFunc__C)
                  000088f8    00000004     main_pem4f.oem4f (.const:ti_sysbios_family_arm_m3_Hwi_priGroup__C)
                  000088fc    00000004     main_pem4f.oem4f (.const:ti_sysbios_family_arm_m3_TaskSupport_stackAlignment__C)
                  00008900    00000004     main_pem4f.oem4f (.const:ti_sysbios_family_arm_msp432_Timer_numTimerDevices__C)
                  00008904    00000004     main_pem4f.oem4f (.const:ti_sysbios_family_arm_msp432_Timer_startupNeeded__C)
                  00008908    00000004     main_pem4f.oem4f (.const:ti_sysbios_gates_GateMutex_A_badContext__C)
                  0000890c    00000004     main_pem4f.oem4f (.const:ti_sysbios_gates_GateMutex_Instance_State_sem__O)
                  00008910    00000004     main_pem4f.oem4f (.const:ti_sysbios_gates_GateMutex_Module__diagsEnabled__C)
                  00008914    00000004     main_pem4f.oem4f (.const:ti_sysbios_gates_GateMutex_Module__diagsIncluded__C)
                  00008918    00000004     main_pem4f.oem4f (.const:ti_sysbios_gates_GateMutex_Module__diagsMask__C)
                  0000891c    00000004     main_pem4f.oem4f (.const:ti_sysbios_hal_Hwi_E_stackOverflow__C)
                  00008920    00000004     main_pem4f.oem4f (.const:ti_sysbios_heaps_HeapMem_A_align__C)
                  00008924    00000004     main_pem4f.oem4f (.const:ti_sysbios_heaps_HeapMem_A_heapSize__C)
                  00008928    00000004     main_pem4f.oem4f (.const:ti_sysbios_heaps_HeapMem_A_invalidFree__C)
                  0000892c    00000004     main_pem4f.oem4f (.const:ti_sysbios_heaps_HeapMem_A_zeroBlock__C)
                  00008930    00000004     main_pem4f.oem4f (.const:ti_sysbios_heaps_HeapMem_E_memory__C)
                  00008934    00000004     main_pem4f.oem4f (.const:ti_sysbios_heaps_HeapMem_Module__diagsEnabled__C)
                  00008938    00000004     main_pem4f.oem4f (.const:ti_sysbios_heaps_HeapMem_Module__diagsIncluded__C)
                  0000893c    00000004     main_pem4f.oem4f (.const:ti_sysbios_heaps_HeapMem_Module__diagsMask__C)
                  00008940    00000004     main_pem4f.oem4f (.const:ti_sysbios_heaps_HeapMem_Module__gateObj__C)
                  00008944    00000004     main_pem4f.oem4f (.const:ti_sysbios_heaps_HeapMem_Object__count__C)
                  00008948    00000004     main_pem4f.oem4f (.const:ti_sysbios_heaps_HeapMem_reqAlign__C)
                  0000894c    00000004     main_pem4f.oem4f (.const:ti_sysbios_knl_Clock_Module_State_clockQ__O)
                  00008950    00000004     main_pem4f.oem4f (.const:ti_sysbios_knl_Semaphore_A_badContext__C)
                  00008954    00000004     main_pem4f.oem4f (.const:ti_sysbios_knl_Semaphore_A_noEvents__C)
                  00008958    00000004     main_pem4f.oem4f (.const:ti_sysbios_knl_Semaphore_A_overflow__C)
                  0000895c    00000004     main_pem4f.oem4f (.const:ti_sysbios_knl_Semaphore_A_pendTaskDisabled__C)
                  00008960    00000004     main_pem4f.oem4f (.const:ti_sysbios_knl_Semaphore_Instance_State_pendQ__O)
                  00008964    00000004     main_pem4f.oem4f (.const:ti_sysbios_knl_Semaphore_Module__diagsEnabled__C)
                  00008968    00000004     main_pem4f.oem4f (.const:ti_sysbios_knl_Semaphore_Module__diagsIncluded__C)
                  0000896c    00000004     main_pem4f.oem4f (.const:ti_sysbios_knl_Semaphore_Module__diagsMask__C)
                  00008970    00000004     main_pem4f.oem4f (.const:ti_sysbios_knl_Swi_Object__count__C)
                  00008974    00000004     main_pem4f.oem4f (.const:ti_sysbios_knl_Task_A_badPriority__C)
                  00008978    00000004     main_pem4f.oem4f (.const:ti_sysbios_knl_Task_A_badTaskState__C)
                  0000897c    00000004     main_pem4f.oem4f (.const:ti_sysbios_knl_Task_A_badThreadType__C)
                  00008980    00000004     main_pem4f.oem4f (.const:ti_sysbios_knl_Task_A_noPendElem__C)
                  00008984    00000004     main_pem4f.oem4f (.const:ti_sysbios_knl_Task_E_spOutOfBounds__C)
                  00008988    00000004     main_pem4f.oem4f (.const:ti_sysbios_knl_Task_E_stackOverflow__C)
                  0000898c    00000004     main_pem4f.oem4f (.const:ti_sysbios_knl_Task_Module_State_inactiveQ__O)
                  00008990    00000004     main_pem4f.oem4f (.const:ti_sysbios_knl_Task_Module__diagsEnabled__C)
                  00008994    00000004     main_pem4f.oem4f (.const:ti_sysbios_knl_Task_Module__diagsIncluded__C)
                  00008998    00000004     main_pem4f.oem4f (.const:ti_sysbios_knl_Task_Module__diagsMask__C)
                  0000899c    00000004     main_pem4f.oem4f (.const:ti_sysbios_knl_Task_Object__count__C)
                  000089a0    00000004     main_pem4f.oem4f (.const:ti_sysbios_knl_Task_allBlockedFunc__C)
                  000089a4    00000004     main_pem4f.oem4f (.const:ti_sysbios_knl_Task_defaultStackHeap__C)
                  000089a8    00000004     main_pem4f.oem4f (.const:ti_sysbios_knl_Task_defaultStackSize__C)
                  000089ac    00000004     main_pem4f.oem4f (.const:ti_sysbios_knl_Task_numConstructedTasks__C)
                  000089b0    00000004     main_pem4f.oem4f (.const:xdc_runtime_Assert_E_assertFailed__C)
                  000089b4    00000004     main_pem4f.oem4f (.const:xdc_runtime_Core_A_initializedParams__C)
                  000089b8    00000004     main_pem4f.oem4f (.const:xdc_runtime_Core_Module__diagsEnabled__C)
                  000089bc    00000004     main_pem4f.oem4f (.const:xdc_runtime_Core_Module__diagsIncluded__C)
                  000089c0    00000004     main_pem4f.oem4f (.const:xdc_runtime_Core_Module__diagsMask__C)
                  000089c4    00000004     main_pem4f.oem4f (.const:xdc_runtime_Error_E_memory__C)
                  000089c8    00000004     main_pem4f.oem4f (.const:xdc_runtime_Error_Module__diagsEnabled__C)
                  000089cc    00000004     main_pem4f.oem4f (.const:xdc_runtime_Error_Module__diagsIncluded__C)
                  000089d0    00000004     main_pem4f.oem4f (.const:xdc_runtime_Error_Module__diagsMask__C)
                  000089d4    00000004     main_pem4f.oem4f (.const:xdc_runtime_Error_Module__loggerFxn8__C)
                  000089d8    00000004     main_pem4f.oem4f (.const:xdc_runtime_Error_Module__loggerObj__C)
                  000089dc    00000004     main_pem4f.oem4f (.const:xdc_runtime_Error_policyFxn__C)
                  000089e0    00000004     main_pem4f.oem4f (.const:xdc_runtime_Error_raiseHook__C)
                  000089e4    00000004     main_pem4f.oem4f (.const:xdc_runtime_IGateProvider_Interface__BASE__C)
                  000089e8    00000004     main_pem4f.oem4f (.const:xdc_runtime_IHeap_Interface__BASE__C)
                  000089ec    00000004     main_pem4f.oem4f (.const:xdc_runtime_IModule_Interface__BASE__C)
                  000089f0    00000004     main_pem4f.oem4f (.const:xdc_runtime_Log_L_error__C)
                  000089f4    00000004     main_pem4f.oem4f (.const:xdc_runtime_Memory_defaultHeapInstance__C)
                  000089f8    00000004     main_pem4f.oem4f (.const:xdc_runtime_Startup_execImpl__C)
                  000089fc    00000004     main_pem4f.oem4f (.const:xdc_runtime_Startup_maxPasses__C)
                  00008a00    00000004     main_pem4f.oem4f (.const:xdc_runtime_Startup_sfxnRts__C)
                  00008a04    00000004     main_pem4f.oem4f (.const:xdc_runtime_Startup_sfxnTab__C)
                  00008a08    00000004     main_pem4f.oem4f (.const:xdc_runtime_SysMin_bufSize__C)
                  00008a0c    00000004     main_pem4f.oem4f (.const:xdc_runtime_SysMin_outputFunc__C)
                  00008a10    00000004     main_pem4f.oem4f (.const:xdc_runtime_System_Module__gateObj__C)
                  00008a14    00000004     main_pem4f.oem4f (.const:xdc_runtime_System_abortFxn__C)
                  00008a18    00000004     main_pem4f.oem4f (.const:xdc_runtime_System_exitFxn__C)
                  00008a1c    00000004     main_pem4f.oem4f (.const:xdc_runtime_System_extendFxn__C)
                  00008a20    00000004     main_pem4f.oem4f (.const:xdc_runtime_System_maxAtexitHandlers__C)
                  00008a24    00000004     main_pem4f.oem4f (.const:xdc_runtime_Text_charTab__C)
                  00008a28    00000004     main_pem4f.oem4f (.const:xdc_runtime_Text_nameEmpty__C)
                  00008a2c    00000004     main_pem4f.oem4f (.const:xdc_runtime_Text_nameStatic__C)
                  00008a30    00000004     main_pem4f.oem4f (.const:xdc_runtime_Text_nameUnknown__C)
                  00008a34    00000004     main_pem4f.oem4f (.const:xdc_runtime_Text_nodeTab__C)
                  00008a38    00000004     main_pem4f.oem4f (.const:xdc_runtime_Text_visitRopeFxn__C)
                  00008a3c    00000002     main_pem4f.oem4f (.const:ti_sysbios_family_arm_m3_Hwi_Module__id__C)
                  00008a3e    00000002     main_pem4f.oem4f (.const:ti_sysbios_gates_GateMutex_Module__id__C)
                  00008a40    00000002     main_pem4f.oem4f (.const:ti_sysbios_hal_Hwi_Module__id__C)
                  00008a42    00000002     main_pem4f.oem4f (.const:ti_sysbios_heaps_HeapMem_Module__id__C)
                  00008a44    00000002     main_pem4f.oem4f (.const:ti_sysbios_knl_Semaphore_Module__id__C)
                  00008a46    00000002     main_pem4f.oem4f (.const:ti_sysbios_knl_Task_Module__id__C)
                  00008a48    00000002     main_pem4f.oem4f (.const:xdc_runtime_Core_Module__id__C)
                  00008a4a    00000002     main_pem4f.oem4f (.const:xdc_runtime_Error_Module__loggerDefined__C)
                  00008a4c    00000002     main_pem4f.oem4f (.const:xdc_runtime_Error_maxDepth__C)
                  00008a4e    00000002     main_pem4f.oem4f (.const:xdc_runtime_Memory_Module__id__C)
                  00008a50    00000002     main_pem4f.oem4f (.const:xdc_runtime_SysMin_flushAtExit__C)
                  00008a52    00000002     main_pem4f.oem4f (.const:xdc_runtime_Text_charCnt__C)
                  00008a54    00000002     main_pem4f.oem4f (.const:xdc_runtime_Text_isLoaded__C)
                  00008a56    00000002     main_pem4f.oem4f (.const:xdc_runtime_Text_registryModsLastId__C)
                  00008a58    00000002     main_pem4f.oem4f (.const:xdc_runtime_Text_unnamedModsLastId__C)

.cinit     0    00008a60    000003e4     
                  00008a60    000003a3     (.cinit..data.load) [load image, compression = rle]
                  00008e03    00000005     --HOLE-- [fill = 0]
                  00008e08    0000000b     (.cinit..bss.load) [load image, compression = rle]
                  00008e13    00000005     --HOLE-- [fill = 0]
                  00008e18    0000000b     (.cinit..vecs.load) [load image, compression = rle]
                  00008e23    00000001     --HOLE-- [fill = 0]
                  00008e24    00000008     (__TI_handler_table)
                  00008e2c    00000018     (__TI_cinit_table)

.resetVecs 
*          0    00000000    0000003c     
                  00000000    0000003c     main_pem4f.oem4f (.resetVecs)

.vecs      0    20000000    00000140     UNINITIALIZED
                  20000000    00000140     main_pem4f.oem4f (.vecs)

.bss       0    20000200    00000d00     UNINITIALIZED
                  20000200    00000400     (.common:ti_sysbios_heaps_HeapMem_Instance_State_0_buf__A)
                  20000600    00000200     main_pem4f.oem4f (.bss:taskStackSection)
                  20000800    00000200     (.common:task0Stack)
                  20000a00    00000140     (.common:ti_sysbios_family_arm_m3_Hwi_dispatchTable)
                  20000b40    00000120     rtsv7M4_T_le_v4SPD16_eabi.lib : trgmsg.obj (.bss:_CIOBUF_)
                  20000c60    00000080     (.common:xdc_runtime_SysMin_Module_State_0_outbuf__A)
                  20000ce0    00000020     (.common:G_CTRL_REG)
                  20000d00    00000080     MSP_EXP432P401R.obj (.bss:dmaControlTable)
                  20000d80    00000070     (.common:spiMSP432DMAObjects)
                  20000df0    00000050     (.common:task0Struct)
                  20000e40    00000030     drivers_MSP432P401R.aem4f : GPIOMSP432.oem4f (.bss:gpioCallbackInfo)
                  20000e70    00000024     (.common:G_STATUS_REG)
                  20000e94    0000001c     (.common:G_DRIVE_REG)
                  20000eb0    00000010     (.common:G_STALL_REG)
                  20000ec0    0000000c     (.common:G_BLANK_REG)
                  20000ecc    0000000c     (.common:G_DECAY_REG)
                  20000ed8    0000000c     (.common:G_OFF_REG)
                  20000ee4    0000000c     (.common:G_TORQUE_REG)
                  20000ef0    00000008     rtsv7M4_T_le_v4SPD16_eabi.lib : trgdrv.obj (.bss:parmbuf)
                  20000ef8    00000008     (.common:udmaMSP432Object)

.data      0    20000f00    0000050d     UNINITIALIZED
                  20000f00    0000009c     drivers_MSP432P401R.aem4f : PowerMSP432.oem4f (.data:PowerMSP432_perfLevels)
                  20000f9c    00000080     main_pem4f.oem4f (.data:ti_sysbios_knl_Swi_Module_State_0_readyQ__A)
                  2000101c    00000080     main_pem4f.oem4f (.data:ti_sysbios_knl_Task_Module_State_0_readyQ__A)
                  2000109c    0000004c     main_pem4f.oem4f (.data:ti_sysbios_family_arm_msp432_Timer_Object__table__V)
                  200010e8    0000004c     main_pem4f.oem4f (.data:ti_sysbios_knl_Task_Object__table__V)
                  20001134    00000044     main_pem4f.oem4f (.data:ti_sysbios_knl_Task_Module__state__V)
                  20001178    00000038     main_pem4f.oem4f (.data:ti_sysbios_gates_GateMutex_Object__table__V)
                  200011b0    00000034     main_pem4f.oem4f (.data:ti_sysbios_family_arm_m3_Hwi_Module__state__V)
                  200011e4    00000030     msp432p4xx_driverlib.lib : gpio.o (.data:GPIO_PORT_TO_BASE)
                  20001214    00000030     main_pem4f.oem4f (.data:ti_sysbios_knl_Swi_Object__table__V)
                  20001244    0000002c     main_pem4f.oem4f (.data:ti_sysbios_knl_Clock_Module__state__V)
                  20001270    00000028     drivers_MSP432P401R.aem4f : PowerMSP432.oem4f (.data:PowerMSP432_module)
                  20001298    00000024     main_pem4f.oem4f (.data:ti_sysbios_BIOS_Module__state__V)
                  200012bc    00000020     main_pem4f.oem4f (.data:ti_sysbios_family_arm_msp432_Timer_Module_State_0_device__A)
                  200012dc    0000001c     main_pem4f.oem4f (.data:ti_sysbios_knl_Swi_Module__state__V)
                  200012f8    00000018     main_pem4f.oem4f (.data:ti_sysbios_family_arm_m3_Hwi_Object__table__V)
                  20001310    00000018     main_pem4f.oem4f (.data:ti_sysbios_heaps_HeapMem_Object__table__V)
                  20001328    00000014     MSP_EXP432P401R.obj (.data:gpioPinConfigs)
                  2000133c    00000010     main_pem4f.oem4f (.data:ti_sysbios_family_arm_msp432_Timer_Module_State_0_handles__A)
                  2000134c    0000000c     rtsv7M4_T_le_v4SPD16_eabi.lib : exit.obj (.data:$O1$$)
                  20001358    0000000c     main_pem4f.oem4f (.data:ti_sysbios_family_arm_msp432_ClockFreqs_Module__state__V)
                  20001364    0000000c     main_pem4f.oem4f (.data:ti_sysbios_family_arm_msp432_Timer_Module__state__V)
                  20001370    0000000c     main_pem4f.oem4f (.data:xdc_runtime_SysMin_Module__state__V)
                  2000137c    00000008     rtsv7M4_T_le_v4SPD16_eabi.lib : _lock.obj (.data:$O1$$)
                  20001384    00000008     drivers_MSP432P401R.aem4f : UDMAMSP432.oem4f (.data)
                  2000138c    00000008     MSP_EXP432P401R.obj (.data:gpioCallbackFunctions)
                  20001394    00000008     main_pem4f.oem4f (.data:ti_sysbios_family_arm_m3_Hwi_Module__root__V)
                  2000139c    00000008     main_pem4f.oem4f (.data:ti_sysbios_gates_GateHwi_Module__root__V)
                  200013a4    00000008     main_pem4f.oem4f (.data:ti_sysbios_gates_GateMutex_Module__root__V)
                  200013ac    00000008     main_pem4f.oem4f (.data:ti_sysbios_heaps_HeapMem_Module__root__V)
                  200013b4    00000008     main_pem4f.oem4f (.data:ti_sysbios_knl_Queue_Module__root__V)
                  200013bc    00000008     main_pem4f.oem4f (.data:ti_sysbios_knl_Semaphore_Module__root__V)
                  200013c4    00000008     main_pem4f.oem4f (.data:ti_sysbios_knl_Task_Module__root__V)
                  200013cc    00000008     main_pem4f.oem4f (.data:xdc_runtime_Registry_Module__state__V)
                  200013d4    00000008     main_pem4f.oem4f (.data:xdc_runtime_Startup_Module__state__V)
                  200013dc    00000008     main_pem4f.oem4f (.data:xdc_runtime_System_Module_State_0_atexitHandlers__A)
                  200013e4    00000008     main_pem4f.oem4f (.data:xdc_runtime_System_Module__state__V)
                  200013ec    00000004     drivers_MSP432P401R.aem4f : SPI.oem4f (.data)
                  200013f0    00000004     rtsv7M4_T_le_v4SPD16_eabi.lib : stkdepth_vars.obj (.data)
                  200013f4    00000004     main_pem4f.oem4f (.data:ti_sysbios_family_arm_m3_Hwi_Module_State_0_excContext__A)
                  200013f8    00000004     main_pem4f.oem4f (.data:ti_sysbios_family_arm_m3_Hwi_Module_State_0_excStack__A)
                  200013fc    00000004     main_pem4f.oem4f (.data:ti_sysbios_gates_GateHwi_Object__table__V)
                  20001400    00000004     main_pem4f.oem4f (.data:ti_sysbios_knl_Task_Module_State_0_idleTask__A)
                  20001404    00000004     main_pem4f.oem4f (.data:xdc_runtime_Memory_Module__state__V)
                  20001408    00000002     main_pem4f.oem4f (.data:ti_sysbios_family_arm_m3_Hwi_Module_State_0_excActive__A)
                  2000140a    00000002     main_pem4f.oem4f (.data:xdc_runtime_Error_Module__state__V)
                  2000140c    00000001     drivers_MSP432P401R.aem4f : GPIOMSP432.oem4f (.data)

.stack     0    2000fd00    00000300     UNINITIALIZED
                  2000fd00    00000300     --HOLE--

.bootVecs 
*          0    00000000    00000008     DSECT
                  00000000    00000008     boot.aem4f : boot.oem4f (.bootVecs)

xdc.meta   0    00000000    000000e8     COPY SECTION
                  00000000    000000e8     main_pem4f.oem4f (xdc.meta)

.binit     0    00000000    00000000     

MODULE SUMMARY

       Module                     code    ro data   rw data
       ------                     ----    -------   -------
    .\
       main.obj                   1331    0         752    
       MSP_EXP432P401R.obj        120     140       276    
    +--+--------------------------+-------+---------+---------+
       Total:                     1451    140       1028   
                                                           
    C:\Users\jalex_000\workspace_v6_2\DRV8711-RTOS\Debug\configPkg\package\cfg\
       main_pem4f.oem4f           1696    7586      3288   
    +--+--------------------------+-------+---------+---------+
       Total:                     1696    7586      3288   
                                                           
    C:/ti/tirex-content/tirtos_msp43x_2_20_00_06/products/msp432_driverlib_3_21_00_05/driverlib/MSP432P4xx/ccs/msp432p4xx_driverlib.lib
       pcm.o                      1214    0         0      
       dma.o                      600     0         0      
       gpio.o                     384     0         48     
       spi.o                      402     0         0      
       cs.o                       260     0         0      
       flash.o                    156     0         0      
       rtc_c.o                    72      0         0      
       wdt_a.o                    44      0         0      
       cpu.o                      28      0         0      
    +--+--------------------------+-------+---------+---------+
       Total:                     3160    0         48     
                                                           
    C:/ti/tirex-content/tirtos_msp43x_2_20_00_06/products/tidrivers_msp43x_2_20_00_08/packages/ti/drivers/lib/drivers_MSP432P401R.aem4f
       PowerMSP432.oem4f          1212    0         196    
       SPIMSP432DMA.oem4f         962     40        0      
       GPIOMSP432.oem4f           660     12        49     
       UDMAMSP432.oem4f           172     0         8      
       SPI.oem4f                  114     32        4      
       List.oem4f                 72      0         0      
    +--+--------------------------+-------+---------+---------+
       Total:                     3192    84        257    
                                                           
    C:/ti/tirex-content/tirtos_msp43x_2_20_00_06/products/tidrivers_msp43x_2_20_00_08/packages/ti/drivers/lib/power_tirtos_MSP432P401R.aem4f
       PowerMSP432_tirtos.oem4f   106     0         0      
    +--+--------------------------+-------+---------+---------+
       Total:                     106     0         0      
                                                           
    C:/ti/tirex-content/tirtos_msp43x_2_20_00_06/products/tidrivers_msp43x_2_20_00_08/packages/ti/drivers/ports/lib/tirtosport.aem4f
       SemaphoreP_tirtos.oem4f    146     0         0      
       HwiP_tirtos.oem4f          138     0         0      
    +--+--------------------------+-------+---------+---------+
       Total:                     284     0         0      
                                                           
    C:\Users\jalex_000\workspace_v6_2\DRV8711-RTOS\src\sysbios\sysbios.aem4f
       BIOS.obj                   11030   0         0      
       m3_Hwi_asm.obj             306     0         0      
       m3_TaskSupport_asm.obj     180     0         0      
       m3_Hwi_asm_switch.obj      118     0         0      
    +--+--------------------------+-------+---------+---------+
       Total:                     11634   0         0      
                                                           
    C:\ti\ccsv6\tools\compiler\ti-cgt-arm_15.12.4.LTS\lib\rtsv7M4_T_le_v4SPD16_eabi.lib
       trgdrv.obj                 804     0         8      
       trgmsg.obj                 104     0         288    
       memcpy_t2.obj              156     0         0      
       memset_t2.obj              122     0         0      
       copy_decompress_rle.obj    112     0         0      
       exit.obj                   84      0         12     
       cpy_tbl.obj                76      0         0      
       u_divt2.obj                64      0         0      
       _lock.obj                  20      0         8      
       args_main.obj              24      0         0      
       strcpy.obj                 20      0         0      
       strlen.obj                 20      0         0      
       copy_decompress_none.obj   14      0         0      
       stkdepth_vars.obj          0       0         4      
       i_div0.obj                 2       0         0      
    +--+--------------------------+-------+---------+---------+
       Total:                     1622    0         320    
                                                           
    C:\ti\tirex-content\tirtos_msp43x_2_20_00_06\products\bios_6_46_00_23\packages\ti\targets\arm\rtsarm\lib\auto_init.aem4f
       auto_init.oem4f            160     0         0      
    +--+--------------------------+-------+---------+---------+
       Total:                     160     0         0      
                                                           
    C:\ti\tirex-content\tirtos_msp43x_2_20_00_06\products\bios_6_46_00_23\packages\ti\targets\arm\rtsarm\lib\boot.aem4f
       boot.oem4f                 88      0         0      
    +--+--------------------------+-------+---------+---------+
       Total:                     88      0         0      
                                                           
    C:\ti\tirex-content\tirtos_msp43x_2_20_00_06\products\bios_6_46_00_23\packages\ti\targets\arm\rtsarm\lib\ti.targets.arm.rtsarm.aem4f
       System.oem4f               1255    0         0      
       Text.oem4f                 672     0         0      
       Error.oem4f                524     0         0      
       Core-mem.oem4f             358     0         0      
       Startup.oem4f              340     0         0      
       SysMin.oem4f               248     0         0      
       Core-smem.oem4f            204     0         0      
       Memory.oem4f               176     0         0      
       Assert.oem4f               84      0         0      
       Core-params.oem4f          70      0         0      
       Core-label.oem4f           52      0         0      
       Registry.oem4f             32      0         0      
       Gate.oem4f                 28      0         0      
    +--+--------------------------+-------+---------+---------+
       Total:                     4043    0         0      
                                                           
       Stack:                     0       0         768    
       Linker Generated:          0       985       0      
    +--+--------------------------+-------+---------+---------+
       Grand Total:               27436   8795      5709   


LINKER GENERATED COPY TABLES

__TI_cinit_table @ 00008e2c records: 3, size/record: 8, table size: 24
	.data: load addr=00008a60, load size=000003a3 bytes, run addr=20000f00, run size=0000050d bytes, compression=rle
	.bss: load addr=00008e08, load size=0000000b bytes, run addr=20000200, run size=00000d00 bytes, compression=rle
	.vecs: load addr=00008e18, load size=0000000b bytes, run addr=20000000, run size=00000140 bytes, compression=rle


LINKER GENERATED HANDLER TABLE

__TI_handler_table @ 00008e24 records: 2, size/record: 4, table size: 8
	index: 0, handler: __TI_decompress_rle24
	index: 1, handler: __TI_decompress_none


GLOBAL SYMBOLS: SORTED ALPHABETICALLY BY Name 

address   name                                                        
-------   ----                                                        
00004afd  C$$EXIT                                                     
0000443f  C$$IO$$                                                     
00006a03  CPU_cpsid                                                   
00006a0f  CPU_cpsie                                                   
0000124d  CPU_wfi                                                     
00003041  CS_initClockSignal                                          
00005f25  CS_setDCOCenteredFrequency                                  
000031fd  DMA_assignChannel                                           
000050a9  DMA_assignInterrupt                                         
00006591  DMA_clearInterruptFlag                                      
000065a9  DMA_enableChannel                                           
000054f1  DMA_enableInterrupt                                         
00006895  DMA_enableModule                                            
000065c1  DMA_isChannelEnabled                                        
00005f49  DMA_setChannelControl                                       
00003f95  DMA_setChannelTransfer                                      
00006a1d  DMA_setControlBase                                          
00006a29  EUSCI_A_SPI_disable                                         
00006a35  EUSCI_A_SPI_enable                                          
000014a5  EUSCI_A_SPI_getReceiveBufferAddressForDMA                   
0000191d  EUSCI_A_SPI_getTransmitBufferAddressForDMA                  
00006a41  EUSCI_B_SPI_disable                                         
00006a4d  EUSCI_B_SPI_enable                                          
00001cfd  EUSCI_B_SPI_getReceiveBufferAddressForDMA                   
000021e5  EUSCI_B_SPI_getTransmitBufferAddressForDMA                  
000053b1  FlashCtl_disableReadBuffering                               
00005779  FlashCtl_enableReadBuffering                                
00005e39  FlashCtl_setWaitState                                       
00008830  GPIOMSP432_config                                           
000065d9  GPIO_clearInterruptFlag                                     
00005925  GPIO_getEnabledInterruptStatus                              
000068a5  GPIO_getInterruptStatus                                     
00004a55  GPIO_hwiIntFxn                                              
00004609  GPIO_init                                                   
00006125  GPIO_interruptEdgeSelect                                    
00005c29  GPIO_setAsInputPin                                          
00005955  GPIO_setAsInputPinWithPullDownResistor                      
00005985  GPIO_setAsInputPinWithPullUpResistor                        
00005f6d  GPIO_setAsOutputPin                                         
[...]
00006a7d  ti_sysbios_hal_Hwi_HwiProxy_Params__init__S                 
00006a89  ti_sysbios_family_arm_m3_Hwi_disableFxn__E                  
00006a89  ti_sysbios_hal_Hwi_HwiProxy_disable__E                      
00006a99  ti_sysbios_family_arm_m3_TaskSupport_checkStack__E          
00006a99  ti_sysbios_knl_Task_SupportProxy_checkStack__E              
00006aa9  ti_sysbios_family_arm_m3_TaskSupport_getStackAlignment__E   
00006aa9  ti_sysbios_knl_Task_SupportProxy_getStackAlignment__E       
00006ab9  ti_sysbios_family_arm_msp432_Timer_getMaxTicks__E           
00006ac9  ti_sysbios_gates_GateHwi_enter__E                           
00006ad5  ti_sysbios_knl_Queue_Object__get__S                         
00006ae1  ti_sysbios_knl_Semaphore_Params__init__S                    
00006aed  ti_sysbios_knl_Task_Params__init__S                         
00006af9  xdc_runtime_Error_init__E                                   
00006b05  xdc_runtime_Gate_enterSystem__E                             
00006b11  xdc_runtime_Memory_calloc__E                                
00006b1d  xdc_runtime_Memory_getMaxDefaultTypeAlign__E                
00006b29  xdc_runtime_Startup_rtsDone__E                              
00006b35  SPIMSP432DMA_init                                           
00006b3f  SPI_transfer                                                
00006b49  SemaphoreP_post                                             
00006b49  SemaphoreP_postFromClock                                    
00006b49  SemaphoreP_postFromISR                                      
00006b53  xdc_runtime_Memory_HeapProxy_alloc__E                       
00006b5d  xdc_runtime_Memory_HeapProxy_free__E                        
00006b67  MSP_EXP432P401R_initGPIO                                    
00006b6f  MSP_EXP432P401R_initGeneral                                 
00006b77  PCM_setPowerMode                                            
00006b7f  PCM_setPowerState                                           
00006b87  SemaphoreP_Params_init                                      
00006b99  ti_sysbios_family_arm_m3_Hwi_doSwiRestore__I                
00006ba1  ti_sysbios_family_arm_m3_Hwi_startup__E                     
00006ba1  ti_sysbios_hal_Hwi_HwiProxy_startup__E                      
00006ba9  __TI_decompress_rle24                                       
00006bb1  ti_sysbios_family_arm_m3_Hwi_doTaskRestore__I               
00006bb9  HwiP_restore                                                
00006bb9  ti_sysbios_family_arm_m3_Hwi_restoreFxn__E                  
00006bb9  ti_sysbios_hal_Hwi_HwiProxy_restore__E                      
00006bc1  ti_sysbios_gates_GateHwi_leave__E                           
00006bc9  ti_sysbios_heaps_HeapMem_isBlocking__E                      
00006bd1  ti_sysbios_knl_Queue_Instance_init__E                       
00006bd9  ti_sysbios_knl_Swi_startup__E                               
00006bdf  xdc_runtime_System_Module_startup__E                        
00006be9  ti_sysbios_gates_GateHwi_query__E                           
00006be9  xdc_runtime_Main_Module_GateProxy_query__E                  
00006be9  xdc_runtime_System_Module_GateProxy_query__E                
00006bf1  ti_sysbios_BIOS_RtsGateProxy_query__E                       
00006bf1  ti_sysbios_gates_GateMutex_query__E                         
00006bf1  ti_sysbios_heaps_HeapMem_Module_GateProxy_query__E          
00006bf9  ti_sysbios_knl_Task_startup__E                              
00006c01  ti_sysbios_BIOS_linkedWithIncorrectBootLibrary__E           
00006c09  ti_sysbios_gates_GateHwi_Instance_init__E                   
00006c11  ti_sysbios_knl_Clock_logTick__E                             
00006c14  xdc_runtime_Text_charTab__A                                 
0000842f  xdc_runtime_Error_policy__C                                 
00008430  xdc_runtime_Text_nodeTab__A                                 
00008528  ti_sysbios_knl_Task_Object__PARAMS__C                       
00008564  spiMSP432DMAHWAttrs                                         
00008594  ti_sysbios_family_arm_m3_Hwi_Object__PARAMS__C              
000085c4  SPIMSP432DMA_fxnTable                                       
000085ec  ti_sysbios_heaps_HeapMem_Module__FXNS__C                    
00008614  SPI_config                                                  
00008638  ti_sysbios_gates_GateHwi_Module__FXNS__C                    
0000865c  ti_sysbios_gates_GateMutex_Module__FXNS__C                  
00008680  ti_sysbios_heaps_HeapMem_Object__PARAMS__C                  
000086a4  ti_sysbios_knl_Semaphore_Object__PARAMS__C                  
000086c8  SPI_defaultParams                                           
000086e8  ti_sysbios_family_arm_m3_Hwi_Object__DESC__C                
00008708  ti_sysbios_gates_GateHwi_Object__DESC__C                    
00008728  ti_sysbios_gates_GateMutex_Object__DESC__C                  
00008748  ti_sysbios_heaps_HeapMem_Object__DESC__C                    
00008768  ti_sysbios_knl_Queue_Object__DESC__C                        
00008788  ti_sysbios_knl_Semaphore_Object__DESC__C                    
000087a8  ti_sysbios_knl_Task_Object__DESC__C                         
000087c8  xdc_runtime_Startup_sfxnTab__A                              
000087e8  ti_sysbios_gates_GateHwi_Object__PARAMS__C                  
00008800  ti_sysbios_gates_GateMutex_Object__PARAMS__C                
00008818  ti_sysbios_knl_Queue_Object__PARAMS__C                      
00008830  GPIOMSP432_config                                           
00008844  PowerMSP432_config                                          
00008854  xdc_runtime_Startup_sfxnRts__A                              
00008870  udmaMSP432HWAttrs                                           
0000887c  xdc_runtime_Startup_firstFxns__A                            
00008888  UDMAMSP432_config                                           
00008890  ti_sysbios_family_arm_m3_Hwi_excHookFuncs__A                
00008898  ti_sysbios_knl_Idle_funcList__A                             
000088a0  ti_sysbios_knl_Idle_funcList__C                             
000088a8  xdc_runtime_Startup_firstFxns__C                            
000088b0  xdc_runtime_Startup_lastFxns__C                             
000088b8  ti_sysbios_family_arm_m3_Hwi_E_NMI__C                       
000088bc  ti_sysbios_family_arm_m3_Hwi_E_alreadyDefined__C            
000088c0  ti_sysbios_family_arm_m3_Hwi_E_busFault__C                  
000088c4  ti_sysbios_family_arm_m3_Hwi_E_debugMon__C                  
000088c8  ti_sysbios_family_arm_m3_Hwi_E_hardFault__C                 
000088cc  ti_sysbios_family_arm_m3_Hwi_E_memFault__C                  
000088d0  ti_sysbios_family_arm_m3_Hwi_E_noIsr__C                     
000088d4  ti_sysbios_family_arm_m3_Hwi_E_reserved__C                  
000088d8  ti_sysbios_family_arm_m3_Hwi_E_svCall__C                    
000088dc  ti_sysbios_family_arm_m3_Hwi_E_usageFault__C                
000088e0  ti_sysbios_family_arm_m3_Hwi_NUM_INTERRUPTS__C              
000088e4  ti_sysbios_family_arm_m3_Hwi_Object__count__C               
000088e8  ti_sysbios_family_arm_m3_Hwi_ccr__C                         
000088ec  ti_sysbios_family_arm_m3_Hwi_excHandlerFunc__C              
000088f0  ti_sysbios_family_arm_m3_Hwi_excHookFuncs__C                
000088f4  ti_sysbios_family_arm_m3_Hwi_nullIsrFunc__C                 
000088f8  ti_sysbios_family_arm_m3_Hwi_priGroup__C                    
000088fc  ti_sysbios_family_arm_m3_TaskSupport_stackAlignment__C      
00008900  ti_sysbios_family_arm_msp432_Timer_numTimerDevices__C       
00008904  ti_sysbios_family_arm_msp432_Timer_startupNeeded__C         
00008908  ti_sysbios_gates_GateMutex_A_badContext__C                  
0000890c  ti_sysbios_gates_GateMutex_Instance_State_sem__O            
00008910  ti_sysbios_gates_GateMutex_Module__diagsEnabled__C          
00008914  ti_sysbios_gates_GateMutex_Module__diagsIncluded__C         
00008918  ti_sysbios_gates_GateMutex_Module__diagsMask__C             
0000891c  ti_sysbios_hal_Hwi_E_stackOverflow__C                       
00008920  ti_sysbios_heaps_HeapMem_A_align__C                         
00008924  ti_sysbios_heaps_HeapMem_A_heapSize__C                      
00008928  ti_sysbios_heaps_HeapMem_A_invalidFree__C                   
0000892c  ti_sysbios_heaps_HeapMem_A_zeroBlock__C                     
00008930  ti_sysbios_heaps_HeapMem_E_memory__C                        
00008934  ti_sysbios_heaps_HeapMem_Module__diagsEnabled__C            
00008938  ti_sysbios_heaps_HeapMem_Module__diagsIncluded__C           
0000893c  ti_sysbios_heaps_HeapMem_Module__diagsMask__C               
00008940  ti_sysbios_heaps_HeapMem_Module__gateObj__C                 
00008944  ti_sysbios_heaps_HeapMem_Object__count__C                   
00008948  ti_sysbios_heaps_HeapMem_reqAlign__C                        
0000894c  ti_sysbios_knl_Clock_Module_State_clockQ__O                 
00008950  ti_sysbios_knl_Semaphore_A_badContext__C                    
00008954  ti_sysbios_knl_Semaphore_A_noEvents__C                      
00008958  ti_sysbios_knl_Semaphore_A_overflow__C                      
0000895c  ti_sysbios_knl_Semaphore_A_pendTaskDisabled__C              
00008960  ti_sysbios_knl_Semaphore_Instance_State_pendQ__O            
00008964  ti_sysbios_knl_Semaphore_Module__diagsEnabled__C            
00008968  ti_sysbios_knl_Semaphore_Module__diagsIncluded__C           
0000896c  ti_sysbios_knl_Semaphore_Module__diagsMask__C               
00008970  ti_sysbios_knl_Swi_Object__count__C                         
00008974  ti_sysbios_knl_Task_A_badPriority__C                        
00008978  ti_sysbios_knl_Task_A_badTaskState__C                       
0000897c  ti_sysbios_knl_Task_A_badThreadType__C                      
00008980  ti_sysbios_knl_Task_A_noPendElem__C                         
00008984  ti_sysbios_knl_Task_E_spOutOfBounds__C                      
00008988  ti_sysbios_knl_Task_E_stackOverflow__C                      
0000898c  ti_sysbios_knl_Task_Module_State_inactiveQ__O               
00008990  ti_sysbios_knl_Task_Module__diagsEnabled__C                 
00008994  ti_sysbios_knl_Task_Module__diagsIncluded__C                
00008998  ti_sysbios_knl_Task_Module__diagsMask__C                    
0000899c  ti_sysbios_knl_Task_Object__count__C                        
000089a0  ti_sysbios_knl_Task_allBlockedFunc__C                       
000089a4  ti_sysbios_knl_Task_defaultStackHeap__C                     
000089a8  ti_sysbios_knl_Task_defaultStackSize__C                     
000089ac  ti_sysbios_knl_Task_numConstructedTasks__C                  
000089b0  xdc_runtime_Assert_E_assertFailed__C                        
000089b4  xdc_runtime_Core_A_initializedParams__C                     
000089b8  xdc_runtime_Core_Module__diagsEnabled__C                    
000089bc  xdc_runtime_Core_Module__diagsIncluded__C                   
000089c0  xdc_runtime_Core_Module__diagsMask__C                       
000089c4  xdc_runtime_Error_E_memory__C                               
000089c8  xdc_runtime_Error_Module__diagsEnabled__C                   
000089cc  xdc_runtime_Error_Module__diagsIncluded__C                  
000089d0  xdc_runtime_Error_Module__diagsMask__C                      
000089d4  xdc_runtime_Error_Module__loggerFxn8__C                     
000089d8  xdc_runtime_Error_Module__loggerObj__C                      
000089dc  xdc_runtime_Error_policyFxn__C                              
000089e0  xdc_runtime_Error_raiseHook__C                              
000089e4  xdc_runtime_IGateProvider_Interface__BASE__C                
000089e8  xdc_runtime_IHeap_Interface__BASE__C                        
000089ec  xdc_runtime_IModule_Interface__BASE__C                      
000089f0  xdc_runtime_Log_L_error__C                                  
000089f4  xdc_runtime_Memory_defaultHeapInstance__C                   
000089f8  xdc_runtime_Startup_execImpl__C                             
000089fc  xdc_runtime_Startup_maxPasses__C                            
00008a00  xdc_runtime_Startup_sfxnRts__C                              
00008a04  xdc_runtime_Startup_sfxnTab__C                              
00008a08  xdc_runtime_SysMin_bufSize__C                               
00008a0c  xdc_runtime_SysMin_outputFunc__C                            
00008a10  xdc_runtime_System_Module__gateObj__C                       
00008a14  xdc_runtime_System_abortFxn__C                              
00008a18  xdc_runtime_System_exitFxn__C                               
00008a1c  xdc_runtime_System_extendFxn__C                             
00008a20  xdc_runtime_System_maxAtexitHandlers__C                     
00008a24  xdc_runtime_Text_charTab__C                                 
00008a28  xdc_runtime_Text_nameEmpty__C                               
00008a2c  xdc_runtime_Text_nameStatic__C                              
00008a30  xdc_runtime_Text_nameUnknown__C                             
00008a34  xdc_runtime_Text_nodeTab__C                                 
00008a38  xdc_runtime_Text_visitRopeFxn__C                            
00008a3c  ti_sysbios_family_arm_m3_Hwi_Module__id__C                  
00008a3e  ti_sysbios_gates_GateMutex_Module__id__C                    
00008a40  ti_sysbios_hal_Hwi_Module__id__C                            
00008a42  ti_sysbios_heaps_HeapMem_Module__id__C                      
00008a44  ti_sysbios_knl_Semaphore_Module__id__C                      
00008a46  ti_sysbios_knl_Task_Module__id__C                           
00008a48  xdc_runtime_Core_Module__id__C                              
00008a4a  xdc_runtime_Error_Module__loggerDefined__C                  
00008a4c  xdc_runtime_Error_maxDepth__C                               
00008a4e  xdc_runtime_Memory_Module__id__C                            
00008a50  xdc_runtime_SysMin_flushAtExit__C                           
00008a52  xdc_runtime_Text_charCnt__C                                 
00008a54  xdc_runtime_Text_isLoaded__C                                
00008a56  xdc_runtime_Text_registryModsLastId__C                      
00008a58  xdc_runtime_Text_unnamedModsLastId__C                       
00008a60  __TI_static_base__                                          
00008e24  __TI_Handler_Table_Base                                     
00008e2c  __TI_CINIT_Base                                             
00008e2c  __TI_Handler_Table_Limit                                    
00008e44  __TI_CINIT_Limit                                            
20000000  ti_sysbios_family_arm_m3_Hwi_ramVectors                     
20000200  ti_sysbios_heaps_HeapMem_Instance_State_0_buf__A            
20000600  ti_sysbios_knl_Task_Instance_State_0_stack__A               
20000800  task0Stack                                                  
20000a00  ti_sysbios_family_arm_m3_Hwi_dispatchTable                  
20000b40  __CIOBUF_                                                   
20000c60  xdc_runtime_SysMin_Module_State_0_outbuf__A                 
20000ce0  G_CTRL_REG                                                  
20000d80  spiMSP432DMAObjects                                         
20000df0  task0Struct                                                 
20000e70  G_STATUS_REG                                                
20000e94  G_DRIVE_REG                                                 
20000eb0  G_STALL_REG                                                 
20000ec0  G_BLANK_REG                                                 
20000ecc  G_DECAY_REG                                                 
20000ed8  G_OFF_REG                                                   
20000ee4  G_TORQUE_REG                                                
20000ef8  udmaMSP432Object                                            
20000f00  PowerMSP432_perfLevels                                      
20000f9c  ti_sysbios_knl_Swi_Module_State_0_readyQ__A                 
2000101c  ti_sysbios_knl_Task_Module_State_0_readyQ__A                
2000109c  ti_sysbios_family_arm_msp432_Timer_Object__table__V         
200010e8  ti_sysbios_knl_Task_Object__table__V                        
20001134  ti_sysbios_knl_Task_Module__state__V                        
20001178  ti_sysbios_gates_GateMutex_Object__table__V                 
200011b0  ti_sysbios_family_arm_m3_Hwi_Module__state__V               
20001214  ti_sysbios_knl_Swi_Object__table__V                         
20001244  ti_sysbios_knl_Clock_Module__state__V                       
20001270  PowerMSP432_module                                          
20001298  ti_sysbios_BIOS_Module__state__V                            
200012bc  ti_sysbios_family_arm_msp432_Timer_Module_State_0_device__A 
200012dc  ti_sysbios_knl_Swi_Module__state__V                         
200012f8  ti_sysbios_family_arm_m3_Hwi_Object__table__V               
20001310  ti_sysbios_heaps_HeapMem_Object__table__V                   
20001328  gpioPinConfigs                                              
2000133c  ti_sysbios_family_arm_msp432_Timer_Module_State_0_handles__A
2000134c  __TI_cleanup_ptr                                            
20001350  __TI_dtors_ptr                                              
20001354  __TI_enable_exit_profile_output                             
20001358  ti_sysbios_family_arm_msp432_ClockFreqs_Module__state__V    
20001364  ti_sysbios_family_arm_msp432_Timer_Module__state__V         
20001370  xdc_runtime_SysMin_Module__state__V                         
2000137c  _lock                                                       
20001380  _unlock                                                     
2000138c  gpioCallbackFunctions                                       
20001394  ti_sysbios_family_arm_m3_Hwi_Module__root__V                
2000139c  ti_sysbios_gates_GateHwi_Module__root__V                    
200013a4  ti_sysbios_gates_GateMutex_Module__root__V                  
200013ac  ti_sysbios_heaps_HeapMem_Module__root__V                    
200013b4  ti_sysbios_knl_Queue_Module__root__V                        
200013bc  ti_sysbios_knl_Semaphore_Module__root__V                    
200013c4  ti_sysbios_knl_Task_Module__root__V                         
200013cc  xdc_runtime_Registry_Module__state__V                       
200013d4  xdc_runtime_Startup_Module__state__V                        
200013dc  xdc_runtime_System_Module_State_0_atexitHandlers__A         
200013e4  xdc_runtime_System_Module__state__V                         
200013f0  main_func_sp                                                
200013f4  ti_sysbios_family_arm_m3_Hwi_Module_State_0_excContext__A   
200013f8  ti_sysbios_family_arm_m3_Hwi_Module_State_0_excStack__A     
200013fc  ti_sysbios_gates_GateHwi_Object__table__V                   
20001400  ti_sysbios_knl_Task_Module_State_0_idleTask__A              
20001404  xdc_runtime_Memory_Module__state__V                         
20001408  ti_sysbios_family_arm_m3_Hwi_Module_State_0_excActive__A    
2000140a  xdc_runtime_Error_Module__state__V                          
2000fd00  __stack                                                     
20010000  __STACK_END                                                 
4000480c  WDTCTL_SYM                                                  
e000e000  ti_sysbios_family_arm_m3_Hwi_nvic                           
ffffffff  __TI_pprof_out_hndl                                         
ffffffff  __TI_prof_data_size                                         
ffffffff  __TI_prof_data_start                                        
ffffffff  __binit__                                                   
ffffffff  __c_args__                                                  
ffffffff  binit                                                       
UNDEFED   SHT$$INIT_ARRAY$$Base                                       
UNDEFED   SHT$$INIT_ARRAY$$Limit                                      

[655 symbols]
